/Users/andrew/Documents/GitHub/1.04-Integration/MCXN947_TXST_Peripheral_Integration/CMSIS/core_cm33.h:2358:22:__NVIC_EnableIRQ	16	static
/Users/andrew/Documents/GitHub/1.04-Integration/MCXN947_TXST_Peripheral_Integration/CMSIS/core_cm33.h:2555:22:__NVIC_SetPriority	16	static
/Users/andrew/Documents/GitHub/1.04-Integration/MCXN947_TXST_Peripheral_Integration/drivers/fsl_common_arm.h:714:24:EnableIRQ	24	static
../source/txst_oled.c:24:10:LPI2C2_GetFreq	8	static
../source/txst_oled.c:218:13:lpi2c_master_callback	16	static
../source/txst_oled.c:226:13:i2c_wait_for_transfer	16	static
../source/txst_oled.c:244:13:ssd1306_write_command	24	static
../source/txst_oled.c:253:13:ssd1306_init_display	16	static
../source/txst_oled.c:267:13:ssd1306_clear_display	8	static
../source/txst_oled.c:273:13:ssd1306_draw_pixel_internal	24	static
../source/txst_oled.c:288:13:ssd1306_draw_char_internal	32	static
../source/txst_oled.c:311:13:ssd1306_draw_text_internal	16	static
../source/txst_oled.c:327:13:ssd1306_refresh_display	32	static
../source/txst_oled.c:417:6:oled_init	104	static
../source/txst_oled.c:462:6:oled_clear	8	static
../source/txst_oled.c:470:6:oled_draw_pixel	16	static
../source/txst_oled.c:478:6:oled_draw_char	16	static
../source/txst_oled.c:486:6:oled_draw_text	16	static
../source/txst_oled.c:494:6:oled_refresh	8	static
