../drivers/fsl_lpi2c.h:580:24:LPI2C_MasterGetStatusFlags	16	static
../drivers/fsl_edma.h:705:20:EDMA_SetChannelMux	24	static
../drivers/fsl_lpi2c_cmsis.c:118:27:LPI2Cx_GetVersion	16	static
../drivers/fsl_lpi2c_cmsis.c:124:29:LPI2Cx_GetCapabilities	4	static
../drivers/fsl_lpi2c_cmsis.c:144:13:KSDK_LPI2C_MASTER_EdmaCallback	32	static
../drivers/fsl_lpi2c_cmsis.c:163:16:LPI2C_Master_EdmaInitialize	32	static
../drivers/fsl_lpi2c_cmsis.c:199:16:LPI2C_Master_EdmaUninitialize	16	static
../drivers/fsl_lpi2c_cmsis.c:205:16:LPI2C_Master_EdmaTransmit	56	static
../drivers/fsl_lpi2c_cmsis.c:248:16:LPI2C_Master_EdmaReceive	56	static
../drivers/fsl_lpi2c_cmsis.c:288:16:LPI2C_Master_EdmaGetDataCount	24	static
../drivers/fsl_lpi2c_cmsis.c:297:16:LPI2C_Master_EdmaControl	40	static
../drivers/fsl_lpi2c_cmsis.c:366:16:LPI2C_Master_EdmaPowerControl	56	static
../drivers/fsl_lpi2c_cmsis.c:435:23:LPI2C_Master_EdmaGetStatus	24	static
../drivers/fsl_lpi2c_cmsis.c:1359:16:LPI2C2_Master_EdmaInitialize	16	static
../drivers/fsl_lpi2c_cmsis.c:1367:16:LPI2C2_Master_EdmaUninitialize	8	static
../drivers/fsl_lpi2c_cmsis.c:1375:16:LPI2C2_Master_EdmaPowerControl	16	static
../drivers/fsl_lpi2c_cmsis.c:1380:16:LPI2C2_Master_EdmaTransmit	32	static
../drivers/fsl_lpi2c_cmsis.c:1385:16:LPI2C2_Master_EdmaReceive	32	static
../drivers/fsl_lpi2c_cmsis.c:1390:16:LPI2C2_Master_EdmaGetDataCount	8	static
../drivers/fsl_lpi2c_cmsis.c:1395:16:LPI2C2_Master_EdmaControl	16	static
../drivers/fsl_lpi2c_cmsis.c:1400:23:LPI2C2_Master_EdmaGetStatus	8	static
