../component/i2c/fsl_adapter_i3c.c:59:25:HAL_I2cGetStatus	24	static
../component/i2c/fsl_adapter_i3c.c:133:18:HAL_I2cMasterInit	48	static
../component/i2c/fsl_adapter_i3c.c:154:18:HAL_I2cSlaveInit	16	static
../component/i2c/fsl_adapter_i3c.c:184:18:HAL_I2cMasterDeinit	24	static
../component/i2c/fsl_adapter_i3c.c:197:18:HAL_I2cSlaveDeinit	16	static
../component/i2c/fsl_adapter_i3c.c:214:18:HAL_I2cMasterWriteBlocking	24	static
../component/i2c/fsl_adapter_i3c.c:222:18:HAL_I2cMasterReadBlocking	24	static
../component/i2c/fsl_adapter_i3c.c:230:18:HAL_I2cSlaveWriteBlocking	24	static
../component/i2c/fsl_adapter_i3c.c:235:18:HAL_I2cSlaveReadBlocking	24	static
../component/i2c/fsl_adapter_i3c.c:240:18:HAL_I2cMasterTransferBlocking	48	static
../component/i2c/fsl_adapter_i3c.c:262:18:HAL_I2cMasterTransferInstallCallback	24	static
../component/i2c/fsl_adapter_i3c.c:284:18:HAL_I2cMasterTransferNonBlocking	16	static
../component/i2c/fsl_adapter_i3c.c:309:18:HAL_I2cMasterTransferGetCount	16	static
../component/i2c/fsl_adapter_i3c.c:325:18:HAL_I2cMasterTransferAbort	16	static
../component/i2c/fsl_adapter_i3c.c:341:18:HAL_I2cSlaveTransferInstallCallback	24	static
../component/i2c/fsl_adapter_i3c.c:363:18:HAL_I2cSlaveTransferNonBlocking	16	static
../component/i2c/fsl_adapter_i3c.c:379:18:HAL_I2cSlaveTransferAbort	16	static
../component/i2c/fsl_adapter_i3c.c:396:18:HAL_I2cSlaveTransferGetCount	16	static
