../drivers/fsl_clock.h:1488:20:CLOCK_EnableClock	24	static
../drivers/fsl_clock.h:1514:20:CLOCK_DisableClock	24	static
../drivers/fsl_reset.h:249:20:RESET_ReleasePeripheralReset	16	static
../drivers/fsl_lpadc.h:804:20:LPADC_Enable	16	static
../drivers/fsl_lpadc.h:822:20:LPADC_DoResetFIFO0	16	static
../drivers/fsl_lpadc.h:832:20:LPADC_DoResetFIFO1	16	static
../drivers/fsl_lpadc.h:859:20:LPADC_DoResetConfig	16	static
../drivers/fsl_lpadc.h:1040:24:LPADC_GetConvResultCount	16	static
../drivers/fsl_lpadc.h:1365:20:LPADC_EnableOffsetCalibration	16	static
../drivers/fsl_lpadc.c:87:17:LPADC_GetInstance	24	static
../drivers/fsl_lpadc.c:121:17:LPADC_GetGainConvResult	104	static
../drivers/fsl_lpadc.c:151:6:LPADC_Init	24	static
../drivers/fsl_lpadc.c:278:6:LPADC_GetDefaultConfig	16	static
../drivers/fsl_lpadc.c:316:6:LPADC_Deinit	16	static
../drivers/fsl_lpadc.c:337:6:LPADC_GetConvResult	32	static
../drivers/fsl_lpadc.c:364:6:LPADC_GetConvResultBlocking	32	static
../drivers/fsl_lpadc.c:446:6:LPADC_SetConvTriggerConfig	32	static
../drivers/fsl_lpadc.c:485:6:LPADC_GetDefaultConvTriggerConfig	16	static
../drivers/fsl_lpadc.c:512:6:LPADC_SetConvCommandConfig	32	static
../drivers/fsl_lpadc.c:623:6:LPADC_GetDefaultConvCommandConfig	16	static
../drivers/fsl_lpadc.c:771:10:LPADC_DoOffsetCalibration	16	static
../drivers/fsl_lpadc.c:798:6:LPADC_DoAutoCalibration	16	static
../drivers/fsl_lpadc.c:814:6:LPADC_PrepareAutoCalibration	16	static
../drivers/fsl_lpadc.c:912:10:LPADC_FinishAutoCalibration	32	static
../drivers/fsl_lpadc.c:993:6:LPADC_GetCalibrationValue	24	static
../drivers/fsl_lpadc.c:1051:10:LPADC_SetCalibrationValue	24	static
