/Users/andrew/Documents/MCUXpressoIDE_25.6.136/workspace/IMU_WHOAMI/CMSIS/core_cm33.h:2555:22:__NVIC_SetPriority	16	static
/Users/andrew/Documents/MCUXpressoIDE_25.6.136/workspace/IMU_WHOAMI/CMSIS/core_cm33.h:3108:26:SysTick_Config	16	static
../source/imu_whoami.c:33:13:InitSysTick	8	static
../source/imu_whoami.c:42:6:SysTick_Handler	4	static
../source/imu_whoami.c:50:13:Delay_us	16	static
../source/imu_whoami.c:56:13:Delay_ms	16	static
../source/imu_whoami.c:213:14:LSM6DSO_WriteReg	56	static
../source/imu_whoami.c:67:5:main	136	static
../source/imu_whoami.c:228:14:LSM6DSO_ReadRegs	56	static
