/Users/andrew/Documents/MCUXpressoIDE_25.6.136/workspace/IMU_WHOAMI/CMSIS/core_cm33.h:2555:22:__NVIC_SetPriority	16	static
/Users/andrew/Documents/MCUXpressoIDE_25.6.136/workspace/IMU_WHOAMI/CMSIS/core_cm33.h:3108:26:SysTick_Config	16	static
../source/Qwen3_Coder_test.c:33:13:InitSysTick	8	static
../source/Qwen3_Coder_test.c:42:6:SysTick_Handler	4	static
../source/Qwen3_Coder_test.c:50:13:Delay_us	16	static
../source/Qwen3_Coder_test.c:56:13:Delay_ms	16	static
../source/Qwen3_Coder_test.c:64:5:main	112	static
