/Users/andrew/Documents/GitHub/1.04-Integration/individual_test_projects/MCXN947_TXST_Peripheral_Integration/CMSIS/core_cm33.h:2358:22:__NVIC_EnableIRQ	16	static
../drivers/fsl_common_arm.h:714:24:EnableIRQ	24	static
../drivers/fsl_lpi2c.h:579:24:LPI2C_MasterGetStatusFlags	16	static
../drivers/fsl_lpi2c.h:604:20:LPI2C_MasterClearStatusFlags	16	static
../drivers/fsl_lpi2c.h:624:20:LPI2C_MasterEnableInterrupts	16	static
../drivers/fsl_lpi2c.h:639:20:LPI2C_MasterDisableInterrupts	16	static
../drivers/fsl_lpi2c.h:668:20:LPI2C_MasterEnableDMA	16	static
../drivers/fsl_lpi2c.h:679:24:LPI2C_MasterGetTxFifoAddress	16	static
../drivers/fsl_lpi2c.h:690:24:LPI2C_MasterGetRxFifoAddress	16	static
../drivers/fsl_edma.h:1852:24:EDMA_GetNextTCDAddress	16	static
../drivers/fsl_lpi2c_edma.c:113:6:LPI2C_MasterCreateEDMAHandle	32	static
../drivers/fsl_lpi2c_edma.c:165:17:LPI2C_GenerateCommands	40	static
../drivers/fsl_lpi2c_edma.c:248:10:LPI2C_MasterTransferEDMA	128	static
../drivers/fsl_lpi2c_edma.c:475:10:LPI2C_MasterTransferGetCountEDMA	40	static
../drivers/fsl_lpi2c_edma.c:525:10:LPI2C_MasterTransferAbortEDMA	16	static
../drivers/fsl_lpi2c_edma.c:560:13:LPI2C_MasterEDMACallback	40	static
../drivers/fsl_lpi2c_edma.c:588:13:LPI2C_MasterTransferEdmaHandleIRQ	40	static
