C:\Users\Stephen\Documents\MCUXpressoIDE_25.6.136\workspace_2026_1\frdmmcxn947_integration_testbench\drivers/fsl_clock.h:1488:20:CLOCK_EnableClock	24	static
C:\Users\Stephen\Documents\MCUXpressoIDE_25.6.136\workspace_2026_1\frdmmcxn947_integration_testbench\drivers/fsl_port.h:360:20:PORT_SetPinConfig	32	static
C:\Users\Stephen\Documents\MCUXpressoIDE_25.6.136\workspace_2026_1\frdmmcxn947_integration_testbench\drivers/fsl_port.h:463:20:PORT_SetPinMux	24	static
../board/pin_mux.c:326:6:BOARD_InitBootPins	8	static
../board/pin_mux.c:385:6:BOARD_InitPins	64	static
../board/pin_mux.c:789:6:BOARD_InitDEBUG_UARTPins	16	static
../board/pin_mux.c:850:6:BOARD_InitSWD_DEBUGPins	24	static
../board/pin_mux.c:945:6:BOARD_InitLEDsPins	24	static
../board/pin_mux.c:1037:6:BOARD_InitBUTTONsPins	24	static
