Archive member included to satisfy reference by file (symbol)

/Applications/MCUXpressoIDE_25.6.136/ide/plugins/com.nxp.mcuxpresso.tools.macosx_25.6.0.202501151204/tools/bin/../lib/gcc/arm-none-eabi/14.2.1/../../../../arm-none-eabi/lib/thumb/v8-m.main+fp/hard/libcr_nohost_nf.a(_cr__main.o)
                              ./startup/startup_mcxn947_cm33_core0.o (__main)
/Applications/MCUXpressoIDE_25.6.136/ide/plugins/com.nxp.mcuxpresso.tools.macosx_25.6.0.202501151204/tools/bin/../lib/gcc/arm-none-eabi/14.2.1/../../../../arm-none-eabi/lib/thumb/v8-m.main+fp/hard/libcr_c.a(memcpy.o)
                              ./utilities/str/fsl_str.o (memcpy)
/Applications/MCUXpressoIDE_25.6.136/ide/plugins/com.nxp.mcuxpresso.tools.macosx_25.6.0.202501151204/tools/bin/../lib/gcc/arm-none-eabi/14.2.1/../../../../arm-none-eabi/lib/thumb/v8-m.main+fp/hard/libcr_c.a(memset.o)
                              ./utilities/debug_console/fsl_debug_console.o (memset)
/Applications/MCUXpressoIDE_25.6.136/ide/plugins/com.nxp.mcuxpresso.tools.macosx_25.6.0.202501151204/tools/bin/../lib/gcc/arm-none-eabi/14.2.1/../../../../arm-none-eabi/lib/thumb/v8-m.main+fp/hard/libcr_c.a(alloc.o)
                              ./drivers/fsl_common.o (malloc)
/Applications/MCUXpressoIDE_25.6.136/ide/plugins/com.nxp.mcuxpresso.tools.macosx_25.6.0.202501151204/tools/bin/../lib/gcc/arm-none-eabi/14.2.1/../../../../arm-none-eabi/lib/thumb/v8-m.main+fp/hard/libcr_c.a(errno.o)
                              ./utilities/str/fsl_str.o (errno)
/Applications/MCUXpressoIDE_25.6.136/ide/plugins/com.nxp.mcuxpresso.tools.macosx_25.6.0.202501151204/tools/bin/../lib/gcc/arm-none-eabi/14.2.1/../../../../arm-none-eabi/lib/thumb/v8-m.main+fp/hard/libcr_c.a(initio.o)
                              /Applications/MCUXpressoIDE_25.6.136/ide/plugins/com.nxp.mcuxpresso.tools.macosx_25.6.0.202501151204/tools/bin/../lib/gcc/arm-none-eabi/14.2.1/../../../../arm-none-eabi/lib/thumb/v8-m.main+fp/hard/libcr_nohost_nf.a(_cr__main.o) (_initio)
/Applications/MCUXpressoIDE_25.6.136/ide/plugins/com.nxp.mcuxpresso.tools.macosx_25.6.0.202501151204/tools/bin/../lib/gcc/arm-none-eabi/14.2.1/../../../../arm-none-eabi/lib/thumb/v8-m.main+fp/hard/libcr_c.a(scanf.o)
                              ./utilities/str/fsl_str.o (strtoul)
/Applications/MCUXpressoIDE_25.6.136/ide/plugins/com.nxp.mcuxpresso.tools.macosx_25.6.0.202501151204/tools/bin/../lib/gcc/arm-none-eabi/14.2.1/../../../../arm-none-eabi/lib/thumb/v8-m.main+fp/hard/libcr_c.a(setvbuf.o)
                              /Applications/MCUXpressoIDE_25.6.136/ide/plugins/com.nxp.mcuxpresso.tools.macosx_25.6.0.202501151204/tools/bin/../lib/gcc/arm-none-eabi/14.2.1/../../../../arm-none-eabi/lib/thumb/v8-m.main+fp/hard/libcr_c.a(initio.o) (setvbuf)
/Applications/MCUXpressoIDE_25.6.136/ide/plugins/com.nxp.mcuxpresso.tools.macosx_25.6.0.202501151204/tools/bin/../lib/gcc/arm-none-eabi/14.2.1/../../../../arm-none-eabi/lib/thumb/v8-m.main+fp/hard/libcr_c.a(strlen.o)
                              ./utilities/str/fsl_str.o (strlen)
/Applications/MCUXpressoIDE_25.6.136/ide/plugins/com.nxp.mcuxpresso.tools.macosx_25.6.0.202501151204/tools/bin/../lib/gcc/arm-none-eabi/14.2.1/../../../../arm-none-eabi/lib/thumb/v8-m.main+fp/hard/libcr_c.a(ungetc.o)
                              /Applications/MCUXpressoIDE_25.6.136/ide/plugins/com.nxp.mcuxpresso.tools.macosx_25.6.0.202501151204/tools/bin/../lib/gcc/arm-none-eabi/14.2.1/../../../../arm-none-eabi/lib/thumb/v8-m.main+fp/hard/libcr_c.a(scanf.o) (ungetc)
/Applications/MCUXpressoIDE_25.6.136/ide/plugins/com.nxp.mcuxpresso.tools.macosx_25.6.0.202501151204/tools/bin/../lib/gcc/arm-none-eabi/14.2.1/../../../../arm-none-eabi/lib/thumb/v8-m.main+fp/hard/libcr_c.a(__fillbuf.o)
                              /Applications/MCUXpressoIDE_25.6.136/ide/plugins/com.nxp.mcuxpresso.tools.macosx_25.6.0.202501151204/tools/bin/../lib/gcc/arm-none-eabi/14.2.1/../../../../arm-none-eabi/lib/thumb/v8-m.main+fp/hard/libcr_c.a(scanf.o) (__filbuf)
/Applications/MCUXpressoIDE_25.6.136/ide/plugins/com.nxp.mcuxpresso.tools.macosx_25.6.0.202501151204/tools/bin/../lib/gcc/arm-none-eabi/14.2.1/../../../../arm-none-eabi/lib/thumb/v8-m.main+fp/hard/libcr_c.a(__init_alloc.o)
                              /Applications/MCUXpressoIDE_25.6.136/ide/plugins/com.nxp.mcuxpresso.tools.macosx_25.6.0.202501151204/tools/bin/../lib/gcc/arm-none-eabi/14.2.1/../../../../arm-none-eabi/lib/thumb/v8-m.main+fp/hard/libcr_c.a(alloc.o) (__heaps)
/Applications/MCUXpressoIDE_25.6.136/ide/plugins/com.nxp.mcuxpresso.tools.macosx_25.6.0.202501151204/tools/bin/../lib/gcc/arm-none-eabi/14.2.1/../../../../arm-none-eabi/lib/thumb/v8-m.main+fp/hard/libcr_c.a(_cr_sbrk.o)
                              /Applications/MCUXpressoIDE_25.6.136/ide/plugins/com.nxp.mcuxpresso.tools.macosx_25.6.0.202501151204/tools/bin/../lib/gcc/arm-none-eabi/14.2.1/../../../../arm-none-eabi/lib/thumb/v8-m.main+fp/hard/libcr_c.a(alloc.o) (_sbrk)
[...]
Memory Configuration

Name             Origin             Length             Attributes
PROGRAM_FLASH0   0x00000000         0x00100000         xr
PROGRAM_FLASH1   0x00100000         0x00100000         xr
SRAM             0x20000000         0x00060000         xrw
SRAMX            0x04000000         0x00018000         xrw
SRAMH            0x20060000         0x00008000         xrw
USB_RAM          0x400ba000         0x00001000         xrw
*default*        0x00000000         0xffffffff

Linker script and memory map

LOAD ./utilities/str/fsl_str.o
LOAD ./utilities/debug_console/fsl_debug_console.o
LOAD ./utilities/fsl_assert.o
LOAD ./startup/boot_multicore_slave.o
LOAD ./startup/startup_mcxn947_cm33_core0.o
LOAD ./source/Qwen3_Coder_test.o
LOAD ./source/semihost_hardfault.o
LOAD ./drivers/fsl_clock.o
LOAD ./drivers/fsl_common.o
LOAD ./drivers/fsl_common_arm.o
LOAD ./drivers/fsl_gpio.o
LOAD ./drivers/fsl_i3c.o
LOAD ./drivers/fsl_lpflexcomm.o
LOAD ./drivers/fsl_lpi2c.o
LOAD ./drivers/fsl_lpspi.o
LOAD ./drivers/fsl_lpuart.o
LOAD ./drivers/fsl_reset.o
LOAD ./drivers/fsl_spc.o
LOAD ./device/system_MCXN947_cm33_core0.o
LOAD ./component/uart/fsl_adapter_lpuart.o
LOAD ./component/serial_manager/fsl_component_serial_manager.o
LOAD ./component/serial_manager/fsl_component_serial_port_uart.o
LOAD ./component/lists/fsl_component_generic_list.o
LOAD ./component/i2c/fsl_adapter_i3c.o
LOAD ./board/board.o
LOAD ./board/clock_config.o
LOAD ./board/peripherals.o
LOAD ./board/pin_mux.o
START GROUP
LOAD /Applications/MCUXpressoIDE_25.6.136/ide/plugins/com.nxp.mcuxpresso.tools.macosx_25.6.0.202501151204/tools/bin/../lib/gcc/arm-none-eabi/14.2.1/../../../../arm-none-eabi/lib/thumb/v8-m.main+fp/hard/libcr_nohost_nf.a
LOAD /Applications/MCUXpressoIDE_25.6.136/ide/plugins/com.nxp.mcuxpresso.tools.macosx_25.6.0.202501151204/tools/bin/../lib/gcc/arm-none-eabi/14.2.1/../../../../arm-none-eabi/lib/thumb/v8-m.main+fp/hard/libcr_c.a
LOAD /Applications/MCUXpressoIDE_25.6.136/ide/plugins/com.nxp.mcuxpresso.tools.macosx_25.6.0.202501151204/tools/bin/../lib/gcc/arm-none-eabi/14.2.1/thumb/v8-m.main+fp/hard/libcr_eabihelpers.a
LOAD /Applications/MCUXpressoIDE_25.6.136/ide/plugins/com.nxp.mcuxpresso.tools.macosx_25.6.0.202501151204/tools/bin/../lib/gcc/arm-none-eabi/14.2.1/thumb/v8-m.main+fp/hard/libgcc.a
END GROUP
                0x00000000                        __base_PROGRAM_FLASH0 = 0x0
                0x00000000                        __base_Flash = 0x0
                0x00100000                        __top_PROGRAM_FLASH0 = 0x100000
                0x00100000                        __top_Flash = 0x100000
                0x00100000                        __base_PROGRAM_FLASH1 = 0x100000
                0x00100000                        __base_Flash2 = 0x100000
                0x00200000                        __top_PROGRAM_FLASH1 = 0x200000
                0x00200000                        __top_Flash2 = 0x200000
                0x20000000                        __base_SRAM = 0x20000000
                0x20000000                        __base_RAM = 0x20000000
                0x20060000                        __top_SRAM = 0x20060000
                0x20060000                        __top_RAM = 0x20060000
                0x04000000                        __base_SRAMX = 0x4000000
                0x04000000                        __base_RAM2 = 0x4000000
                0x04018000                        __top_SRAMX = 0x4018000
                0x04018000                        __top_RAM2 = 0x4018000
                0x20060000                        __base_SRAMH = 0x20060000
                0x20060000                        __base_RAM3 = 0x20060000
                0x20068000                        __top_SRAMH = 0x20068000
                0x20068000                        __top_RAM3 = 0x20068000
                0x400ba000                        __base_USB_RAM = 0x400ba000
                0x400ba000                        __base_RAM4 = 0x400ba000
                0x400bb000                        __top_USB_RAM = 0x400bb000
                0x400bb000                        __top_RAM4 = 0x400bb000

.text_Flash2    0x00100000        0x0
 FILL mask 0xff
 *(SORT_BY_ALIGNMENT(.text_Flash2))
 *(SORT_BY_ALIGNMENT(.text_PROGRAM_FLASH1))
 *(SORT_BY_ALIGNMENT(.text.$Flash2))
 *(SORT_BY_ALIGNMENT(.text.$PROGRAM_FLASH1))
 *(SORT_BY_ALIGNMENT(.text_Flash2.*))
 *(SORT_BY_ALIGNMENT(.text_PROGRAM_FLASH1.*))
 *(SORT_BY_ALIGNMENT(.text.$Flash2.*))
 *(SORT_BY_ALIGNMENT(.text.$PROGRAM_FLASH1.*))
 *(SORT_BY_ALIGNMENT(.rodata.$Flash2))
 *(SORT_BY_ALIGNMENT(.rodata.$PROGRAM_FLASH1))
 *(SORT_BY_ALIGNMENT(.rodata.$Flash2.*))
 *(SORT_BY_ALIGNMENT(.rodata.$PROGRAM_FLASH1.*))

.text           0x00000000     0x5fdc
 FILL mask 0xff
                0x00000000                        __vectors_start__ = ABSOLUTE (.)
 *(SORT_BY_ALIGNMENT(.isr_vector))
 .isr_vector    0x00000000      0x2b0 ./startup/startup_mcxn947_cm33_core0.o
                0x00000000                __Vectors
                0x00000000                g_pfnVectors
                0x000002b0                        . = ALIGN (0x4)
                0x000002b0                        __section_table_start = .
                0x000002b0                        __data_section_table = .
                0x000002b0        0x4 LONG 0x5fdc LOADADDR (.data)
                0x000002b4        0x4 LONG 0x20000000 ADDR (.data)
                0x000002b8        0x4 LONG 0xc SIZEOF (.data)
                0x000002bc        0x4 LONG 0x5fdc LOADADDR (.data_RAM2)
                0x000002c0        0x4 LONG 0x4000000 ADDR (.data_RAM2)
                0x000002c4        0x4 LONG 0x0 SIZEOF (.data_RAM2)
                0x000002c8        0x4 LONG 0x5fdc LOADADDR (.data_RAM3)
                0x000002cc        0x4 LONG 0x20060000 ADDR (.data_RAM3)
                0x000002d0        0x4 LONG 0x0 SIZEOF (.data_RAM3)
                0x000002d4        0x4 LONG 0x5fdc LOADADDR (.data_RAM4)
                0x000002d8        0x4 LONG 0x400ba000 ADDR (.data_RAM4)
                0x000002dc        0x4 LONG 0x0 SIZEOF (.data_RAM4)
                0x000002e0                        __data_section_table_end = .
                0x000002e0                        __bss_section_table = .
                0x000002e0        0x4 LONG 0x2000000c ADDR (.bss)
                0x000002e4        0x4 LONG 0x3d0 SIZEOF (.bss)
                0x000002e8        0x4 LONG 0x4000000 ADDR (.bss_RAM2)
                0x000002ec        0x4 LONG 0x0 SIZEOF (.bss_RAM2)
                0x000002f0        0x4 LONG 0x20060000 ADDR (.bss_RAM3)
                0x000002f4        0x4 LONG 0x0 SIZEOF (.bss_RAM3)
                0x000002f8        0x4 LONG 0x400ba000 ADDR (.bss_RAM4)
                0x000002fc        0x4 LONG 0x0 SIZEOF (.bss_RAM4)
                0x00000300                        __bss_section_table_end = .
                0x00000300                        __section_table_end = .
 *(SORT_BY_ALIGNMENT(.after_vectors*))
 .after_vectors.reset
                0x00000300       0x68 ./startup/startup_mcxn947_cm33_core0.o
                0x00000300                ResetISR
 .after_vectors.init_data
                0x00000368       0x1e ./startup/startup_mcxn947_cm33_core0.o
                0x00000368                data_init
 .after_vectors.init_bss
                0x00000386       0x12 ./startup/startup_mcxn947_cm33_core0.o
                0x00000386                bss_init
 .after_vectors
                0x00000398       0x16 ./startup/startup_mcxn947_cm33_core0.o
                0x00000398                NMI_Handler
                0x0000039c                MemManage_Handler
                0x0000039e                BusFault_Handler
                0x000003a0                UsageFault_Handler
                0x000003a2                SecureFault_Handler
                0x000003a4                SVC_Handler
                0x000003a6                DebugMon_Handler
                0x000003a8                PendSV_Handler
                0x000003ac                QDC1_HOME_DriverIRQHandler
                0x000003ac                EDMA_0_CH5_DriverIRQHandler
                0x000003ac                EDMA_0_CH14_DriverIRQHandler
                0x000003ac                EDMA_1_CH0_DriverIRQHandler
                0x000003ac                SCG_DriverIRQHandler
                0x000003ac                CMC0_DriverIRQHandler
                0x000003ac                EDMA_0_CH15_DriverIRQHandler
                0x000003ac                LPTMR0_DriverIRQHandler
                0x000003ac                EDMA_0_CH2_DriverIRQHandler
                0x000003ac                FLEXPWM1_SUBMODULE1_DriverIRQHandler
                0x000003ac                FLEXPWM0_SUBMODULE1_DriverIRQHandler
                0x000003ac                EDMA_1_CH11_DriverIRQHandler
                0x000003ac                FLEXPWM0_RELOAD_ERROR_DriverIRQHandler
                0x000003ac                QDC0_HOME_DriverIRQHandler
                0x000003ac                Reserved167_DriverIRQHandler
                0x000003ac                EDMA_1_CH9_DriverIRQHandler
                0x000003ac                SEC_VIO_DriverIRQHandler
                0x000003ac                ERM_MULTI_BIT_ERROR_DriverIRQHandler
                0x000003ac                GPIO31_DriverIRQHandler
                0x000003ac                EWM0_DriverIRQHandler
                0x000003ac                PKC_DriverIRQHandler
                0x000003ac                EDMA_0_CH10_DriverIRQHandler
                0x000003ac                USB1_HS_PHY_DriverIRQHandler
                0x000003ac                QDC0_IDX_DriverIRQHandler
                0x000003ac                ELS_DriverIRQHandler
                0x000003ac                Reserved166_DriverIRQHandler
                0x000003ac                EDMA_1_CH2_DriverIRQHandler
                0x000003ac                ETHERNET_DriverIRQHandler
                0x000003ac                QDC1_IDX_DriverIRQHandler
                0x000003ac                EDMA_1_CH14_DriverIRQHandler
                0x000003ac                FLEXPWM1_SUBMODULE3_DriverIRQHandler
                0x000003ac                EDMA_1_CH7_DriverIRQHandler
                0x000003ac                EDMA_1_CH6_DriverIRQHandler
                0x000003ac                DAC1_DriverIRQHandler
                0x000003ac                CTIMER2_DriverIRQHandler
                0x000003ac                ITRC0_DriverIRQHandler
                0x000003ac                EDMA_0_CH9_DriverIRQHandler
                0x000003ac                ETB0_DriverIRQHandler
                0x000003ac                Freqme_DriverIRQHandler
                0x000003ac                Reserved80_DriverIRQHandler
                0x000003ac                IntDefaultHandler
                0x000003ac                ELS_ERR_DriverIRQHandler
                0x000003ac                FLEXIO_DriverIRQHandler
                0x000003ac                DAC0_DriverIRQHandler
                0x000003ac                MRT0_DriverIRQHandler
                0x000003ac                UTICK0_DriverIRQHandler
                0x000003ac                FLEXPWM0_SUBMODULE2_DriverIRQHandler
                0x000003ac                GPIO01_DriverIRQHandler
                0x000003ac                EDMA_0_CH3_DriverIRQHandler
                0x000003ac                WWDT0_DriverIRQHandler
                0x000003ac                USDHC0_DriverIRQHandler
                0x000003ac                GPIO00_DriverIRQHandler
                0x000003ac                EDMA_0_CH4_DriverIRQHandler
                0x000003ac                GPIO11_DriverIRQHandler
                0x000003ac                CTIMER4_DriverIRQHandler
                0x000003ac                BSP32_DriverIRQHandler
                0x000003ac                FLEXPWM0_FAULT_DriverIRQHandler
                0x000003ac                EDMA_1_CH1_DriverIRQHandler
                0x000003ac                SAI1_DriverIRQHandler
                0x000003ac                ERM_SINGLE_BIT_ERROR_DriverIRQHandler
                0x000003ac                GPIO21_DriverIRQHandler
                0x000003ac                FLEXPWM1_FAULT_DriverIRQHandler
                0x000003ac                GPIO30_DriverIRQHandler
                0x000003ac                CTIMER0_DriverIRQHandler
                0x000003ac                CTIMER1_DriverIRQHandler
                0x000003ac                QDC0_COMPARE_DriverIRQHandler
                0x000003ac                ADC1_DriverIRQHandler
                0x000003ac                PQ_DriverIRQHandler
                0x000003ac                ETHERNET_MACLP_DriverIRQHandler
                0x000003ac                USB0_DCD_DriverIRQHandler
                0x000003ac                EDMA_0_CH11_DriverIRQHandler
                0x000003ac                MAILBOX_DriverIRQHandler
                0x000003ac                WUU_DriverIRQHandler
                0x000003ac                EDMA_0_CH6_DriverIRQHandler
                0x000003ac                CTIMER3_DriverIRQHandler
                0x000003ac                FLEXPWM1_SUBMODULE0_DriverIRQHandler
                0x000003ac                CDOG1_DriverIRQHandler
                0x000003ac                TSI_OUT_OF_SCAN_DriverIRQHandler
                0x000003ac                EDMA_1_CH4_DriverIRQHandler
                0x000003ac                PUF_DriverIRQHandler
                0x000003ac                SPC_DriverIRQHandler
                0x000003ac                RTC_DriverIRQHandler
                0x000003ac                VBAT0_DriverIRQHandler
                0x000003ac                Reserved65_DriverIRQHandler
                0x000003ac                HSCMP2_DriverIRQHandler
                0x000003ac                EDMA_0_CH0_DriverIRQHandler
                0x000003ac                PDM_EVENT_DriverIRQHandler
                0x000003ac                ETHERNET_PMT_DriverIRQHandler
                0x000003ac                FLEXPWM1_RELOAD_ERROR_DriverIRQHandler
                0x000003ac                FMU0_DriverIRQHandler
                0x000003ac                QDC1_COMPARE_DriverIRQHandler
                0x000003ac                EDMA_0_CH8_DriverIRQHandler
                0x000003ac                LPTMR1_DriverIRQHandler
                0x000003ac                GPIO40_DriverIRQHandler
                0x000003ac                CTI0_DriverIRQHandler
                0x000003ac                EDMA_1_CH3_DriverIRQHandler
                0x000003ac                EDMA_1_CH15_DriverIRQHandler
                0x000003ac                FLEXPWM1_SUBMODULE2_DriverIRQHandler
                0x000003ac                GPIO20_DriverIRQHandler
                0x000003ac                QDC1_WDG_SAB_DriverIRQHandler
                0x000003ac                EDMA_1_CH8_DriverIRQHandler
                0x000003ac                GDET_DriverIRQHandler
                0x000003ac                PORT_EFT_DriverIRQHandler
                0x000003ac                Reserved85_DriverIRQHandler
                0x000003ac                Reserved81_DriverIRQHandler
                0x000003ac                TSI_END_OF_SCAN_DriverIRQHandler
                0x000003ac                FLEXPWM0_SUBMODULE3_DriverIRQHandler
                0x000003ac                ADC0_DriverIRQHandler
                0x000003ac                OR_DriverIRQHandler
                0x000003ac                EDMA_0_CH13_DriverIRQHandler
                0x000003ac                USB1_HS_DriverIRQHandler
                0x000003ac                EDMA_0_CH1_DriverIRQHandler
                0x000003ac                DAC2_DriverIRQHandler
                0x000003ac                GPIO51_DriverIRQHandler
                0x000003ac                HSCMP0_DriverIRQHandler
                0x000003ac                EDMA_0_CH12_DriverIRQHandler
                0x000003ac                QDC0_WDG_SAB_DriverIRQHandler
                0x000003ac                CDOG0_DriverIRQHandler
                0x000003ac                CAN0_DriverIRQHandler
                0x000003ac                SMARTDMA_DriverIRQHandler
                0x000003ac                SAI0_DriverIRQHandler
                0x000003ac                EMVSIM1_DriverIRQHandler
                0x000003ac                EDMA_0_CH7_DriverIRQHandler
                0x000003ac                EDMA_1_CH10_DriverIRQHandler
                0x000003ac                EDMA_1_CH12_DriverIRQHandler
                0x000003ac                FLEXSPI0_DriverIRQHandler
                0x000003ac                GPIO50_DriverIRQHandler
                0x000003ac                GPIO10_DriverIRQHandler
                0x000003ac                SCT0_DriverIRQHandler
                0x000003ac                CAN1_DriverIRQHandler
                0x000003ac                PLU_DriverIRQHandler
                0x000003ac                FLEXPWM0_SUBMODULE0_DriverIRQHandler
                0x000003ac                OS_EVENT_DriverIRQHandler
                0x000003ac                SINC_FILTER_DriverIRQHandler
                0x000003ac                NPU_DriverIRQHandler
                0x000003ac                GPIO41_DriverIRQHandler
                0x000003ac                HSCMP1_DriverIRQHandler
                0x000003ac                SEC_HYPERVISOR_CALL_DriverIRQHandler
                0x000003ac                EDMA_1_CH5_DriverIRQHandler
                0x000003ac                PINT0_DriverIRQHandler
                0x000003ac                WWDT1_DriverIRQHandler
                0x000003ac                EDMA_1_CH13_DriverIRQHandler
                0x000003ac                EMVSIM0_DriverIRQHandler
                0x000003ac                USB0_FS_DriverIRQHandler
                0x000003ac                PKC_ERR_DriverIRQHandler
 *(SORT_BY_ALIGNMENT(.text*))
 *fill*         0x000003ae        0x2 ff
 .text.DbgConsole_SendDataReliable
                0x000003b0       0x54 ./utilities/debug_console/fsl_debug_console.o
                0x000003b0                DbgConsole_SendDataReliable
 .text.DbgConsole_Init
                0x00000404      0x138 ./utilities/debug_console/fsl_debug_console.o
                0x00000404                DbgConsole_Init
 .text.DbgConsole_Vprintf
                0x0000053c       0x68 ./utilities/debug_console/fsl_debug_console.o
                0x0000053c                DbgConsole_Vprintf
 .text.__assertion_failed
                0x000005a4       0x3c ./utilities/fsl_assert.o
                0x000005a4                __assertion_failed
 .text.__NVIC_SetPriority
                0x000005e0       0x54 ./source/Qwen3_Coder_test.o
 .text.SysTick_Config
                0x00000634       0x44 ./source/Qwen3_Coder_test.o
 .text.InitSysTick
                0x00000678       0x38 ./source/Qwen3_Coder_test.o
 .text.SysTick_Handler
                0x000006b0       0x28 ./source/Qwen3_Coder_test.o
                0x000006b0                SysTick_Handler
 .text.Delay_us
                0x000006d8       0x2c ./source/Qwen3_Coder_test.o
 .text.main     0x00000704      0x2a8 ./source/Qwen3_Coder_test.o
                0x00000704                main
 .text.CLOCK_IsPLL0Locked
                0x000009ac       0x28 ./drivers/fsl_clock.o
 .text.CLOCK_IsPLL1Locked
                0x000009d4       0x28 ./drivers/fsl_clock.o
 .text.CLOCK_SetupFROHFClocking
                0x000009fc       0x9c ./drivers/fsl_clock.o
                0x000009fc                CLOCK_SetupFROHFClocking
 .text.CLOCK_SetPll0MonitorMode
                0x00000a98       0x38 ./drivers/fsl_clock.o
                0x00000a98                CLOCK_SetPll0MonitorMode
 .text.CLOCK_SetPll1MonitorMode
                0x00000ad0       0x38 ./drivers/fsl_clock.o
                0x00000ad0                CLOCK_SetPll1MonitorMode
 .text.CLOCK_AttachClk
                0x00000b08       0xb0 ./drivers/fsl_clock.o
                0x00000b08                CLOCK_AttachClk
 .text.CLOCK_SetClkDiv
                0x00000bb8       0x54 ./drivers/fsl_clock.o
                0x00000bb8                CLOCK_SetClkDiv
 .text.CLOCK_GetI3cClkFreq
                0x00000c0c       0xb4 ./drivers/fsl_clock.o
                0x00000c0c                CLOCK_GetI3cClkFreq
 .text.CLOCK_GetPLL0InClockRate
                0x00000cc0       0x5c ./drivers/fsl_clock.o
                0x00000cc0                CLOCK_GetPLL0InClockRate
 .text.CLOCK_GetPLL1InClockRate
                0x00000d1c       0x58 ./drivers/fsl_clock.o
                0x00000d1c                CLOCK_GetPLL1InClockRate
 .text.CLOCK_SetPLL0Freq
                0x00000d74      0x10c ./drivers/fsl_clock.o
                0x00000d74                CLOCK_SetPLL0Freq
 .text.CLOCK_SetPLL1Freq
                0x00000e80      0x10c ./drivers/fsl_clock.o
                0x00000e80                CLOCK_SetPLL1Freq
 .text.CLOCK_GetFroHfFreq
                0x00000f8c       0x4c ./drivers/fsl_clock.o
 .text.CLOCK_GetClk48MFreq
                0x00000fd8       0x2c ./drivers/fsl_clock.o
 .text.CLOCK_GetExtClkFreq
                0x00001004       0x2c ./drivers/fsl_clock.o
 .text.CLOCK_GetOsc32KFreq
                0x00001030       0x4c ./drivers/fsl_clock.o
 .text.findPll0PreDiv
                0x0000107c       0x40 ./drivers/fsl_clock.o
 .text.findPll1PreDiv
                0x000010bc       0x40 ./drivers/fsl_clock.o
 .text.findPll0PostDiv
                0x000010fc       0x60 ./drivers/fsl_clock.o
 .text.findPll1PostDiv
                0x0000115c       0x60 ./drivers/fsl_clock.o
 .text.findPll0MMult
                0x000011bc       0xac ./drivers/fsl_clock.o
 .text.findPll1MMult
                0x00001268       0xac ./drivers/fsl_clock.o
 .text.I3C_GetInstance
                0x00001314       0x4c ./drivers/fsl_i3c.o
                0x00001314                I3C_GetInstance
 .text.I3C_MasterCheckAndClearError
                0x00001360       0xf0 ./drivers/fsl_i3c.o
                0x00001360                I3C_MasterCheckAndClearError
 .text.I3C_MasterEmitStop
                0x00001450       0x50 ./drivers/fsl_i3c.o
 .text.I3C_MasterGetDefaultConfig
                0x000014a0       0x58 ./drivers/fsl_i3c.o
                0x000014a0                I3C_MasterGetDefaultConfig
 .text.I3C_MasterInit
                0x000014f8      0x104 ./drivers/fsl_i3c.o
                0x000014f8                I3C_MasterInit
 .text.I3C_MasterGetState
                0x000015fc       0x84 ./drivers/fsl_i3c.o
                0x000015fc                I3C_MasterGetState
 .text.I3C_MasterSetBaudRate
                0x00001680      0x248 ./drivers/fsl_i3c.o
                0x00001680                I3C_MasterSetBaudRate
 .text.I3C_MasterRepeatedStartWithRxSize
                0x000018c8       0x7c ./drivers/fsl_i3c.o
                0x000018c8                I3C_MasterRepeatedStartWithRxSize
 .text.I3C_MasterReceive
                0x00001944      0x160 ./drivers/fsl_i3c.o
                0x00001944                I3C_MasterReceive
 .text.I3C_MasterSend
                0x00001aa4      0x130 ./drivers/fsl_i3c.o
                0x00001aa4                I3C_MasterSend
 .text.I3C_MasterProcessDAASpecifiedBaudrate
                0x00001bd4      0x328 ./drivers/fsl_i3c.o
                0x00001bd4                I3C_MasterProcessDAASpecifiedBaudrate
 .text.I3C_MasterGetDeviceListAfterDAA
                0x00001efc       0x4c ./drivers/fsl_i3c.o
                0x00001efc                I3C_MasterGetDeviceListAfterDAA
 .text.I3C_MasterClearFlagsAndEnableIRQ
                0x00001f48       0x28 ./drivers/fsl_i3c.o
 .text.I3C_MasterTransferPrepare
                0x00001f70      0x180 ./drivers/fsl_i3c.o
 .text.I3C_MasterTransferBlocking
                0x000020f0      0x1e8 ./drivers/fsl_i3c.o
                0x000020f0                I3C_MasterTransferBlocking
 .text.I3C_CommonIRQHandler
                0x000022d8       0x70 ./drivers/fsl_i3c.o
 .text.I3C0_DriverIRQHandler
                0x00002348       0x14 ./drivers/fsl_i3c.o
                0x00002348                I3C0_DriverIRQHandler
 .text.I3C1_DriverIRQHandler
                0x0000235c       0x14 ./drivers/fsl_i3c.o
                0x0000235c                I3C1_DriverIRQHandler
 .text.LP_FLEXCOMM_GetInterruptStatus
                0x00002370       0x28 ./drivers/fsl_lpflexcomm.o
                0x00002370                LP_FLEXCOMM_GetInterruptStatus
 .text.LP_FLEXCOMM_SetPeriph
                0x00002398       0x94 ./drivers/fsl_lpflexcomm.o
 .text.LP_FLEXCOMM_Init
                0x0000242c       0x58 ./drivers/fsl_lpflexcomm.o
                0x0000242c                LP_FLEXCOMM_Init
 .text.LP_FLEXCOMM_CommonIRQHandler
                0x00002484       0xb8 ./drivers/fsl_lpflexcomm.o
 .text.LPUART_GetInstance
                0x0000253c       0x4c ./drivers/fsl_lpuart.o
                0x0000253c                LPUART_GetInstance
 .text.LPUART_Init
                0x00002588      0x448 ./drivers/fsl_lpuart.o
                0x00002588                LPUART_Init
 .text.LPUART_GetDefaultConfig
                0x000029d0       0x8c ./drivers/fsl_lpuart.o
                0x000029d0                LPUART_GetDefaultConfig
 .text.LPUART_WriteBlocking
                0x00002a5c       0x68 ./drivers/fsl_lpuart.o
                0x00002a5c                LPUART_WriteBlocking
 .text.RESET_SetPeripheralReset
                0x00002ac4       0x68 ./drivers/fsl_reset.o
                0x00002ac4                RESET_SetPeripheralReset
 .text.RESET_ClearPeripheralReset
                0x00002b2c       0x6c ./drivers/fsl_reset.o
                0x00002b2c                RESET_ClearPeripheralReset
 .text.SPC_SetSRAMOperateVoltage
                0x00002b98       0x58 ./drivers/fsl_spc.o
                0x00002b98                SPC_SetSRAMOperateVoltage
 .text.SPC_SetActiveModeCoreLDORegulatorConfig
                0x00002bf0       0x94 ./drivers/fsl_spc.o
                0x00002bf0                SPC_SetActiveModeCoreLDORegulatorConfig
 .text.SPC_SetActiveModeDCDCRegulatorConfig
                0x00002c84       0x68 ./drivers/fsl_spc.o
                0x00002c84                SPC_SetActiveModeDCDCRegulatorConfig
 .text.SystemInit
                0x00002cec      0x124 ./device/system_MCXN947_cm33_core0.o
                0x00002cec                SystemInit
 .text.HAL_UartInitCommon
                0x00002e10       0xe4 ./component/uart/fsl_adapter_lpuart.o
 .text.HAL_UartInit
                0x00002ef4       0x84 ./component/uart/fsl_adapter_lpuart.o
                0x00002ef4                HAL_UartInit
 .text.HAL_UartSendBlocking
                0x00002f78       0x64 ./component/uart/fsl_adapter_lpuart.o
                0x00002f78                HAL_UartSendBlocking
 .text.BOARD_InitDebugConsole
                0x00002fdc       0x38 ./board/board.o
                0x00002fdc                BOARD_InitDebugConsole
 .text.BOARD_BootClockPLL150M
                0x00003014      0x188 ./board/clock_config.o
                0x00003014                BOARD_BootClockPLL150M
 .text.PORT_SetPinConfig
                0x0000319c       0x38 ./board/pin_mux.o
 .text.BOARD_InitDEBUG_UARTPins
                0x000031d4       0xa0 ./board/pin_mux.o
                0x000031d4                BOARD_InitDEBUG_UARTPins
 .text._initio  0x00003274       0x78 /Applications/MCUXpressoIDE_25.6.136/ide/plugins/com.nxp.mcuxpresso.tools.macosx_25.6.0.202501151204/tools/bin/../lib/gcc/arm-none-eabi/14.2.1/../../../../arm-none-eabi/lib/thumb/v8-m.main+fp/hard/libcr_c.a(initio.o)
                0x00003274                _initio
 .text._Cwritebuf
                0x000032ec       0x70 /Applications/MCUXpressoIDE_25.6.136/ide/plugins/com.nxp.mcuxpresso.tools.macosx_25.6.0.202501151204/tools/bin/../lib/gcc/arm-none-eabi/14.2.1/../../../../arm-none-eabi/lib/thumb/v8-m.main+fp/hard/libcr_c.a(_writebuf.o)
                0x000032ec                _Cwritebuf
 .text.fflush   0x0000335c       0x3c /Applications/MCUXpressoIDE_25.6.136/ide/plugins/com.nxp.mcuxpresso.tools.macosx_25.6.0.202501151204/tools/bin/../lib/gcc/arm-none-eabi/14.2.1/../../../../arm-none-eabi/lib/thumb/v8-m.main+fp/hard/libcr_c.a(fflush.o)
                0x0000335c                fflush
 .text.fseek    0x00003398       0xf8 /Applications/MCUXpressoIDE_25.6.136/ide/plugins/com.nxp.mcuxpresso.tools.macosx_25.6.0.202501151204/tools/bin/../lib/gcc/arm-none-eabi/14.2.1/../../../../arm-none-eabi/lib/thumb/v8-m.main+fp/hard/libcr_c.a(fseek.o)
                0x00003398                fseek
 .text.ftell    0x00003490       0x44 /Applications/MCUXpressoIDE_25.6.136/ide/plugins/com.nxp.mcuxpresso.tools.macosx_25.6.0.202501151204/tools/bin/../lib/gcc/arm-none-eabi/14.2.1/../../../../arm-none-eabi/lib/thumb/v8-m.main+fp/hard/libcr_c.a(ftell.o)
                0x00003490                ftell
 .text.PrintGetWidth
                0x000034d4       0x6a ./utilities/str/fsl_str.o
 .text.PrintGetPrecision
                0x0000353e       0x8c ./utilities/str/fsl_str.o
 .text.PrintIsobpu
                0x000035ca       0x38 ./utilities/str/fsl_str.o
 .text.PrintIsdi
                0x00003602       0x2c ./utilities/str/fsl_str.o
 .text.PrintOutputdifFobpu
                0x0000362e       0x44 ./utilities/str/fsl_str.o
 .text.PrintOutputxX
                0x00003672       0x44 ./utilities/str/fsl_str.o
 .text.PrintIsfF
                0x000036b6       0x2c ./utilities/str/fsl_str.o
 .text.PrintIsxX
                0x000036e2       0x2c ./utilities/str/fsl_str.o
 .text.PrintFilterLengthFlag
                0x0000370e       0x3e ./utilities/str/fsl_str.o
 .text.PrintGetRadixFromobpu
                0x0000374c       0x40 ./utilities/str/fsl_str.o
 .text.ConvertRadixNumToString
                0x0000378c       0xc2 ./utilities/str/fsl_str.o
 .text.StrFormatExaminedi
                0x0000384e       0x26 ./utilities/str/fsl_str.o
 .text.StrFormatExaminexX
                0x00003874       0x26 ./utilities/str/fsl_str.o
 .text.StrFormatExamineobpu
                0x0000389a       0x26 ./utilities/str/fsl_str.o
 .text.ConvertPrecisionWidthToLength
                0x000038c0       0x20 ./utilities/str/fsl_str.o
 .text.StrFormatPrintf
                0x000038e0      0x2bc ./utilities/str/fsl_str.o
                0x000038e0                StrFormatPrintf
 .text.DbgConsole_PrintCallback
                0x00003b9c       0x66 ./utilities/debug_console/fsl_debug_console.o
 .text.DbgConsole_Printf
                0x00003c02       0x2c ./utilities/debug_console/fsl_debug_console.o
                0x00003c02                DbgConsole_Printf
 .text.fsl_assert_hook
                0x00003c2e       0x1a ./utilities/fsl_assert.o
                0x00003c2e                fsl_assert_hook
 .text.OR_IRQHandler
                0x00003c48        0x8 ./startup/startup_mcxn947_cm33_core0.o
                0x00003c48                OR_IRQHandler
 .text.EDMA_0_CH0_IRQHandler
                0x00003c50        0x8 ./startup/startup_mcxn947_cm33_core0.o
                0x00003c50                EDMA_0_CH0_IRQHandler
 .text.EDMA_0_CH1_IRQHandler
                0x00003c58        0x8 ./startup/startup_mcxn947_cm33_core0.o
                0x00003c58                EDMA_0_CH1_IRQHandler
 .text.EDMA_0_CH2_IRQHandler
                0x00003c60        0x8 ./startup/startup_mcxn947_cm33_core0.o
                0x00003c60                EDMA_0_CH2_IRQHandler
 .text.EDMA_0_CH3_IRQHandler
                0x00003c68        0x8 ./startup/startup_mcxn947_cm33_core0.o
                0x00003c68                EDMA_0_CH3_IRQHandler
 .text.EDMA_0_CH4_IRQHandler
                0x00003c70        0x8 ./startup/startup_mcxn947_cm33_core0.o
                0x00003c70                EDMA_0_CH4_IRQHandler
 .text.EDMA_0_CH5_IRQHandler
                0x00003c78        0x8 ./startup/startup_mcxn947_cm33_core0.o
                0x00003c78                EDMA_0_CH5_IRQHandler
 .text.EDMA_0_CH6_IRQHandler
                0x00003c80        0x8 ./startup/startup_mcxn947_cm33_core0.o
                0x00003c80                EDMA_0_CH6_IRQHandler
 .text.EDMA_0_CH7_IRQHandler
                0x00003c88        0x8 ./startup/startup_mcxn947_cm33_core0.o
                0x00003c88                EDMA_0_CH7_IRQHandler
 .text.EDMA_0_CH8_IRQHandler
                0x00003c90        0x8 ./startup/startup_mcxn947_cm33_core0.o
                0x00003c90                EDMA_0_CH8_IRQHandler
 .text.EDMA_0_CH9_IRQHandler
                0x00003c98        0x8 ./startup/startup_mcxn947_cm33_core0.o
                0x00003c98                EDMA_0_CH9_IRQHandler
 .text.EDMA_0_CH10_IRQHandler
                0x00003ca0        0x8 ./startup/startup_mcxn947_cm33_core0.o
                0x00003ca0                EDMA_0_CH10_IRQHandler
 .text.EDMA_0_CH11_IRQHandler
                0x00003ca8        0x8 ./startup/startup_mcxn947_cm33_core0.o
                0x00003ca8                EDMA_0_CH11_IRQHandler
 .text.EDMA_0_CH12_IRQHandler
                0x00003cb0        0x8 ./startup/startup_mcxn947_cm33_core0.o
                0x00003cb0                EDMA_0_CH12_IRQHandler
 .text.EDMA_0_CH13_IRQHandler
                0x00003cb8        0x8 ./startup/startup_mcxn947_cm33_core0.o
                0x00003cb8                EDMA_0_CH13_IRQHandler
 .text.EDMA_0_CH14_IRQHandler
                0x00003cc0        0x8 ./startup/startup_mcxn947_cm33_core0.o
                0x00003cc0                EDMA_0_CH14_IRQHandler
 .text.EDMA_0_CH15_IRQHandler
                0x00003cc8        0x8 ./startup/startup_mcxn947_cm33_core0.o
                0x00003cc8                EDMA_0_CH15_IRQHandler
 .text.GPIO00_IRQHandler
                0x00003cd0        0x8 ./startup/startup_mcxn947_cm33_core0.o
                0x00003cd0                GPIO00_IRQHandler
 .text.GPIO01_IRQHandler
                0x00003cd8        0x8 ./startup/startup_mcxn947_cm33_core0.o
                0x00003cd8                GPIO01_IRQHandler
 .text.GPIO10_IRQHandler
                0x00003ce0        0x8 ./startup/startup_mcxn947_cm33_core0.o
                0x00003ce0                GPIO10_IRQHandler
 .text.GPIO11_IRQHandler
                0x00003ce8        0x8 ./startup/startup_mcxn947_cm33_core0.o
                0x00003ce8                GPIO11_IRQHandler
 .text.GPIO20_IRQHandler
                0x00003cf0        0x8 ./startup/startup_mcxn947_cm33_core0.o
                0x00003cf0                GPIO20_IRQHandler
 .text.GPIO21_IRQHandler
                0x00003cf8        0x8 ./startup/startup_mcxn947_cm33_core0.o
                0x00003cf8                GPIO21_IRQHandler
 .text.GPIO30_IRQHandler
                0x00003d00        0x8 ./startup/startup_mcxn947_cm33_core0.o
                0x00003d00                GPIO30_IRQHandler
 .text.GPIO31_IRQHandler
                0x00003d08        0x8 ./startup/startup_mcxn947_cm33_core0.o
                0x00003d08                GPIO31_IRQHandler
 .text.GPIO40_IRQHandler
                0x00003d10        0x8 ./startup/startup_mcxn947_cm33_core0.o
                0x00003d10                GPIO40_IRQHandler
 .text.GPIO41_IRQHandler
                0x00003d18        0x8 ./startup/startup_mcxn947_cm33_core0.o
                0x00003d18                GPIO41_IRQHandler
 .text.GPIO50_IRQHandler
                0x00003d20        0x8 ./startup/startup_mcxn947_cm33_core0.o
                0x00003d20                GPIO50_IRQHandler
 .text.GPIO51_IRQHandler
                0x00003d28        0x8 ./startup/startup_mcxn947_cm33_core0.o
                0x00003d28                GPIO51_IRQHandler
 .text.UTICK0_IRQHandler
                0x00003d30        0x8 ./startup/startup_mcxn947_cm33_core0.o
                0x00003d30                UTICK0_IRQHandler
 .text.MRT0_IRQHandler
                0x00003d38        0x8 ./startup/startup_mcxn947_cm33_core0.o
                0x00003d38                MRT0_IRQHandler
 .text.CTIMER0_IRQHandler
                0x00003d40        0x8 ./startup/startup_mcxn947_cm33_core0.o
                0x00003d40                CTIMER0_IRQHandler
 .text.CTIMER1_IRQHandler
                0x00003d48        0x8 ./startup/startup_mcxn947_cm33_core0.o
                0x00003d48                CTIMER1_IRQHandler
 .text.SCT0_IRQHandler
                0x00003d50        0x8 ./startup/startup_mcxn947_cm33_core0.o
                0x00003d50                SCT0_IRQHandler
 .text.CTIMER2_IRQHandler
                0x00003d58        0x8 ./startup/startup_mcxn947_cm33_core0.o
                0x00003d58                CTIMER2_IRQHandler
 .text.LP_FLEXCOMM0_IRQHandler
                0x00003d60        0x8 ./startup/startup_mcxn947_cm33_core0.o
                0x00003d60                LP_FLEXCOMM0_IRQHandler
 .text.LP_FLEXCOMM1_IRQHandler
                0x00003d68        0x8 ./startup/startup_mcxn947_cm33_core0.o
                0x00003d68                LP_FLEXCOMM1_IRQHandler
 .text.LP_FLEXCOMM2_IRQHandler
                0x00003d70        0x8 ./startup/startup_mcxn947_cm33_core0.o
                0x00003d70                LP_FLEXCOMM2_IRQHandler
 .text.LP_FLEXCOMM3_IRQHandler
                0x00003d78        0x8 ./startup/startup_mcxn947_cm33_core0.o
                0x00003d78                LP_FLEXCOMM3_IRQHandler
 .text.LP_FLEXCOMM4_IRQHandler
                0x00003d80        0x8 ./startup/startup_mcxn947_cm33_core0.o
                0x00003d80                LP_FLEXCOMM4_IRQHandler
 .text.LP_FLEXCOMM5_IRQHandler
                0x00003d88        0x8 ./startup/startup_mcxn947_cm33_core0.o
                0x00003d88                LP_FLEXCOMM5_IRQHandler
 .text.LP_FLEXCOMM6_IRQHandler
                0x00003d90        0x8 ./startup/startup_mcxn947_cm33_core0.o
                0x00003d90                LP_FLEXCOMM6_IRQHandler
 .text.LP_FLEXCOMM7_IRQHandler
                0x00003d98        0x8 ./startup/startup_mcxn947_cm33_core0.o
                0x00003d98                LP_FLEXCOMM7_IRQHandler
 .text.LP_FLEXCOMM8_IRQHandler
                0x00003da0        0x8 ./startup/startup_mcxn947_cm33_core0.o
                0x00003da0                LP_FLEXCOMM8_IRQHandler
 .text.LP_FLEXCOMM9_IRQHandler
                0x00003da8        0x8 ./startup/startup_mcxn947_cm33_core0.o
                0x00003da8                LP_FLEXCOMM9_IRQHandler
 .text.ADC0_IRQHandler
                0x00003db0        0x8 ./startup/startup_mcxn947_cm33_core0.o
                0x00003db0                ADC0_IRQHandler
 .text.ADC1_IRQHandler
                0x00003db8        0x8 ./startup/startup_mcxn947_cm33_core0.o
                0x00003db8                ADC1_IRQHandler
 .text.PINT0_IRQHandler
                0x00003dc0        0x8 ./startup/startup_mcxn947_cm33_core0.o
                0x00003dc0                PINT0_IRQHandler
 .text.PDM_EVENT_IRQHandler
                0x00003dc8        0x8 ./startup/startup_mcxn947_cm33_core0.o
                0x00003dc8                PDM_EVENT_IRQHandler
 .text.Reserved65_IRQHandler
                0x00003dd0        0x8 ./startup/startup_mcxn947_cm33_core0.o
                0x00003dd0                Reserved65_IRQHandler
 .text.USB0_FS_IRQHandler
                0x00003dd8        0x8 ./startup/startup_mcxn947_cm33_core0.o
                0x00003dd8                USB0_FS_IRQHandler
 .text.USB0_DCD_IRQHandler
                0x00003de0        0x8 ./startup/startup_mcxn947_cm33_core0.o
                0x00003de0                USB0_DCD_IRQHandler
 .text.RTC_IRQHandler
                0x00003de8        0x8 ./startup/startup_mcxn947_cm33_core0.o
                0x00003de8                RTC_IRQHandler
 .text.SMARTDMA_IRQHandler
                0x00003df0        0x8 ./startup/startup_mcxn947_cm33_core0.o
                0x00003df0                SMARTDMA_IRQHandler
 .text.MAILBOX_IRQHandler
                0x00003df8        0x8 ./startup/startup_mcxn947_cm33_core0.o
                0x00003df8                MAILBOX_IRQHandler
 .text.CTIMER3_IRQHandler
                0x00003e00        0x8 ./startup/startup_mcxn947_cm33_core0.o
                0x00003e00                CTIMER3_IRQHandler
 .text.CTIMER4_IRQHandler
                0x00003e08        0x8 ./startup/startup_mcxn947_cm33_core0.o
                0x00003e08                CTIMER4_IRQHandler
 .text.OS_EVENT_IRQHandler
                0x00003e10        0x8 ./startup/startup_mcxn947_cm33_core0.o
                0x00003e10                OS_EVENT_IRQHandler
 .text.FLEXSPI0_IRQHandler
                0x00003e18        0x8 ./startup/startup_mcxn947_cm33_core0.o
                0x00003e18                FLEXSPI0_IRQHandler
 .text.SAI0_IRQHandler
                0x00003e20        0x8 ./startup/startup_mcxn947_cm33_core0.o
                0x00003e20                SAI0_IRQHandler
 .text.SAI1_IRQHandler
                0x00003e28        0x8 ./startup/startup_mcxn947_cm33_core0.o
                0x00003e28                SAI1_IRQHandler
 .text.USDHC0_IRQHandler
                0x00003e30        0x8 ./startup/startup_mcxn947_cm33_core0.o
                0x00003e30                USDHC0_IRQHandler
 .text.CAN0_IRQHandler
                0x00003e38        0x8 ./startup/startup_mcxn947_cm33_core0.o
                0x00003e38                CAN0_IRQHandler
 .text.CAN1_IRQHandler
                0x00003e40        0x8 ./startup/startup_mcxn947_cm33_core0.o
                0x00003e40                CAN1_IRQHandler
 .text.Reserved80_IRQHandler
                0x00003e48        0x8 ./startup/startup_mcxn947_cm33_core0.o
                0x00003e48                Reserved80_IRQHandler
 .text.Reserved81_IRQHandler
                0x00003e50        0x8 ./startup/startup_mcxn947_cm33_core0.o
                0x00003e50                Reserved81_IRQHandler
 .text.USB1_HS_PHY_IRQHandler
                0x00003e58        0x8 ./startup/startup_mcxn947_cm33_core0.o
                0x00003e58                USB1_HS_PHY_IRQHandler
 .text.USB1_HS_IRQHandler
                0x00003e60        0x8 ./startup/startup_mcxn947_cm33_core0.o
                0x00003e60                USB1_HS_IRQHandler
 .text.SEC_HYPERVISOR_CALL_IRQHandler
                0x00003e68        0x8 ./startup/startup_mcxn947_cm33_core0.o
                0x00003e68                SEC_HYPERVISOR_CALL_IRQHandler
 .text.Reserved85_IRQHandler
                0x00003e70        0x8 ./startup/startup_mcxn947_cm33_core0.o
                0x00003e70                Reserved85_IRQHandler
 .text.PLU_IRQHandler
                0x00003e78        0x8 ./startup/startup_mcxn947_cm33_core0.o
                0x00003e78                PLU_IRQHandler
 .text.Freqme_IRQHandler
                0x00003e80        0x8 ./startup/startup_mcxn947_cm33_core0.o
                0x00003e80                Freqme_IRQHandler
 .text.SEC_VIO_IRQHandler
                0x00003e88        0x8 ./startup/startup_mcxn947_cm33_core0.o
                0x00003e88                SEC_VIO_IRQHandler
 .text.ELS_IRQHandler
                0x00003e90        0x8 ./startup/startup_mcxn947_cm33_core0.o
                0x00003e90                ELS_IRQHandler
 .text.PKC_IRQHandler
                0x00003e98        0x8 ./startup/startup_mcxn947_cm33_core0.o
                0x00003e98                PKC_IRQHandler
 .text.PUF_IRQHandler
                0x00003ea0        0x8 ./startup/startup_mcxn947_cm33_core0.o
                0x00003ea0                PUF_IRQHandler
 .text.PQ_IRQHandler
                0x00003ea8        0x8 ./startup/startup_mcxn947_cm33_core0.o
                0x00003ea8                PQ_IRQHandler
 .text.EDMA_1_CH0_IRQHandler
                0x00003eb0        0x8 ./startup/startup_mcxn947_cm33_core0.o
                0x00003eb0                EDMA_1_CH0_IRQHandler
 .text.EDMA_1_CH1_IRQHandler
                0x00003eb8        0x8 ./startup/startup_mcxn947_cm33_core0.o
                0x00003eb8                EDMA_1_CH1_IRQHandler
 .text.EDMA_1_CH2_IRQHandler
                0x00003ec0        0x8 ./startup/startup_mcxn947_cm33_core0.o
                0x00003ec0                EDMA_1_CH2_IRQHandler
 .text.EDMA_1_CH3_IRQHandler
                0x00003ec8        0x8 ./startup/startup_mcxn947_cm33_core0.o
                0x00003ec8                EDMA_1_CH3_IRQHandler
 .text.EDMA_1_CH4_IRQHandler
                0x00003ed0        0x8 ./startup/startup_mcxn947_cm33_core0.o
                0x00003ed0                EDMA_1_CH4_IRQHandler
 .text.EDMA_1_CH5_IRQHandler
                0x00003ed8        0x8 ./startup/startup_mcxn947_cm33_core0.o
                0x00003ed8                EDMA_1_CH5_IRQHandler
 .text.EDMA_1_CH6_IRQHandler
                0x00003ee0        0x8 ./startup/startup_mcxn947_cm33_core0.o
                0x00003ee0                EDMA_1_CH6_IRQHandler
 .text.EDMA_1_CH7_IRQHandler
                0x00003ee8        0x8 ./startup/startup_mcxn947_cm33_core0.o
                0x00003ee8                EDMA_1_CH7_IRQHandler
 .text.EDMA_1_CH8_IRQHandler
                0x00003ef0        0x8 ./startup/startup_mcxn947_cm33_core0.o
                0x00003ef0                EDMA_1_CH8_IRQHandler
 .text.EDMA_1_CH9_IRQHandler
                0x00003ef8        0x8 ./startup/startup_mcxn947_cm33_core0.o
                0x00003ef8                EDMA_1_CH9_IRQHandler
 .text.EDMA_1_CH10_IRQHandler
                0x00003f00        0x8 ./startup/startup_mcxn947_cm33_core0.o
                0x00003f00                EDMA_1_CH10_IRQHandler
 .text.EDMA_1_CH11_IRQHandler
                0x00003f08        0x8 ./startup/startup_mcxn947_cm33_core0.o
                0x00003f08                EDMA_1_CH11_IRQHandler
 .text.EDMA_1_CH12_IRQHandler
                0x00003f10        0x8 ./startup/startup_mcxn947_cm33_core0.o
                0x00003f10                EDMA_1_CH12_IRQHandler
 .text.EDMA_1_CH13_IRQHandler
                0x00003f18        0x8 ./startup/startup_mcxn947_cm33_core0.o
                0x00003f18                EDMA_1_CH13_IRQHandler
 .text.EDMA_1_CH14_IRQHandler
                0x00003f20        0x8 ./startup/startup_mcxn947_cm33_core0.o
                0x00003f20                EDMA_1_CH14_IRQHandler
 .text.EDMA_1_CH15_IRQHandler
                0x00003f28        0x8 ./startup/startup_mcxn947_cm33_core0.o
                0x00003f28                EDMA_1_CH15_IRQHandler
 .text.CDOG0_IRQHandler
                0x00003f30        0x8 ./startup/startup_mcxn947_cm33_core0.o
                0x00003f30                CDOG0_IRQHandler
 .text.CDOG1_IRQHandler
                0x00003f38        0x8 ./startup/startup_mcxn947_cm33_core0.o
                0x00003f38                CDOG1_IRQHandler
 .text.I3C0_IRQHandler
                0x00003f40        0x8 ./startup/startup_mcxn947_cm33_core0.o
                0x00003f40                I3C0_IRQHandler
 .text.I3C1_IRQHandler
                0x00003f48        0x8 ./startup/startup_mcxn947_cm33_core0.o
                0x00003f48                I3C1_IRQHandler
 .text.NPU_IRQHandler
                0x00003f50        0x8 ./startup/startup_mcxn947_cm33_core0.o
                0x00003f50                NPU_IRQHandler
 .text.GDET_IRQHandler
                0x00003f58        0x8 ./startup/startup_mcxn947_cm33_core0.o
                0x00003f58                GDET_IRQHandler
 .text.VBAT0_IRQHandler
                0x00003f60        0x8 ./startup/startup_mcxn947_cm33_core0.o
                0x00003f60                VBAT0_IRQHandler
 .text.EWM0_IRQHandler
                0x00003f68        0x8 ./startup/startup_mcxn947_cm33_core0.o
                0x00003f68                EWM0_IRQHandler
 .text.TSI_END_OF_SCAN_IRQHandler
                0x00003f70        0x8 ./startup/startup_mcxn947_cm33_core0.o
                0x00003f70                TSI_END_OF_SCAN_IRQHandler
 .text.TSI_OUT_OF_SCAN_IRQHandler
                0x00003f78        0x8 ./startup/startup_mcxn947_cm33_core0.o
                0x00003f78                TSI_OUT_OF_SCAN_IRQHandler
 .text.EMVSIM0_IRQHandler
                0x00003f80        0x8 ./startup/startup_mcxn947_cm33_core0.o
                0x00003f80                EMVSIM0_IRQHandler
 .text.EMVSIM1_IRQHandler
                0x00003f88        0x8 ./startup/startup_mcxn947_cm33_core0.o
                0x00003f88                EMVSIM1_IRQHandler
 .text.FLEXIO_IRQHandler
                0x00003f90        0x8 ./startup/startup_mcxn947_cm33_core0.o
                0x00003f90                FLEXIO_IRQHandler
 .text.DAC0_IRQHandler
                0x00003f98        0x8 ./startup/startup_mcxn947_cm33_core0.o
                0x00003f98                DAC0_IRQHandler
 .text.DAC1_IRQHandler
                0x00003fa0        0x8 ./startup/startup_mcxn947_cm33_core0.o
                0x00003fa0                DAC1_IRQHandler
 .text.DAC2_IRQHandler
                0x00003fa8        0x8 ./startup/startup_mcxn947_cm33_core0.o
                0x00003fa8                DAC2_IRQHandler
 .text.HSCMP0_IRQHandler
                0x00003fb0        0x8 ./startup/startup_mcxn947_cm33_core0.o
                0x00003fb0                HSCMP0_IRQHandler
 .text.HSCMP1_IRQHandler
                0x00003fb8        0x8 ./startup/startup_mcxn947_cm33_core0.o
                0x00003fb8                HSCMP1_IRQHandler
 .text.HSCMP2_IRQHandler
                0x00003fc0        0x8 ./startup/startup_mcxn947_cm33_core0.o
                0x00003fc0                HSCMP2_IRQHandler
 .text.FLEXPWM0_RELOAD_ERROR_IRQHandler
                0x00003fc8        0x8 ./startup/startup_mcxn947_cm33_core0.o
                0x00003fc8                FLEXPWM0_RELOAD_ERROR_IRQHandler
 .text.FLEXPWM0_FAULT_IRQHandler
                0x00003fd0        0x8 ./startup/startup_mcxn947_cm33_core0.o
                0x00003fd0                FLEXPWM0_FAULT_IRQHandler
 .text.FLEXPWM0_SUBMODULE0_IRQHandler
                0x00003fd8        0x8 ./startup/startup_mcxn947_cm33_core0.o
                0x00003fd8                FLEXPWM0_SUBMODULE0_IRQHandler
 .text.FLEXPWM0_SUBMODULE1_IRQHandler
                0x00003fe0        0x8 ./startup/startup_mcxn947_cm33_core0.o
                0x00003fe0                FLEXPWM0_SUBMODULE1_IRQHandler
 .text.FLEXPWM0_SUBMODULE2_IRQHandler
                0x00003fe8        0x8 ./startup/startup_mcxn947_cm33_core0.o
                0x00003fe8                FLEXPWM0_SUBMODULE2_IRQHandler
 .text.FLEXPWM0_SUBMODULE3_IRQHandler
                0x00003ff0        0x8 ./startup/startup_mcxn947_cm33_core0.o
                0x00003ff0                FLEXPWM0_SUBMODULE3_IRQHandler
 .text.FLEXPWM1_RELOAD_ERROR_IRQHandler
                0x00003ff8        0x8 ./startup/startup_mcxn947_cm33_core0.o
                0x00003ff8                FLEXPWM1_RELOAD_ERROR_IRQHandler
 .text.FLEXPWM1_FAULT_IRQHandler
                0x00004000        0x8 ./startup/startup_mcxn947_cm33_core0.o
                0x00004000                FLEXPWM1_FAULT_IRQHandler
 .text.FLEXPWM1_SUBMODULE0_IRQHandler
                0x00004008        0x8 ./startup/startup_mcxn947_cm33_core0.o
                0x00004008                FLEXPWM1_SUBMODULE0_IRQHandler
 .text.FLEXPWM1_SUBMODULE1_IRQHandler
                0x00004010        0x8 ./startup/startup_mcxn947_cm33_core0.o
                0x00004010                FLEXPWM1_SUBMODULE1_IRQHandler
 .text.FLEXPWM1_SUBMODULE2_IRQHandler
                0x00004018        0x8 ./startup/startup_mcxn947_cm33_core0.o
                0x00004018                FLEXPWM1_SUBMODULE2_IRQHandler
 .text.FLEXPWM1_SUBMODULE3_IRQHandler
                0x00004020        0x8 ./startup/startup_mcxn947_cm33_core0.o
                0x00004020                FLEXPWM1_SUBMODULE3_IRQHandler
 .text.QDC0_COMPARE_IRQHandler
                0x00004028        0x8 ./startup/startup_mcxn947_cm33_core0.o
                0x00004028                QDC0_COMPARE_IRQHandler
 .text.QDC0_HOME_IRQHandler
                0x00004030        0x8 ./startup/startup_mcxn947_cm33_core0.o
                0x00004030                QDC0_HOME_IRQHandler
 .text.QDC0_WDG_SAB_IRQHandler
                0x00004038        0x8 ./startup/startup_mcxn947_cm33_core0.o
                0x00004038                QDC0_WDG_SAB_IRQHandler
 .text.QDC0_IDX_IRQHandler
                0x00004040        0x8 ./startup/startup_mcxn947_cm33_core0.o
                0x00004040                QDC0_IDX_IRQHandler
 .text.QDC1_COMPARE_IRQHandler
                0x00004048        0x8 ./startup/startup_mcxn947_cm33_core0.o
                0x00004048                QDC1_COMPARE_IRQHandler
 .text.QDC1_HOME_IRQHandler
                0x00004050        0x8 ./startup/startup_mcxn947_cm33_core0.o
                0x00004050                QDC1_HOME_IRQHandler
 .text.QDC1_WDG_SAB_IRQHandler
                0x00004058        0x8 ./startup/startup_mcxn947_cm33_core0.o
                0x00004058                QDC1_WDG_SAB_IRQHandler
 .text.QDC1_IDX_IRQHandler
                0x00004060        0x8 ./startup/startup_mcxn947_cm33_core0.o
                0x00004060                QDC1_IDX_IRQHandler
 .text.ITRC0_IRQHandler
                0x00004068        0x8 ./startup/startup_mcxn947_cm33_core0.o
                0x00004068                ITRC0_IRQHandler
 .text.BSP32_IRQHandler
                0x00004070        0x8 ./startup/startup_mcxn947_cm33_core0.o
                0x00004070                BSP32_IRQHandler
 .text.ELS_ERR_IRQHandler
                0x00004078        0x8 ./startup/startup_mcxn947_cm33_core0.o
                0x00004078                ELS_ERR_IRQHandler
 .text.PKC_ERR_IRQHandler
                0x00004080        0x8 ./startup/startup_mcxn947_cm33_core0.o
                0x00004080                PKC_ERR_IRQHandler
 .text.ERM_SINGLE_BIT_ERROR_IRQHandler
                0x00004088        0x8 ./startup/startup_mcxn947_cm33_core0.o
                0x00004088                ERM_SINGLE_BIT_ERROR_IRQHandler
 .text.ERM_MULTI_BIT_ERROR_IRQHandler
                0x00004090        0x8 ./startup/startup_mcxn947_cm33_core0.o
                0x00004090                ERM_MULTI_BIT_ERROR_IRQHandler
 .text.FMU0_IRQHandler
                0x00004098        0x8 ./startup/startup_mcxn947_cm33_core0.o
                0x00004098                FMU0_IRQHandler
 .text.ETHERNET_IRQHandler
                0x000040a0        0x8 ./startup/startup_mcxn947_cm33_core0.o
                0x000040a0                ETHERNET_IRQHandler
 .text.ETHERNET_PMT_IRQHandler
                0x000040a8        0x8 ./startup/startup_mcxn947_cm33_core0.o
                0x000040a8                ETHERNET_PMT_IRQHandler
 .text.ETHERNET_MACLP_IRQHandler
                0x000040b0        0x8 ./startup/startup_mcxn947_cm33_core0.o
                0x000040b0                ETHERNET_MACLP_IRQHandler
 .text.SINC_FILTER_IRQHandler
                0x000040b8        0x8 ./startup/startup_mcxn947_cm33_core0.o
                0x000040b8                SINC_FILTER_IRQHandler
 .text.LPTMR0_IRQHandler
                0x000040c0        0x8 ./startup/startup_mcxn947_cm33_core0.o
                0x000040c0                LPTMR0_IRQHandler
 .text.LPTMR1_IRQHandler
                0x000040c8        0x8 ./startup/startup_mcxn947_cm33_core0.o
                0x000040c8                LPTMR1_IRQHandler
 .text.SCG_IRQHandler
                0x000040d0        0x8 ./startup/startup_mcxn947_cm33_core0.o
                0x000040d0                SCG_IRQHandler
 .text.SPC_IRQHandler
                0x000040d8        0x8 ./startup/startup_mcxn947_cm33_core0.o
                0x000040d8                SPC_IRQHandler
 .text.WUU_IRQHandler
                0x000040e0        0x8 ./startup/startup_mcxn947_cm33_core0.o
                0x000040e0                WUU_IRQHandler
 .text.PORT_EFT_IRQHandler
                0x000040e8        0x8 ./startup/startup_mcxn947_cm33_core0.o
                0x000040e8                PORT_EFT_IRQHandler
 .text.ETB0_IRQHandler
                0x000040f0        0x8 ./startup/startup_mcxn947_cm33_core0.o
                0x000040f0                ETB0_IRQHandler
 .text.Reserved166_IRQHandler
                0x000040f8        0x8 ./startup/startup_mcxn947_cm33_core0.o
                0x000040f8                Reserved166_IRQHandler
 .text.Reserved167_IRQHandler
                0x00004100        0x8 ./startup/startup_mcxn947_cm33_core0.o
                0x00004100                Reserved167_IRQHandler
 .text.WWDT0_IRQHandler
                0x00004108        0x8 ./startup/startup_mcxn947_cm33_core0.o
                0x00004108                WWDT0_IRQHandler
 .text.WWDT1_IRQHandler
                0x00004110        0x8 ./startup/startup_mcxn947_cm33_core0.o
                0x00004110                WWDT1_IRQHandler
 .text.CMC0_IRQHandler
                0x00004118        0x8 ./startup/startup_mcxn947_cm33_core0.o
                0x00004118                CMC0_IRQHandler
 .text.CTI0_IRQHandler
                0x00004120        0x8 ./startup/startup_mcxn947_cm33_core0.o
                0x00004120                CTI0_IRQHandler
 .text.Delay_ms
                0x00004128       0x20 ./source/Qwen3_Coder_test.o
 .text.HardFault_Handler
                0x00004148       0x36 ./source/semihost_hardfault.o
                0x00004148                HardFault_Handler
 .text.CLOCK_GetPll0OutFreq
                0x0000417e       0x88 ./drivers/fsl_clock.o
                0x0000417e                CLOCK_GetPll0OutFreq
 .text.CLOCK_GetPll1OutFreq
                0x00004206       0x82 ./drivers/fsl_clock.o
                0x00004206                CLOCK_GetPll1OutFreq
 .text.CLOCK_EnableClock
                0x00004288       0x94 ./drivers/fsl_i3c.o
 .text.I3C_MasterGetStatusFlags
                0x0000431c       0x1e ./drivers/fsl_i3c.o
 .text.I3C_MasterClearStatusFlags
                0x0000433a       0x1e ./drivers/fsl_i3c.o
 .text.I3C_MasterGetErrorStatusFlags
                0x00004358       0x1a ./drivers/fsl_i3c.o
 .text.I3C_MasterClearErrorStatusFlags
                0x00004372       0x30 ./drivers/fsl_i3c.o
 .text.I3C_MasterEnableInterrupts
                0x000043a2       0x26 ./drivers/fsl_i3c.o
 .text.I3C_MasterDisableInterrupts
                0x000043c8       0x1e ./drivers/fsl_i3c.o
 .text.I3C_MasterGetEnabledInterrupts
                0x000043e6       0x1a ./drivers/fsl_i3c.o
 .text.I3C_MasterSetWatermarks
                0x00004400       0x5c ./drivers/fsl_i3c.o
 .text.I3C_MasterGetFifoCounts
                0x0000445c       0x44 ./drivers/fsl_i3c.o
 .text.I3C_MasterGetBusIdleState
                0x000044a0       0x28 ./drivers/fsl_i3c.o
 .text.I3C_MasterWaitForCtrlDone
                0x000044c8       0x76 ./drivers/fsl_i3c.o
                0x000044c8                I3C_MasterWaitForCtrlDone
 .text.I3C_MasterWaitForTxReady
                0x0000453e       0x62 ./drivers/fsl_i3c.o
 .text.I3C_MasterWaitForComplete
                0x000045a0       0x62 ./drivers/fsl_i3c.o
 .text.I3C_CheckForBusyBus
                0x00004602       0x24 ./drivers/fsl_i3c.o
                0x00004602                I3C_CheckForBusyBus
 .text.I3C_CalcErrorRatio
                0x00004626       0x44 ./drivers/fsl_i3c.o
 .text.I3C_MasterEmitRequest
                0x0000466a       0x50 ./drivers/fsl_i3c.o
                0x0000466a                I3C_MasterEmitRequest
 .text.I3C_MasterStartPolling
                0x000046ba       0x70 ./drivers/fsl_i3c.o
 .text.CLOCK_EnableClock
                0x0000472a       0x94 ./drivers/fsl_lpflexcomm.o
 .text.LP_FLEXCOMM_PeripheralIsPresent
                0x000047be       0x52 ./drivers/fsl_lpflexcomm.o
 .text.LP_FLEXCOMM0_DriverIRQHandler
                0x00004810        0xe ./drivers/fsl_lpflexcomm.o
                0x00004810                LP_FLEXCOMM0_DriverIRQHandler
 .text.LP_FLEXCOMM1_DriverIRQHandler
                0x0000481e        0xe ./drivers/fsl_lpflexcomm.o
                0x0000481e                LP_FLEXCOMM1_DriverIRQHandler
 .text.LP_FLEXCOMM2_DriverIRQHandler
                0x0000482c        0xe ./drivers/fsl_lpflexcomm.o
                0x0000482c                LP_FLEXCOMM2_DriverIRQHandler
 .text.LP_FLEXCOMM3_DriverIRQHandler
                0x0000483a        0xe ./drivers/fsl_lpflexcomm.o
                0x0000483a                LP_FLEXCOMM3_DriverIRQHandler
 .text.LP_FLEXCOMM4_DriverIRQHandler
                0x00004848        0xe ./drivers/fsl_lpflexcomm.o
                0x00004848                LP_FLEXCOMM4_DriverIRQHandler
 .text.LP_FLEXCOMM5_DriverIRQHandler
                0x00004856        0xe ./drivers/fsl_lpflexcomm.o
                0x00004856                LP_FLEXCOMM5_DriverIRQHandler
 .text.LP_FLEXCOMM6_DriverIRQHandler
                0x00004864        0xe ./drivers/fsl_lpflexcomm.o
                0x00004864                LP_FLEXCOMM6_DriverIRQHandler
 .text.LP_FLEXCOMM7_DriverIRQHandler
                0x00004872        0xe ./drivers/fsl_lpflexcomm.o
                0x00004872                LP_FLEXCOMM7_DriverIRQHandler
 .text.LP_FLEXCOMM8_DriverIRQHandler
                0x00004880        0xe ./drivers/fsl_lpflexcomm.o
                0x00004880                LP_FLEXCOMM8_DriverIRQHandler
 .text.LP_FLEXCOMM9_DriverIRQHandler
                0x0000488e        0xe ./drivers/fsl_lpflexcomm.o
                0x0000488e                LP_FLEXCOMM9_DriverIRQHandler
 .text.LPUART_SoftwareReset
                0x0000489c       0x2c ./drivers/fsl_lpuart.o
 .text.RESET_PeripheralReset
                0x000048c8       0x24 ./drivers/fsl_reset.o
                0x000048c8                RESET_PeripheralReset
 .text.SPC_GetActiveModeBandgapMode
                0x000048ec       0x22 ./drivers/fsl_spc.o
 .text.SPC_GetActiveModeVoltageDetectStatus
                0x0000490e       0x22 ./drivers/fsl_spc.o
 .text.SPC_GetActiveModeCoreLDOVDDVoltageLevel
                0x00004930       0x22 ./drivers/fsl_spc.o
 .text.SPC_GetActiveModeCoreLDODriveStrength
                0x00004952       0x22 ./drivers/fsl_spc.o
 .text.SPC_SetActiveModeDCDCRegulatorVoltageLevel
                0x00004974       0x32 ./drivers/fsl_spc.o
 .text.SPC_SetActiveModeCoreLDORegulatorVoltageLevel
                0x000049a6       0x60 ./drivers/fsl_spc.o
                0x000049a6                SPC_SetActiveModeCoreLDORegulatorVoltageLevel
 .text.SPC_SetActiveModeCoreLDORegulatorDriveStrength
                0x00004a06       0x5e ./drivers/fsl_spc.o
                0x00004a06                SPC_SetActiveModeCoreLDORegulatorDriveStrength
 .text.SPC_SetActiveModeDCDCRegulatorDriveStrength
                0x00004a64       0x48 ./drivers/fsl_spc.o
                0x00004a64                SPC_SetActiveModeDCDCRegulatorDriveStrength
 .text.SystemInitHook
                0x00004aac        0xe ./device/system_MCXN947_cm33_core0.o
                0x00004aac                SystemInitHook
 .text.HAL_UartGetStatus
                0x00004aba       0x28 ./component/uart/fsl_adapter_lpuart.o
 .text.DisableGlobalIRQ
                0x00004ae2       0x22 ./component/serial_manager/fsl_component_serial_manager.o
 .text.EnableGlobalIRQ
                0x00004b04       0x20 ./component/serial_manager/fsl_component_serial_manager.o
 .text.SerialManager_StartWriting
                0x00004b24       0x38 ./component/serial_manager/fsl_component_serial_manager.o
 .text.SerialManager_Write
                0x00004b5c       0x44 ./component/serial_manager/fsl_component_serial_manager.o
 .text.SerialManager_Init
                0x00004ba0       0x60 ./component/serial_manager/fsl_component_serial_manager.o
                0x00004ba0                SerialManager_Init
 .text.SerialManager_OpenWriteHandle
                0x00004c00       0x50 ./component/serial_manager/fsl_component_serial_manager.o
                0x00004c00                SerialManager_OpenWriteHandle
 .text.SerialManager_OpenReadHandle
                0x00004c50       0x60 ./component/serial_manager/fsl_component_serial_manager.o
                0x00004c50                SerialManager_OpenReadHandle
 .text.SerialManager_WriteBlocking
                0x00004cb0       0x20 ./component/serial_manager/fsl_component_serial_manager.o
                0x00004cb0                SerialManager_WriteBlocking
 .text.Serial_UartInit
                0x00004cd0       0x3e ./component/serial_manager/fsl_component_serial_port_uart.o
                0x00004cd0                Serial_UartInit
 .text.Serial_UartWrite
                0x00004d0e       0x38 ./component/serial_manager/fsl_component_serial_port_uart.o
                0x00004d0e                Serial_UartWrite
 .text.CLOCK_EnableClock
                0x00004d46       0x94 ./board/clock_config.o
 .text.BOARD_InitBootClocks
                0x00004dda        0xc ./board/clock_config.o
                0x00004dda                BOARD_InitBootClocks
 .text.CLOCK_EnableClock
                0x00004de6       0x94 ./board/pin_mux.o
 .text.PORT_SetPinMux
                0x00004e7a       0x3e ./board/pin_mux.o
 .text.BOARD_InitBootPins
                0x00004eb8        0xc ./board/pin_mux.o
                0x00004eb8                BOARD_InitBootPins
 .text.__main   0x00004ec4        0xe /Applications/MCUXpressoIDE_25.6.136/ide/plugins/com.nxp.mcuxpresso.tools.macosx_25.6.0.202501151204/tools/bin/../lib/gcc/arm-none-eabi/14.2.1/../../../../arm-none-eabi/lib/thumb/v8-m.main+fp/hard/libcr_nohost_nf.a(_cr__main.o)
                0x00004ec4                __main
 .text.memcpy   0x00004ed2        0x4 /Applications/MCUXpressoIDE_25.6.136/ide/plugins/com.nxp.mcuxpresso.tools.macosx_25.6.0.202501151204/tools/bin/../lib/gcc/arm-none-eabi/14.2.1/../../../../arm-none-eabi/lib/thumb/v8-m.main+fp/hard/libcr_c.a(memcpy.o)
                0x00004ed2                memcpy
 .text.memset   0x00004ed6        0x4 /Applications/MCUXpressoIDE_25.6.136/ide/plugins/com.nxp.mcuxpresso.tools.macosx_25.6.0.202501151204/tools/bin/../lib/gcc/arm-none-eabi/14.2.1/../../../../arm-none-eabi/lib/thumb/v8-m.main+fp/hard/libcr_c.a(memset.o)
                0x00004ed6                memset
 .text.free     0x00004eda       0x30 /Applications/MCUXpressoIDE_25.6.136/ide/plugins/com.nxp.mcuxpresso.tools.macosx_25.6.0.202501151204/tools/bin/../lib/gcc/arm-none-eabi/14.2.1/../../../../arm-none-eabi/lib/thumb/v8-m.main+fp/hard/libcr_c.a(alloc.o)
                0x00004eda                free
 .text.setvbuf  0x00004f0a       0x3e /Applications/MCUXpressoIDE_25.6.136/ide/plugins/com.nxp.mcuxpresso.tools.macosx_25.6.0.202501151204/tools/bin/../lib/gcc/arm-none-eabi/14.2.1/../../../../arm-none-eabi/lib/thumb/v8-m.main+fp/hard/libcr_c.a(setvbuf.o)
                0x00004f0a                setvbuf
 .text.strlen   0x00004f48       0x4e /Applications/MCUXpressoIDE_25.6.136/ide/plugins/com.nxp.mcuxpresso.tools.macosx_25.6.0.202501151204/tools/bin/../lib/gcc/arm-none-eabi/14.2.1/../../../../arm-none-eabi/lib/thumb/v8-m.main+fp/hard/libcr_c.a(strlen.o)
                0x00004f48                strlen
 .text._deferredlazyseek
                0x00004f96       0x40 /Applications/MCUXpressoIDE_25.6.136/ide/plugins/com.nxp.mcuxpresso.tools.macosx_25.6.0.202501151204/tools/bin/../lib/gcc/arm-none-eabi/14.2.1/../../../../arm-none-eabi/lib/thumb/v8-m.main+fp/hard/libcr_c.a(_deferredlazyseek.o)
                0x00004f96                _deferredlazyseek
 .text._fdopen  0x00004fd6       0x68 /Applications/MCUXpressoIDE_25.6.136/ide/plugins/com.nxp.mcuxpresso.tools.macosx_25.6.0.202501151204/tools/bin/../lib/gcc/arm-none-eabi/14.2.1/../../../../arm-none-eabi/lib/thumb/v8-m.main+fp/hard/libcr_c.a(_fdopen.o)
                0x00004fd6                _fdopen
 .text._fflush  0x0000503e       0x52 /Applications/MCUXpressoIDE_25.6.136/ide/plugins/com.nxp.mcuxpresso.tools.macosx_25.6.0.202501151204/tools/bin/../lib/gcc/arm-none-eabi/14.2.1/../../../../arm-none-eabi/lib/thumb/v8-m.main+fp/hard/libcr_c.a(_fflush.o)
                0x0000503e                _fflush
 .text.fclose   0x00005090       0x58 /Applications/MCUXpressoIDE_25.6.136/ide/plugins/com.nxp.mcuxpresso.tools.macosx_25.6.0.202501151204/tools/bin/../lib/gcc/arm-none-eabi/14.2.1/../../../../arm-none-eabi/lib/thumb/v8-m.main+fp/hard/libcr_c.a(fclose.o)
                0x00005090                fclose
 .text.remove   0x000050e8       0x14 /Applications/MCUXpressoIDE_25.6.136/ide/plugins/com.nxp.mcuxpresso.tools.macosx_25.6.0.202501151204/tools/bin/../lib/gcc/arm-none-eabi/14.2.1/../../../../arm-none-eabi/lib/thumb/v8-m.main+fp/hard/libcr_c.a(remove.o)
                0x000050e8                remove
 .text._do_fflush
                0x000050fc       0x40 /Applications/MCUXpressoIDE_25.6.136/ide/plugins/com.nxp.mcuxpresso.tools.macosx_25.6.0.202501151204/tools/bin/../lib/gcc/arm-none-eabi/14.2.1/../../../../arm-none-eabi/lib/thumb/v8-m.main+fp/hard/libcr_c.a(_do_fflush.o)
                0x000050fc                _do_fflush
 .text.__aeabi_division_uldivmod
                0x0000513c      0x174 /Applications/MCUXpressoIDE_25.6.136/ide/plugins/com.nxp.mcuxpresso.tools.macosx_25.6.0.202501151204/tools/bin/../lib/gcc/arm-none-eabi/14.2.1/thumb/v8-m.main+fp/hard/libcr_eabihelpers.a(division_64.o)
                0x0000513c                __aeabi_uldivmod
                0x00005140                __bhs_ldivmod1
 .text.__aeabi_division_idiv0
                0x000052b0        0x2 /Applications/MCUXpressoIDE_25.6.136/ide/plugins/com.nxp.mcuxpresso.tools.macosx_25.6.0.202501151204/tools/bin/../lib/gcc/arm-none-eabi/14.2.1/thumb/v8-m.main+fp/hard/libcr_eabihelpers.a(division_idiv0.o)
                0x000052b0                __aeabi_idiv0
 .text.__aeabi_f2ulz
                0x000052b2       0x3e /Applications/MCUXpressoIDE_25.6.136/ide/plugins/com.nxp.mcuxpresso.tools.macosx_25.6.0.202501151204/tools/bin/../lib/gcc/arm-none-eabi/14.2.1/thumb/v8-m.main+fp/hard/libcr_eabihelpers.a(float.o)
                0x000052b2                __aeabi_f2ulz
 .text.__aeabi_memcpy
                0x000052f0       0x34 /Applications/MCUXpressoIDE_25.6.136/ide/plugins/com.nxp.mcuxpresso.tools.macosx_25.6.0.202501151204/tools/bin/../lib/gcc/arm-none-eabi/14.2.1/thumb/v8-m.main+fp/hard/libcr_eabihelpers.a(memcpy.o)
                0x000052f0                __aeabi_memcpy
                0x000052fa                __aeabi_memcpy4
                0x000052fa                __aeabi_memcpy8
 .text.__aeabi_memset_lowlevel
                0x00005324       0x32 /Applications/MCUXpressoIDE_25.6.136/ide/plugins/com.nxp.mcuxpresso.tools.macosx_25.6.0.202501151204/tools/bin/../lib/gcc/arm-none-eabi/14.2.1/thumb/v8-m.main+fp/hard/libcr_eabihelpers.a(memcpy.o)
                0x00005324                __aeabi_lowlevel_memset
 .text.__sys_close
                0x00005356        0x6 /Applications/MCUXpressoIDE_25.6.136/ide/plugins/com.nxp.mcuxpresso.tools.macosx_25.6.0.202501151204/tools/bin/../lib/gcc/arm-none-eabi/14.2.1/../../../../arm-none-eabi/lib/thumb/v8-m.main+fp/hard/libcr_nohost_nf.a(__sys_close.o)
                0x00005356                __sys_close
 .text.__sys_flen
                0x0000535c        0x6 /Applications/MCUXpressoIDE_25.6.136/ide/plugins/com.nxp.mcuxpresso.tools.macosx_25.6.0.202501151204/tools/bin/../lib/gcc/arm-none-eabi/14.2.1/../../../../arm-none-eabi/lib/thumb/v8-m.main+fp/hard/libcr_nohost_nf.a(__sys_flen.o)
                0x0000535c                __sys_flen
 .text.__sys_istty
                0x00005362        0x6 /Applications/MCUXpressoIDE_25.6.136/ide/plugins/com.nxp.mcuxpresso.tools.macosx_25.6.0.202501151204/tools/bin/../lib/gcc/arm-none-eabi/14.2.1/../../../../arm-none-eabi/lib/thumb/v8-m.main+fp/hard/libcr_nohost_nf.a(__sys_istty.o)
                0x00005362                __sys_istty
 .text.__sys_remove
                0x00005368        0x6 /Applications/MCUXpressoIDE_25.6.136/ide/plugins/com.nxp.mcuxpresso.tools.macosx_25.6.0.202501151204/tools/bin/../lib/gcc/arm-none-eabi/14.2.1/../../../../arm-none-eabi/lib/thumb/v8-m.main+fp/hard/libcr_nohost_nf.a(__sys_remove.o)
                0x00005368                __sys_remove
 .text.__sys_seek
                0x0000536e        0x6 /Applications/MCUXpressoIDE_25.6.136/ide/plugins/com.nxp.mcuxpresso.tools.macosx_25.6.0.202501151204/tools/bin/../lib/gcc/arm-none-eabi/14.2.1/../../../../arm-none-eabi/lib/thumb/v8-m.main+fp/hard/libcr_nohost_nf.a(__sys_seek.o)
                0x0000536e                __sys_seek
 .text.__sys_tmpnam
                0x00005374        0x6 /Applications/MCUXpressoIDE_25.6.136/ide/plugins/com.nxp.mcuxpresso.tools.macosx_25.6.0.202501151204/tools/bin/../lib/gcc/arm-none-eabi/14.2.1/../../../../arm-none-eabi/lib/thumb/v8-m.main+fp/hard/libcr_nohost_nf.a(__sys_tmpnam.o)
                0x00005374                __sys_tmpnam
 .text.__sys_write
                0x0000537a        0x4 /Applications/MCUXpressoIDE_25.6.136/ide/plugins/com.nxp.mcuxpresso.tools.macosx_25.6.0.202501151204/tools/bin/../lib/gcc/arm-none-eabi/14.2.1/../../../../arm-none-eabi/lib/thumb/v8-m.main+fp/hard/libcr_nohost_nf.a(__sys_write.o)
                0x0000537a                __sys_write
 *(SORT_BY_ALIGNMENT(.rodata) SORT_BY_ALIGNMENT(.rodata.*) SORT_BY_ALIGNMENT(.constdata) SORT_BY_ALIGNMENT(.constdata.*))
 *fill*         0x0000537e        0x2 ff
 .rodata.__assertion_failed.str1.4
                0x00005380      0xb7e ./utilities/fsl_assert.o
                                 0x14 (size before relaxing)
 .rodata.InitSysTick.str1.4
                0x00005efe       0x16 ./source/Qwen3_Coder_test.o
 .rodata.main.str1.4
                0x00005efe      0x25a ./source/Qwen3_Coder_test.o
 *fill*         0x00005efe        0x2 ff
 .rodata.kI3cBases
                0x00005f00        0x8 ./drivers/fsl_i3c.o
 .rodata.kI3cClocks
                0x00005f08        0x4 ./drivers/fsl_i3c.o
 .rodata.kI3cResets
                0x00005f0c        0x8 ./drivers/fsl_i3c.o
 .rodata.I3C_GetInstance.str1.4
                0x00005f14       0x31 ./drivers/fsl_i3c.o
 .rodata.I3C_MasterCheckAndClearError.str1.4
                0x00005f14       0x16 ./drivers/fsl_i3c.o
 .rodata.I3C_MasterInit.str1.4
                0x00005f14       0x5f ./drivers/fsl_i3c.o
 .rodata.I3C_MasterSetBaudRate.str1.4
                0x00005f14       0x2f ./drivers/fsl_i3c.o
 .rodata.I3C_MasterReceive.str1.4
                0x00005f14       0x20 ./drivers/fsl_i3c.o
 .rodata.I3C_MasterSend.str1.4
                0x00005f14       0x45 ./drivers/fsl_i3c.o
 .rodata.I3C_MasterProcessDAASpecifiedBaudrate.str1.4
                0x00005f14       0x51 ./drivers/fsl_i3c.o
 .rodata.I3C_MasterGetDeviceListAfterDAA.str1.4
                0x00005f14       0x1f ./drivers/fsl_i3c.o
 .rodata.I3C_MasterTransferPrepare.str1.4
                0x00005f14       0x70 ./drivers/fsl_i3c.o
 .rodata.I3C_MasterTransferBlocking.str1.4
                0x00005f14      0x212 ./drivers/fsl_i3c.o
 .rodata.s_lpflexcommBase
                0x00005f14       0x28 ./drivers/fsl_lpflexcomm.o
 .rodata.s_lpflexcommClocks
                0x00005f3c       0x14 ./drivers/fsl_lpflexcomm.o
 .rodata.s_lpflexcommResets
                0x00005f50       0x28 ./drivers/fsl_lpflexcomm.o
 .rodata.LP_FLEXCOMM_SetPeriph.str1.4
                0x00005f78       0x43 ./drivers/fsl_lpflexcomm.o
 .rodata.LP_FLEXCOMM_Init.str1.4
                0x00005f78       0x49 ./drivers/fsl_lpflexcomm.o
 .rodata.s_lpuartBases
                0x00005f78       0x28 ./drivers/fsl_lpuart.o
 .rodata.LPUART_GetInstance.str1.4
                0x00005fa0       0x38 ./drivers/fsl_lpuart.o
 .rodata.LPUART_Init.str1.4
                0x00005fa0      0x10a ./drivers/fsl_lpuart.o
 .rodata.LPUART_GetDefaultConfig.str1.4
                0x00005fa0       0x22 ./drivers/fsl_lpuart.o
 .rodata.LPUART_WriteBlocking.str1.4
                0x00005fa0       0x21 ./drivers/fsl_lpuart.o
 .rodata.RESET_SetPeripheralReset.str1.4
                0x00005fa0       0x1e ./drivers/fsl_reset.o
 .rodata.RESET_ClearPeripheralReset.str1.4
                0x00005fa0       0x1e ./drivers/fsl_reset.o
 .rodata.SPC_SetSRAMOperateVoltage.str1.4
                0x00005fa0       0x1f ./drivers/fsl_spc.o
 .rodata.SPC_SetActiveModeCoreLDORegulatorConfig.str1.4
                0x00005fa0       0x1f ./drivers/fsl_spc.o
 .rodata.SPC_SetActiveModeDCDCRegulatorConfig.str1.4
                0x00005fa0       0x20 ./drivers/fsl_spc.o
 .rodata.s_LpuartAdapterBase
                0x00005fa0       0x28 ./component/uart/fsl_adapter_lpuart.o
 .rodata.HAL_UartInit.str1.4
                0x00005fc8      0x116 ./component/uart/fsl_adapter_lpuart.o
 .rodata.HAL_UartSendBlocking.str1.4
                0x00005fc8       0x7b ./component/uart/fsl_adapter_lpuart.o
 .rodata        0x00005fc8        0xa ./board/clock_config.o
 .rodata.PORT_SetPinConfig.str1.4
                0x00005fd2       0x6a ./board/pin_mux.o
 *fill*         0x00005fd2        0x2 ff
 .rodata.__num_Ciob_streams
                0x00005fd4        0x4 /Applications/MCUXpressoIDE_25.6.136/ide/plugins/com.nxp.mcuxpresso.tools.macosx_25.6.0.202501151204/tools/bin/../lib/gcc/arm-none-eabi/14.2.1/../../../../arm-none-eabi/lib/thumb/v8-m.main+fp/hard/libcr_nohost_nf.a(__ciob.o)
                0x00005fd4                __num_Ciob_streams
 .rodata._initio.str1.1
                0x00005fd8        0x4 /Applications/MCUXpressoIDE_25.6.136/ide/plugins/com.nxp.mcuxpresso.tools.macosx_25.6.0.202501151204/tools/bin/../lib/gcc/arm-none-eabi/14.2.1/../../../../arm-none-eabi/lib/thumb/v8-m.main+fp/hard/libcr_c.a(initio.o)
                0x00005fdc                        . = ALIGN (0x4)

.glue_7         0x00005fdc        0x0
 .glue_7        0x00005fdc        0x0 linker stubs

.glue_7t        0x00005fdc        0x0
 .glue_7t       0x00005fdc        0x0 linker stubs

.vfp11_veneer   0x00005fdc        0x0
 .vfp11_veneer  0x00005fdc        0x0 linker stubs

.v4_bx          0x00005fdc        0x0
 .v4_bx         0x00005fdc        0x0 linker stubs

.iplt           0x00005fdc        0x0
 .iplt          0x00005fdc        0x0 ./utilities/str/fsl_str.o

.rel.dyn        0x00005fdc        0x0
 .rel.iplt      0x00005fdc        0x0 ./utilities/str/fsl_str.o

.ARM.extab
 *(SORT_BY_ALIGNMENT(.ARM.extab*) SORT_BY_ALIGNMENT(.gnu.linkonce.armextab.*))

.ARM.exidx      0x00005fdc        0x0
                0x00005fdc                        __exidx_start = .
 *(SORT_BY_ALIGNMENT(.ARM.exidx*) SORT_BY_ALIGNMENT(.gnu.linkonce.armexidx.*))
                0x00005fdc                        __exidx_end = .
                0x00005fdc                        _etext = .

.m_usb_data
 *(SORT_BY_ALIGNMENT(m_usb_global))

.data_RAM2      0x04000000        0x0 load address 0x00005fdc
 FILL mask 0xff
                [!provide]                        PROVIDE (__start_data_RAM2 = .)
                [!provide]                        PROVIDE (__start_data_SRAMX = .)
 *(SORT_BY_ALIGNMENT(.ramfunc.$RAM2))
 *(SORT_BY_ALIGNMENT(.ramfunc.$SRAMX))
 *(SORT_BY_ALIGNMENT(.data.$RAM2))
 *(SORT_BY_ALIGNMENT(.data.$SRAMX))
 *(SORT_BY_ALIGNMENT(.data.$RAM2.*))
 *(SORT_BY_ALIGNMENT(.data.$SRAMX.*))
                0x04000000                        . = ALIGN (0x4)
                [!provide]                        PROVIDE (__end_data_RAM2 = .)
                [!provide]                        PROVIDE (__end_data_SRAMX = .)

.data_RAM3      0x20060000        0x0 load address 0x00005fdc
 FILL mask 0xff
                [!provide]                        PROVIDE (__start_data_RAM3 = .)
                [!provide]                        PROVIDE (__start_data_SRAMH = .)
 *(SORT_BY_ALIGNMENT(.ramfunc.$RAM3))
 *(SORT_BY_ALIGNMENT(.ramfunc.$SRAMH))
 *(SORT_BY_ALIGNMENT(.data.$RAM3))
 *(SORT_BY_ALIGNMENT(.data.$SRAMH))
 *(SORT_BY_ALIGNMENT(.data.$RAM3.*))
 *(SORT_BY_ALIGNMENT(.data.$SRAMH.*))
                0x20060000                        . = ALIGN (0x4)
                [!provide]                        PROVIDE (__end_data_RAM3 = .)
                [!provide]                        PROVIDE (__end_data_SRAMH = .)

.data_RAM4      0x400ba000        0x0 load address 0x00005fdc
 FILL mask 0xff
                [!provide]                        PROVIDE (__start_data_RAM4 = .)
                [!provide]                        PROVIDE (__start_data_USB_RAM = .)
 *(SORT_BY_ALIGNMENT(.ramfunc.$RAM4))
 *(SORT_BY_ALIGNMENT(.ramfunc.$USB_RAM))
 *(SORT_BY_ALIGNMENT(.data.$RAM4))
 *(SORT_BY_ALIGNMENT(.data.$USB_RAM))
 *(SORT_BY_ALIGNMENT(.data.$RAM4.*))
 *(SORT_BY_ALIGNMENT(.data.$USB_RAM.*))
                0x400ba000                        . = ALIGN (0x4)
                [!provide]                        PROVIDE (__end_data_RAM4 = .)
                [!provide]                        PROVIDE (__end_data_USB_RAM = .)

.uninit_RESERVED
                0x20000000        0x0
                0x20000000                        _start_uninit_RESERVED = .
 *(SORT_BY_ALIGNMENT(.bss.$RESERVED*))
                0x20000000                        . = ALIGN (0x4)
                0x20000000                        _end_uninit_RESERVED = .

.data           0x20000000        0xc load address 0x00005fdc
 FILL mask 0xff
                0x20000000                        _data = .
                [!provide]                        PROVIDE (__start_data_RAM = .)
                [!provide]                        PROVIDE (__start_data_SRAM = .)
 *(SORT_BY_ALIGNMENT(vtable))
 *(SORT_BY_ALIGNMENT(.ramfunc*))
 *(SORT_BY_ALIGNMENT(CodeQuickAccess))
 *(SORT_BY_ALIGNMENT(DataQuickAccess))
 *(SORT_BY_ALIGNMENT(RamFunction))
 *(SORT_BY_ALIGNMENT(.data*))
 .data.s_Ext_Clk_Freq
                0x20000000        0x4 ./drivers/fsl_clock.o
 .data.s_Xtal32_Freq
                0x20000004        0x4 ./drivers/fsl_clock.o
 .data.SystemCoreClock
                0x20000008        0x4 ./device/system_MCXN947_cm33_core0.o
                0x20000008                SystemCoreClock
                0x2000000c                        . = ALIGN (0x4)
                0x2000000c                        _edata = .
                [!provide]                        PROVIDE (__end_data_RAM = .)
                [!provide]                        PROVIDE (__end_data_SRAM = .)

.igot.plt       0x2000000c        0x0 load address 0x00005fe8
 .igot.plt      0x2000000c        0x0 ./utilities/str/fsl_str.o

.bss_RAM2       0x04000000        0x0
                [!provide]                        PROVIDE (__start_bss_RAM2 = .)
                [!provide]                        PROVIDE (__start_bss_SRAMX = .)
 *(SORT_BY_ALIGNMENT(.bss.$RAM2))
 *(SORT_BY_ALIGNMENT(.bss.$SRAMX))
 *(SORT_BY_ALIGNMENT(.bss.$RAM2.*))
 *(SORT_BY_ALIGNMENT(.bss.$SRAMX.*))
                0x04000000                        . = ALIGN ((. != 0x0)?0x4:0x1)
                [!provide]                        PROVIDE (__end_bss_RAM2 = .)
                [!provide]                        PROVIDE (__end_bss_SRAMX = .)

.bss_RAM3       0x20060000        0x0
                [!provide]                        PROVIDE (__start_bss_RAM3 = .)
                [!provide]                        PROVIDE (__start_bss_SRAMH = .)
 *(SORT_BY_ALIGNMENT(.bss.$RAM3))
 *(SORT_BY_ALIGNMENT(.bss.$SRAMH))
 *(SORT_BY_ALIGNMENT(.bss.$RAM3.*))
 *(SORT_BY_ALIGNMENT(.bss.$SRAMH.*))
                0x20060000                        . = ALIGN ((. != 0x0)?0x4:0x1)
                [!provide]                        PROVIDE (__end_bss_RAM3 = .)
                [!provide]                        PROVIDE (__end_bss_SRAMH = .)

.bss_RAM4       0x400ba000        0x0
                [!provide]                        PROVIDE (__start_bss_RAM4 = .)
                [!provide]                        PROVIDE (__start_bss_USB_RAM = .)
 *(SORT_BY_ALIGNMENT(.bss.$RAM4))
 *(SORT_BY_ALIGNMENT(.bss.$USB_RAM))
 *(SORT_BY_ALIGNMENT(.bss.$RAM4.*))
 *(SORT_BY_ALIGNMENT(.bss.$USB_RAM.*))
                0x400ba000                        . = ALIGN ((. != 0x0)?0x4:0x1)
                [!provide]                        PROVIDE (__end_bss_RAM4 = .)
                [!provide]                        PROVIDE (__end_bss_USB_RAM = .)

.bss            0x2000000c      0x3d0
                0x2000000c                        _bss = .
                [!provide]                        PROVIDE (__start_bss_RAM = .)
                [!provide]                        PROVIDE (__start_bss_SRAM = .)
 *(SORT_BY_ALIGNMENT(.bss*))
 .bss.s_debugConsoleState
                0x2000000c       0x20 ./utilities/debug_console/fsl_debug_console.o
 .bss.g_serialHandle
                0x2000002c        0x4 ./utilities/debug_console/fsl_debug_console.o
                0x2000002c                g_serialHandle
 .bss.DelayTimerTick
                0x20000030        0x4 ./source/Qwen3_Coder_test.o
 .bss.devList   0x20000034      0x190 ./drivers/fsl_i3c.o
 .bss.usedDevCount
                0x200001c4        0x2 ./drivers/fsl_i3c.o
 *fill*         0x200001c6        0x2 
 .bss.s_i3cMasterIsr
                0x200001c8        0x4 ./drivers/fsl_i3c.o
                0x200001c8                s_i3cMasterIsr
 .bss.s_i3cMasterHandle
                0x200001cc        0x8 ./drivers/fsl_i3c.o
                0x200001cc                s_i3cMasterHandle
 .bss.s_i3cSlaveIsr
                0x200001d4        0x4 ./drivers/fsl_i3c.o
                0x200001d4                s_i3cSlaveIsr
 .bss.s_i3cSlaveHandle
                0x200001d8        0x8 ./drivers/fsl_i3c.o
                0x200001d8                s_i3cSlaveHandle
 .bss.s_lpflexcommIrqHandler
                0x200001e0       0xa0 ./drivers/fsl_lpflexcomm.o
 .bss.s_lpflexcommHandle
                0x20000280       0xa0 ./drivers/fsl_lpflexcomm.o
 .bss.errno     0x20000320        0x4 /Applications/MCUXpressoIDE_25.6.136/ide/plugins/com.nxp.mcuxpresso.tools.macosx_25.6.0.202501151204/tools/bin/../lib/gcc/arm-none-eabi/14.2.1/../../../../arm-none-eabi/lib/thumb/v8-m.main+fp/hard/libcr_c.a(errno.o)
                0x20000320                errno
 .bss.__Ciob    0x20000324       0xb4 /Applications/MCUXpressoIDE_25.6.136/ide/plugins/com.nxp.mcuxpresso.tools.macosx_25.6.0.202501151204/tools/bin/../lib/gcc/arm-none-eabi/14.2.1/../../../../arm-none-eabi/lib/thumb/v8-m.main+fp/hard/libcr_nohost_nf.a(__ciob.o)
                0x20000324                __Ciob
 .bss.s_debugConsoleReadWaitSemaphore
                0x200003d8        0x1 ./utilities/debug_console/fsl_debug_console.o
 *(SORT_BY_ALIGNMENT(COMMON))
                0x200003dc                        . = ALIGN (0x4)
 *fill*         0x200003d9        0x3 
                0x200003dc                        _ebss = .
                [!provide]                        PROVIDE (__end_bss_RAM = .)
                [!provide]                        PROVIDE (__end_bss_SRAM = .)
                [!provide]                        PROVIDE (end = .)

.noinit_RAM2    0x04000000        0x0
                [!provide]                        PROVIDE (__start_noinit_RAM2 = .)
                [!provide]                        PROVIDE (__start_noinit_SRAMX = .)
 *(SORT_BY_ALIGNMENT(.noinit.$RAM2))
 *(SORT_BY_ALIGNMENT(.noinit.$SRAMX))
 *(SORT_BY_ALIGNMENT(.noinit.$RAM2.*))
 *(SORT_BY_ALIGNMENT(.noinit.$SRAMX.*))
                0x04000000                        . = ALIGN (0x4)
                [!provide]                        PROVIDE (__end_noinit_RAM2 = .)
                [!provide]                        PROVIDE (__end_noinit_SRAMX = .)

.noinit_RAM3    0x20060000        0x0
                [!provide]                        PROVIDE (__start_noinit_RAM3 = .)
                [!provide]                        PROVIDE (__start_noinit_SRAMH = .)
 *(SORT_BY_ALIGNMENT(.noinit.$RAM3))
 *(SORT_BY_ALIGNMENT(.noinit.$SRAMH))
 *(SORT_BY_ALIGNMENT(.noinit.$RAM3.*))
 *(SORT_BY_ALIGNMENT(.noinit.$SRAMH.*))
                0x20060000                        . = ALIGN (0x4)
                [!provide]                        PROVIDE (__end_noinit_RAM3 = .)
                [!provide]                        PROVIDE (__end_noinit_SRAMH = .)

.noinit_RAM4    0x400ba000        0x0
                [!provide]                        PROVIDE (__start_noinit_RAM4 = .)
                [!provide]                        PROVIDE (__start_noinit_USB_RAM = .)
 *(SORT_BY_ALIGNMENT(.noinit.$RAM4))
 *(SORT_BY_ALIGNMENT(.noinit.$USB_RAM))
 *(SORT_BY_ALIGNMENT(.noinit.$RAM4.*))
 *(SORT_BY_ALIGNMENT(.noinit.$USB_RAM.*))
                0x400ba000                        . = ALIGN (0x4)
                [!provide]                        PROVIDE (__end_noinit_RAM4 = .)
                [!provide]                        PROVIDE (__end_noinit_USB_RAM = .)

.noinit         0x200003dc        0x0
                0x200003dc                        _noinit = .
                [!provide]                        PROVIDE (__start_noinit_RAM = .)
                [!provide]                        PROVIDE (__start_noinit_SRAM = .)
 *(SORT_BY_ALIGNMENT(.noinit*))
                0x200003dc                        . = ALIGN (0x4)
                0x200003dc                        _end_noinit = .
                [!provide]                        PROVIDE (__end_noinit_RAM = .)
                [!provide]                        PROVIDE (__end_noinit_SRAM = .)
                0x00001000                        _HeapSize = 0x1000

.heap           0x200003dc     0x1000
                0x200003dc                        _pvHeapStart = .
                0x200013dc                        . = (. + _HeapSize)
 *fill*         0x200003dc     0x1000 
                0x200013dc                        . = ALIGN (0x4)
                0x200013dc                        _pvHeapLimit = .
                0x00001000                        _StackSize = 0x1000

.heap2stackfill
                0x200013dc     0x1000
                0x200023dc                        . = (. + _StackSize)
 *fill*         0x200013dc     0x1000 

.stack          0x2005f000        0x0
                0x2005f000                        _vStackBase = .
                0x2005f000                        . = ALIGN (0x4)
                0x20060000                        _vStackTop = (. + _StackSize)
                0x00000000                        _image_start = LOADADDR (.text)
                0x00005fe8                        _image_end = (LOADADDR (.data) + SIZEOF (.data))
                0x00005fe8                        _image_size = (_image_end - _image_start)
OUTPUT(Qwen3_Coder_test.axf elf32-littlearm)
LOAD linker stubs

.debug_info     0x00000000    0x243a6
 .debug_info    0x00000000      0xd5d ./utilities/str/fsl_str.o
 .debug_info    0x00000d5d      0xe57 ./utilities/debug_console/fsl_debug_console.o
 .debug_info    0x00001bb4      0x1c9 ./utilities/fsl_assert.o
 .debug_info    0x00001d7d     0x14b6 ./startup/startup_mcxn947_cm33_core0.o
 .debug_info    0x00003233     0x1b82 ./source/Qwen3_Coder_test.o
 .debug_info    0x00004db5       0x3c ./source/semihost_hardfault.o
 .debug_info    0x00004df1     0x5211 ./drivers/fsl_clock.o
 .debug_info    0x0000a002     0x5445 ./drivers/fsl_i3c.o
 .debug_info    0x0000f447     0x238b ./drivers/fsl_lpflexcomm.o
 .debug_info    0x000117d2     0x241e ./drivers/fsl_lpuart.o
 .debug_info    0x00013bf0     0x12e6 ./drivers/fsl_reset.o
 .debug_info    0x00014ed6     0x1a73 ./drivers/fsl_spc.o
 .debug_info    0x00016949     0x1970 ./device/system_MCXN947_cm33_core0.o
 .debug_info    0x000182b9      0xe77 ./component/uart/fsl_adapter_lpuart.o
 .debug_info    0x00019130      0xdcb ./component/serial_manager/fsl_component_serial_manager.o
 .debug_info    0x00019efb      0x551 ./component/serial_manager/fsl_component_serial_port_uart.o
 .debug_info    0x0001a44c     0x12e8 ./board/board.o
 .debug_info    0x0001b734     0x2bf1 ./board/clock_config.o
 .debug_info    0x0001e325     0x1aa6 ./board/pin_mux.o
 .debug_info    0x0001fdcb       0x85 /Applications/MCUXpressoIDE_25.6.136/ide/plugins/com.nxp.mcuxpresso.tools.macosx_25.6.0.202501151204/tools/bin/../lib/gcc/arm-none-eabi/14.2.1/../../../../arm-none-eabi/lib/thumb/v8-m.main+fp/hard/libcr_nohost_nf.a(_cr__main.o)
 .debug_info    0x0001fe50      0x12b /Applications/MCUXpressoIDE_25.6.136/ide/plugins/com.nxp.mcuxpresso.tools.macosx_25.6.0.202501151204/tools/bin/../lib/gcc/arm-none-eabi/14.2.1/../../../../arm-none-eabi/lib/thumb/v8-m.main+fp/hard/libcr_c.a(memcpy.o)
 .debug_info    0x0001ff7b       0xfc /Applications/MCUXpressoIDE_25.6.136/ide/plugins/com.nxp.mcuxpresso.tools.macosx_25.6.0.202501151204/tools/bin/../lib/gcc/arm-none-eabi/14.2.1/../../../../arm-none-eabi/lib/thumb/v8-m.main+fp/hard/libcr_c.a(memset.o)
 .debug_info    0x00020077      0x520 /Applications/MCUXpressoIDE_25.6.136/ide/plugins/com.nxp.mcuxpresso.tools.macosx_25.6.0.202501151204/tools/bin/../lib/gcc/arm-none-eabi/14.2.1/../../../../arm-none-eabi/lib/thumb/v8-m.main+fp/hard/libcr_c.a(alloc.o)
 .debug_info    0x00020597       0x44 /Applications/MCUXpressoIDE_25.6.136/ide/plugins/com.nxp.mcuxpresso.tools.macosx_25.6.0.202501151204/tools/bin/../lib/gcc/arm-none-eabi/14.2.1/../../../../arm-none-eabi/lib/thumb/v8-m.main+fp/hard/libcr_c.a(errno.o)
 .debug_info    0x000205db      0x339 /Applications/MCUXpressoIDE_25.6.136/ide/plugins/com.nxp.mcuxpresso.tools.macosx_25.6.0.202501151204/tools/bin/../lib/gcc/arm-none-eabi/14.2.1/../../../../arm-none-eabi/lib/thumb/v8-m.main+fp/hard/libcr_c.a(initio.o)
 .debug_info    0x00020914      0x1fd /Applications/MCUXpressoIDE_25.6.136/ide/plugins/com.nxp.mcuxpresso.tools.macosx_25.6.0.202501151204/tools/bin/../lib/gcc/arm-none-eabi/14.2.1/../../../../arm-none-eabi/lib/thumb/v8-m.main+fp/hard/libcr_c.a(setvbuf.o)
 .debug_info    0x00020b11       0xe1 /Applications/MCUXpressoIDE_25.6.136/ide/plugins/com.nxp.mcuxpresso.tools.macosx_25.6.0.202501151204/tools/bin/../lib/gcc/arm-none-eabi/14.2.1/../../../../arm-none-eabi/lib/thumb/v8-m.main+fp/hard/libcr_c.a(strlen.o)
 .debug_info    0x00020bf2      0x396 /Applications/MCUXpressoIDE_25.6.136/ide/plugins/com.nxp.mcuxpresso.tools.macosx_25.6.0.202501151204/tools/bin/../lib/gcc/arm-none-eabi/14.2.1/../../../../arm-none-eabi/lib/thumb/v8-m.main+fp/hard/libcr_c.a(_deferredlazyseek.o)
 .debug_info    0x00020f88      0x24b /Applications/MCUXpressoIDE_25.6.136/ide/plugins/com.nxp.mcuxpresso.tools.macosx_25.6.0.202501151204/tools/bin/../lib/gcc/arm-none-eabi/14.2.1/../../../../arm-none-eabi/lib/thumb/v8-m.main+fp/hard/libcr_c.a(_fdopen.o)
 .debug_info    0x000211d3      0x1e3 /Applications/MCUXpressoIDE_25.6.136/ide/plugins/com.nxp.mcuxpresso.tools.macosx_25.6.0.202501151204/tools/bin/../lib/gcc/arm-none-eabi/14.2.1/../../../../arm-none-eabi/lib/thumb/v8-m.main+fp/hard/libcr_c.a(_fflush.o)
 .debug_info    0x000213b6      0x289 /Applications/MCUXpressoIDE_25.6.136/ide/plugins/com.nxp.mcuxpresso.tools.macosx_25.6.0.202501151204/tools/bin/../lib/gcc/arm-none-eabi/14.2.1/../../../../arm-none-eabi/lib/thumb/v8-m.main+fp/hard/libcr_c.a(_writebuf.o)
 .debug_info    0x0002163f      0x31e /Applications/MCUXpressoIDE_25.6.136/ide/plugins/com.nxp.mcuxpresso.tools.macosx_25.6.0.202501151204/tools/bin/../lib/gcc/arm-none-eabi/14.2.1/../../../../arm-none-eabi/lib/thumb/v8-m.main+fp/hard/libcr_c.a(fclose.o)