C:\Users\sport\Documents\MCUXpressoIDE_25.6.136\workspace\MCXN947_TXST_Peripheral_Integration\drivers/fsl_clock.h:1492:20:CLOCK_EnableClock	24	static
C:\Users\sport\Documents\MCUXpressoIDE_25.6.136\workspace\MCXN947_TXST_Peripheral_Integration\drivers/fsl_port.h:360:20:PORT_SetPinConfig	32	static
C:\Users\sport\Documents\MCUXpressoIDE_25.6.136\workspace\MCXN947_TXST_Peripheral_Integration\drivers/fsl_port.h:463:20:PORT_SetPinMux	24	static
C:\Users\sport\Documents\MCUXpressoIDE_25.6.136\workspace\MCXN947_TXST_Peripheral_Integration\drivers/fsl_port.h:651:20:PORT_DisableEFTDetectInterrupts	16	static
../board/pin_mux.c:239:6:BOARD_InitBootPins	8	static
../board/pin_mux.c:267:6:BOARD_InitDEBUG_UARTPins	16	static
../board/pin_mux.c:341:6:BOARD_InitSWD_DEBUGPins	24	static
../board/pin_mux.c:438:6:BOARD_InitLEDsPins	24	static
../board/pin_mux.c:535:6:BOARD_InitBUTTONsPins	16	static
../board/pin_mux.c:645:6:BOARD_InitPins	64	static
../board/pin_mux.c:1088:6:BOARD_InitPins1	4	static
../board/pin_mux.c:1116:6:BOARD_InitI3CPins	24	static
