/Users/andrew/Documents/MCUXpressoIDE_25.6.136/workspace/New_SDK_Project_LSM6DSO/drivers/fsl_clock.h:1492:20:CLOCK_EnableClock	24	static
../board/clock_config.c:47:6:BOARD_InitBootClocks	8	static
../board/clock_config.c:84:6:BOARD_BootClockFRO12M	24	static
../board/clock_config.c:153:6:BOARD_BootClockFROHF48M	24	static
../board/clock_config.c:227:6:BOARD_BootClockFROHF144M	24	static
../board/clock_config.c:310:6:BOARD_BootClockPLL150M	48	static
../board/clock_config.c:404:6:BOARD_BootClockPLL100M	48	static
