Archive member included to satisfy reference by file (symbol)

C:/nxp/MCUXpressoIDE_25.6.136/ide/plugins/com.nxp.mcuxpresso.tools.win32_25.6.0.202501151204/tools/bin/../lib/gcc/arm-none-eabi/14.2.1/../../../../arm-none-eabi/lib/thumb/v8-m.main+fp/hard\libcr_nohost_nf.a(_cr__main.o)
                              ./startup/startup_mcxn947_cm33_core0.o (__main)
C:/nxp/MCUXpressoIDE_25.6.136/ide/plugins/com.nxp.mcuxpresso.tools.win32_25.6.0.202501151204/tools/bin/../lib/gcc/arm-none-eabi/14.2.1/../../../../arm-none-eabi/lib/thumb/v8-m.main+fp/hard\libcr_c.a(memcpy.o)
                              ./utilities/str/fsl_str.o (memcpy)
C:/nxp/MCUXpressoIDE_25.6.136/ide/plugins/com.nxp.mcuxpresso.tools.win32_25.6.0.202501151204/tools/bin/../lib/gcc/arm-none-eabi/14.2.1/../../../../arm-none-eabi/lib/thumb/v8-m.main+fp/hard\libcr_c.a(memset.o)
                              ./utilities/debug_console/fsl_debug_console.o (memset)
C:/nxp/MCUXpressoIDE_25.6.136/ide/plugins/com.nxp.mcuxpresso.tools.win32_25.6.0.202501151204/tools/bin/../lib/gcc/arm-none-eabi/14.2.1/../../../../arm-none-eabi/lib/thumb/v8-m.main+fp/hard\libcr_c.a(alloc.o)
                              ./drivers/fsl_common.o (malloc)
C:/nxp/MCUXpressoIDE_25.6.136/ide/plugins/com.nxp.mcuxpresso.tools.win32_25.6.0.202501151204/tools/bin/../lib/gcc/arm-none-eabi/14.2.1/../../../../arm-none-eabi/lib/thumb/v8-m.main+fp/hard\libcr_c.a(errno.o)
                              ./utilities/str/fsl_str.o (errno)
C:/nxp/MCUXpressoIDE_25.6.136/ide/plugins/com.nxp.mcuxpresso.tools.win32_25.6.0.202501151204/tools/bin/../lib/gcc/arm-none-eabi/14.2.1/../../../../arm-none-eabi/lib/thumb/v8-m.main+fp/hard\libcr_c.a(initio.o)
                              C:/nxp/MCUXpressoIDE_25.6.136/ide/plugins/com.nxp.mcuxpresso.tools.win32_25.6.0.202501151204/tools/bin/../lib/gcc/arm-none-eabi/14.2.1/../../../../arm-none-eabi/lib/thumb/v8-m.main+fp/hard\libcr_nohost_nf.a(_cr__main.o) (_initio)
C:/nxp/MCUXpressoIDE_25.6.136/ide/plugins/com.nxp.mcuxpresso.tools.win32_25.6.0.202501151204/tools/bin/../lib/gcc/arm-none-eabi/14.2.1/../../../../arm-none-eabi/lib/thumb/v8-m.main+fp/hard\libcr_c.a(scanf.o)
                              ./utilities/str/fsl_str.o (strtoul)
C:/nxp/MCUXpressoIDE_25.6.136/ide/plugins/com.nxp.mcuxpresso.tools.win32_25.6.0.202501151204/tools/bin/../lib/gcc/arm-none-eabi/14.2.1/../../../../arm-none-eabi/lib/thumb/v8-m.main+fp/hard\libcr_c.a(setvbuf.o)
                              C:/nxp/MCUXpressoIDE_25.6.136/ide/plugins/com.nxp.mcuxpresso.tools.win32_25.6.0.202501151204/tools/bin/../lib/gcc/arm-none-eabi/14.2.1/../../../../arm-none-eabi/lib/thumb/v8-m.main+fp/hard\libcr_c.a(initio.o) (setvbuf)
C:/nxp/MCUXpressoIDE_25.6.136/ide/plugins/com.nxp.mcuxpresso.tools.win32_25.6.0.202501151204/tools/bin/../lib/gcc/arm-none-eabi/14.2.1/../../../../arm-none-eabi/lib/thumb/v8-m.main+fp/hard\libcr_c.a(strlen.o)
                              ./utilities/str/fsl_str.o (strlen)
C:/nxp/MCUXpressoIDE_25.6.136/ide/plugins/com.nxp.mcuxpresso.tools.win32_25.6.0.202501151204/tools/bin/../lib/gcc/arm-none-eabi/14.2.1/../../../../arm-none-eabi/lib/thumb/v8-m.main+fp/hard\libcr_c.a(ungetc.o)
                              C:/nxp/MCUXpressoIDE_25.6.136/ide/plugins/com.nxp.mcuxpresso.tools.win32_25.6.0.202501151204/tools/bin/../lib/gcc/arm-none-eabi/14.2.1/../../../../arm-none-eabi/lib/thumb/v8-m.main+fp/hard\libcr_c.a(scanf.o) (ungetc)
C:/nxp/MCUXpressoIDE_25.6.136/ide/plugins/com.nxp.mcuxpresso.tools.win32_25.6.0.202501151204/tools/bin/../lib/gcc/arm-none-eabi/14.2.1/../../../../arm-none-eabi/lib/thumb/v8-m.main+fp/hard\libcr_c.a(__fillbuf.o)
                              C:/nxp/MCUXpressoIDE_25.6.136/ide/plugins/com.nxp.mcuxpresso.tools.win32_25.6.0.202501151204/tools/bin/../lib/gcc/arm-none-eabi/14.2.1/../../../../arm-none-eabi/lib/thumb/v8-m.main+fp/hard\libcr_c.a(scanf.o) (__filbuf)
C:/nxp/MCUXpressoIDE_25.6.136/ide/plugins/com.nxp.mcuxpresso.tools.win32_25.6.0.202501151204/tools/bin/../lib/gcc/arm-none-eabi/14.2.1/../../../../arm-none-eabi/lib/thumb/v8-m.main+fp/hard\libcr_c.a(__init_alloc.o)
                              C:/nxp/MCUXpressoIDE_25.6.136/ide/plugins/com.nxp.mcuxpresso.tools.win32_25.6.0.202501151204/tools/bin/../lib/gcc/arm-none-eabi/14.2.1/../../../../arm-none-eabi/lib/thumb/v8-m.main+fp/hard\libcr_c.a(alloc.o) (__heaps)
C:/nxp/MCUXpressoIDE_25.6.136/ide/plugins/com.nxp.mcuxpresso.tools.win32_25.6.0.202501151204/tools/bin/../lib/gcc/arm-none-eabi/14.2.1/../../../../arm-none-eabi/lib/thumb/v8-m.main+fp/hard\libcr_c.a(_cr_sbrk.o)
                              C:/nxp/MCUXpressoIDE_25.6.136/ide/plugins/com.nxp.mcuxpresso.tools.win32_25.6.0.202501151204/tools/bin/../lib/gcc/arm-none-eabi/14.2.1/../../../../arm-none-eabi/lib/thumb/v8-m.main+fp/hard\libcr_c.a(alloc.o) (_sbrk)
[...]
Memory Configuration

Name             Origin             Length             Attributes
PROGRAM_FLASH0   0x00000000         0x00100000         xr
PROGRAM_FLASH1   0x00100000         0x00100000         xr
SRAM             0x20000000         0x00060000         xrw
SRAMX            0x04000000         0x00018000         xrw
SRAMH            0x20060000         0x00008000         xrw
USB_RAM          0x400ba000         0x00001000         xrw
*default*        0x00000000         0xffffffff

Linker script and memory map

LOAD ./utilities/str/fsl_str.o
LOAD ./utilities/debug_console/fsl_debug_console.o
LOAD ./utilities/fsl_assert.o
LOAD ./startup/boot_multicore_slave.o
LOAD ./startup/startup_mcxn947_cm33_core0.o
LOAD ./source/adc.o
LOAD ./source/main.o
LOAD ./source/motor.o
LOAD ./source/semihost_hardfault.o
LOAD ./drivers/fsl_clock.o
LOAD ./drivers/fsl_common.o
LOAD ./drivers/fsl_common_arm.o
LOAD ./drivers/fsl_ctimer.o
LOAD ./drivers/fsl_gpio.o
LOAD ./drivers/fsl_inputmux.o
LOAD ./drivers/fsl_lpadc.o
LOAD ./drivers/fsl_lpflexcomm.o
LOAD ./drivers/fsl_lpi2c.o
LOAD ./drivers/fsl_lpspi.o
LOAD ./drivers/fsl_lpuart.o
LOAD ./drivers/fsl_pwm.o
LOAD ./drivers/fsl_reset.o
LOAD ./drivers/fsl_spc.o
LOAD ./drivers/fsl_vref.o
LOAD ./device/system_MCXN947_cm33_core0.o
LOAD ./component/uart/fsl_adapter_lpuart.o
LOAD ./component/serial_manager/fsl_component_serial_manager.o
LOAD ./component/serial_manager/fsl_component_serial_port_uart.o
LOAD ./component/lists/fsl_component_generic_list.o
LOAD ./board/board.o
LOAD ./board/clock_config.o
LOAD ./board/peripherals.o
LOAD ./board/pin_mux.o
START GROUP
LOAD C:/nxp/MCUXpressoIDE_25.6.136/ide/plugins/com.nxp.mcuxpresso.tools.win32_25.6.0.202501151204/tools/bin/../lib/gcc/arm-none-eabi/14.2.1/../../../../arm-none-eabi/lib/thumb/v8-m.main+fp/hard\libcr_nohost_nf.a
LOAD C:/nxp/MCUXpressoIDE_25.6.136/ide/plugins/com.nxp.mcuxpresso.tools.win32_25.6.0.202501151204/tools/bin/../lib/gcc/arm-none-eabi/14.2.1/../../../../arm-none-eabi/lib/thumb/v8-m.main+fp/hard\libcr_c.a
LOAD C:/nxp/MCUXpressoIDE_25.6.136/ide/plugins/com.nxp.mcuxpresso.tools.win32_25.6.0.202501151204/tools/bin/../lib/gcc/arm-none-eabi/14.2.1/thumb/v8-m.main+fp/hard\libcr_eabihelpers.a
LOAD C:/nxp/MCUXpressoIDE_25.6.136/ide/plugins/com.nxp.mcuxpresso.tools.win32_25.6.0.202501151204/tools/bin/../lib/gcc/arm-none-eabi/14.2.1/thumb/v8-m.main+fp/hard\libgcc.a
END GROUP
                0x00000000                        __base_PROGRAM_FLASH0 = 0x0
                0x00000000                        __base_Flash = 0x0
                0x00100000                        __top_PROGRAM_FLASH0 = 0x100000
                0x00100000                        __top_Flash = 0x100000
                0x00100000                        __base_PROGRAM_FLASH1 = 0x100000
                0x00100000                        __base_Flash2 = 0x100000
                0x00200000                        __top_PROGRAM_FLASH1 = 0x200000
                0x00200000                        __top_Flash2 = 0x200000
                0x20000000                        __base_SRAM = 0x20000000
                0x20000000                        __base_RAM = 0x20000000
                0x20060000                        __top_SRAM = 0x20060000
                0x20060000                        __top_RAM = 0x20060000
                0x04000000                        __base_SRAMX = 0x4000000
                0x04000000                        __base_RAM2 = 0x4000000
                0x04018000                        __top_SRAMX = 0x4018000
                0x04018000                        __top_RAM2 = 0x4018000
                0x20060000                        __base_SRAMH = 0x20060000
                0x20060000                        __base_RAM3 = 0x20060000
                0x20068000                        __top_SRAMH = 0x20068000
                0x20068000                        __top_RAM3 = 0x20068000
                0x400ba000                        __base_USB_RAM = 0x400ba000
                0x400ba000                        __base_RAM4 = 0x400ba000
                0x400bb000                        __top_USB_RAM = 0x400bb000
                0x400bb000                        __top_RAM4 = 0x400bb000

.text_Flash2    0x00100000        0x0
 FILL mask 0xff
 *(SORT_BY_ALIGNMENT(.text_Flash2))
 *(SORT_BY_ALIGNMENT(.text_PROGRAM_FLASH1))
 *(SORT_BY_ALIGNMENT(.text.$Flash2))
 *(SORT_BY_ALIGNMENT(.text.$PROGRAM_FLASH1))
 *(SORT_BY_ALIGNMENT(.text_Flash2.*))
 *(SORT_BY_ALIGNMENT(.text_PROGRAM_FLASH1.*))
 *(SORT_BY_ALIGNMENT(.text.$Flash2.*))
 *(SORT_BY_ALIGNMENT(.text.$PROGRAM_FLASH1.*))
 *(SORT_BY_ALIGNMENT(.rodata.$Flash2))
 *(SORT_BY_ALIGNMENT(.rodata.$PROGRAM_FLASH1))
 *(SORT_BY_ALIGNMENT(.rodata.$Flash2.*))
 *(SORT_BY_ALIGNMENT(.rodata.$PROGRAM_FLASH1.*))

.text           0x00000000     0x6a44
 FILL mask 0xff
                0x00000000                        __vectors_start__ = ABSOLUTE (.)
 *(SORT_BY_ALIGNMENT(.isr_vector))
 .isr_vector    0x00000000      0x2b0 ./startup/startup_mcxn947_cm33_core0.o
                0x00000000                g_pfnVectors
                0x00000000                __Vectors
                0x000002b0                        . = ALIGN (0x4)
                0x000002b0                        __section_table_start = .
                0x000002b0                        __data_section_table = .
                0x000002b0        0x4 LONG 0x6a44 LOADADDR (.data)
                0x000002b4        0x4 LONG 0x20000000 ADDR (.data)
                0x000002b8        0x4 LONG 0xc SIZEOF (.data)
                0x000002bc        0x4 LONG 0x6a44 LOADADDR (.data_RAM2)
                0x000002c0        0x4 LONG 0x4000000 ADDR (.data_RAM2)
                0x000002c4        0x4 LONG 0x0 SIZEOF (.data_RAM2)
                0x000002c8        0x4 LONG 0x6a44 LOADADDR (.data_RAM3)
                0x000002cc        0x4 LONG 0x20060000 ADDR (.data_RAM3)
                0x000002d0        0x4 LONG 0x0 SIZEOF (.data_RAM3)
                0x000002d4        0x4 LONG 0x6a44 LOADADDR (.data_RAM4)
                0x000002d8        0x4 LONG 0x400ba000 ADDR (.data_RAM4)
                0x000002dc        0x4 LONG 0x0 SIZEOF (.data_RAM4)
                0x000002e0                        __data_section_table_end = .
                0x000002e0                        __bss_section_table = .
                0x000002e0        0x4 LONG 0x2000000c ADDR (.bss)
                0x000002e4        0x4 LONG 0x260 SIZEOF (.bss)
                0x000002e8        0x4 LONG 0x4000000 ADDR (.bss_RAM2)
                0x000002ec        0x4 LONG 0x0 SIZEOF (.bss_RAM2)
                0x000002f0        0x4 LONG 0x20060000 ADDR (.bss_RAM3)
                0x000002f4        0x4 LONG 0x0 SIZEOF (.bss_RAM3)
                0x000002f8        0x4 LONG 0x400ba000 ADDR (.bss_RAM4)
                0x000002fc        0x4 LONG 0x0 SIZEOF (.bss_RAM4)
                0x00000300                        __bss_section_table_end = .
                0x00000300                        __section_table_end = .
 *(SORT_BY_ALIGNMENT(.after_vectors*))
 .after_vectors.reset
                0x00000300       0x68 ./startup/startup_mcxn947_cm33_core0.o
                0x00000300                ResetISR
 .after_vectors.init_data
                0x00000368       0x1e ./startup/startup_mcxn947_cm33_core0.o
                0x00000368                data_init
 .after_vectors.init_bss
                0x00000386       0x12 ./startup/startup_mcxn947_cm33_core0.o
                0x00000386                bss_init
 .after_vectors
                0x00000398       0x16 ./startup/startup_mcxn947_cm33_core0.o
                0x00000398                NMI_Handler
                0x0000039c                MemManage_Handler
                0x0000039e                BusFault_Handler
                0x000003a0                UsageFault_Handler
                0x000003a2                SecureFault_Handler
                0x000003a4                SVC_Handler
                0x000003a6                DebugMon_Handler
                0x000003a8                PendSV_Handler
                0x000003aa                SysTick_Handler
                0x000003ac                PKC_ERR_DriverIRQHandler
                0x000003ac                QDC1_HOME_DriverIRQHandler
                0x000003ac                EDMA_0_CH5_DriverIRQHandler
                0x000003ac                EDMA_0_CH14_DriverIRQHandler
                0x000003ac                EDMA_1_CH0_DriverIRQHandler
                0x000003ac                I3C0_DriverIRQHandler
                0x000003ac                CMC0_DriverIRQHandler
                0x000003ac                EDMA_0_CH15_DriverIRQHandler
                0x000003ac                LPTMR0_DriverIRQHandler
                0x000003ac                EDMA_0_CH2_DriverIRQHandler
                0x000003ac                USB0_FS_DriverIRQHandler
                0x000003ac                FLEXPWM1_SUBMODULE1_DriverIRQHandler
                0x000003ac                FLEXPWM0_SUBMODULE1_DriverIRQHandler
                0x000003ac                SCG_DriverIRQHandler
                0x000003ac                EDMA_1_CH13_DriverIRQHandler
                0x000003ac                EDMA_1_CH11_DriverIRQHandler
                0x000003ac                FLEXPWM0_RELOAD_ERROR_DriverIRQHandler
                0x000003ac                QDC0_HOME_DriverIRQHandler
                0x000003ac                Reserved167_DriverIRQHandler
                0x000003ac                EDMA_1_CH9_DriverIRQHandler
                0x000003ac                SEC_VIO_DriverIRQHandler
                0x000003ac                ERM_MULTI_BIT_ERROR_DriverIRQHandler
                0x000003ac                GPIO31_DriverIRQHandler
                0x000003ac                EWM0_DriverIRQHandler
                0x000003ac                PKC_DriverIRQHandler
                0x000003ac                EDMA_0_CH10_DriverIRQHandler
                0x000003ac                USB1_HS_PHY_DriverIRQHandler
                0x000003ac                QDC0_IDX_DriverIRQHandler
                0x000003ac                ELS_DriverIRQHandler
                0x000003ac                Reserved166_DriverIRQHandler
                0x000003ac                EDMA_1_CH2_DriverIRQHandler
                0x000003ac                ETHERNET_DriverIRQHandler
                0x000003ac                QDC1_IDX_DriverIRQHandler
                0x000003ac                EDMA_1_CH14_DriverIRQHandler
                0x000003ac                FLEXPWM1_SUBMODULE3_DriverIRQHandler
                0x000003ac                EDMA_1_CH7_DriverIRQHandler
                0x000003ac                EDMA_1_CH6_DriverIRQHandler
                0x000003ac                DAC1_DriverIRQHandler
                0x000003ac                EMVSIM0_DriverIRQHandler
                0x000003ac                ITRC0_DriverIRQHandler
                0x000003ac                WWDT1_DriverIRQHandler
                0x000003ac                ETB0_DriverIRQHandler
                0x000003ac                Freqme_DriverIRQHandler
                0x000003ac                Reserved80_DriverIRQHandler
                0x000003ac                IntDefaultHandler
                0x000003ac                ELS_ERR_DriverIRQHandler
                0x000003ac                FLEXIO_DriverIRQHandler
                0x000003ac                DAC0_DriverIRQHandler
                0x000003ac                MRT0_DriverIRQHandler
                0x000003ac                UTICK0_DriverIRQHandler
                0x000003ac                FLEXPWM0_SUBMODULE2_DriverIRQHandler
                0x000003ac                GPIO01_DriverIRQHandler
                0x000003ac                EDMA_0_CH3_DriverIRQHandler
                0x000003ac                WWDT0_DriverIRQHandler
                0x000003ac                USDHC0_DriverIRQHandler
                0x000003ac                GPIO00_DriverIRQHandler
                0x000003ac                EDMA_0_CH4_DriverIRQHandler
                0x000003ac                GPIO11_DriverIRQHandler
                0x000003ac                BSP32_DriverIRQHandler
                0x000003ac                FLEXPWM0_FAULT_DriverIRQHandler
                0x000003ac                EDMA_1_CH1_DriverIRQHandler
                0x000003ac                SAI1_DriverIRQHandler
                0x000003ac                ERM_SINGLE_BIT_ERROR_DriverIRQHandler
                0x000003ac                GPIO21_DriverIRQHandler
                0x000003ac                FLEXPWM1_FAULT_DriverIRQHandler
                0x000003ac                GPIO30_DriverIRQHandler
                0x000003ac                QDC0_COMPARE_DriverIRQHandler
                0x000003ac                PINT0_DriverIRQHandler
                0x000003ac                ADC1_DriverIRQHandler
                0x000003ac                PQ_DriverIRQHandler
                0x000003ac                ETHERNET_MACLP_DriverIRQHandler
                0x000003ac                USB0_DCD_DriverIRQHandler
                0x000003ac                EDMA_0_CH11_DriverIRQHandler
                0x000003ac                MAILBOX_DriverIRQHandler
                0x000003ac                WUU_DriverIRQHandler
                0x000003ac                EDMA_0_CH6_DriverIRQHandler
                0x000003ac                FLEXPWM1_SUBMODULE0_DriverIRQHandler
                0x000003ac                CDOG1_DriverIRQHandler
                0x000003ac                TSI_OUT_OF_SCAN_DriverIRQHandler
                0x000003ac                EDMA_1_CH4_DriverIRQHandler
                0x000003ac                PUF_DriverIRQHandler
                0x000003ac                SPC_DriverIRQHandler
                0x000003ac                RTC_DriverIRQHandler
                0x000003ac                VBAT0_DriverIRQHandler
                0x000003ac                Reserved65_DriverIRQHandler
                0x000003ac                HSCMP2_DriverIRQHandler
                0x000003ac                EDMA_0_CH0_DriverIRQHandler
                0x000003ac                EDMA_1_CH5_DriverIRQHandler
                0x000003ac                PDM_EVENT_DriverIRQHandler
                0x000003ac                EDMA_0_CH9_DriverIRQHandler
                0x000003ac                ETHERNET_PMT_DriverIRQHandler
                0x000003ac                FLEXPWM1_RELOAD_ERROR_DriverIRQHandler
                0x000003ac                FMU0_DriverIRQHandler
                0x000003ac                QDC1_COMPARE_DriverIRQHandler
                0x000003ac                EDMA_0_CH8_DriverIRQHandler
                0x000003ac                LPTMR1_DriverIRQHandler
                0x000003ac                GPIO40_DriverIRQHandler
                0x000003ac                CTI0_DriverIRQHandler
                0x000003ac                EDMA_1_CH3_DriverIRQHandler
                0x000003ac                EDMA_1_CH15_DriverIRQHandler
                0x000003ac                FLEXPWM1_SUBMODULE2_DriverIRQHandler
                0x000003ac                GPIO20_DriverIRQHandler
                0x000003ac                QDC1_WDG_SAB_DriverIRQHandler
                0x000003ac                EDMA_1_CH8_DriverIRQHandler
                0x000003ac                GDET_DriverIRQHandler
                0x000003ac                PORT_EFT_DriverIRQHandler
                0x000003ac                Reserved85_DriverIRQHandler
                0x000003ac                Reserved81_DriverIRQHandler
                0x000003ac                TSI_END_OF_SCAN_DriverIRQHandler
                0x000003ac                FLEXPWM0_SUBMODULE3_DriverIRQHandler
                0x000003ac                ADC0_DriverIRQHandler
                0x000003ac                OR_DriverIRQHandler
                0x000003ac                EDMA_0_CH13_DriverIRQHandler
                0x000003ac                USB1_HS_DriverIRQHandler
                0x000003ac                EDMA_0_CH1_DriverIRQHandler
                0x000003ac                DAC2_DriverIRQHandler
                0x000003ac                GPIO51_DriverIRQHandler
                0x000003ac                HSCMP0_DriverIRQHandler
                0x000003ac                EDMA_0_CH12_DriverIRQHandler
                0x000003ac                QDC0_WDG_SAB_DriverIRQHandler
                0x000003ac                CDOG0_DriverIRQHandler
                0x000003ac                CAN0_DriverIRQHandler
                0x000003ac                SMARTDMA_DriverIRQHandler
                0x000003ac                SAI0_DriverIRQHandler
                0x000003ac                EMVSIM1_DriverIRQHandler
                0x000003ac                I3C1_DriverIRQHandler
                0x000003ac                EDMA_0_CH7_DriverIRQHandler
                0x000003ac                HSCMP1_DriverIRQHandler
                0x000003ac                EDMA_1_CH10_DriverIRQHandler
                0x000003ac                EDMA_1_CH12_DriverIRQHandler
                0x000003ac                FLEXSPI0_DriverIRQHandler
                0x000003ac                GPIO50_DriverIRQHandler
                0x000003ac                GPIO10_DriverIRQHandler
                0x000003ac                SCT0_DriverIRQHandler
                0x000003ac                CAN1_DriverIRQHandler
                0x000003ac                PLU_DriverIRQHandler
                0x000003ac                FLEXPWM0_SUBMODULE0_DriverIRQHandler
                0x000003ac                OS_EVENT_DriverIRQHandler
                0x000003ac                SINC_FILTER_DriverIRQHandler
                0x000003ac                NPU_DriverIRQHandler
                0x000003ac                GPIO41_DriverIRQHandler
                0x000003ac                SEC_HYPERVISOR_CALL_DriverIRQHandler
 *(SORT_BY_ALIGNMENT(.text*))
 *fill*         0x000003ae        0x2 ff
 .text.DbgConsole_SendDataReliable
                0x000003b0       0x54 ./utilities/debug_console/fsl_debug_console.o
                0x000003b0                DbgConsole_SendDataReliable
 .text.DbgConsole_Init
                0x00000404      0x138 ./utilities/debug_console/fsl_debug_console.o
                0x00000404                DbgConsole_Init
 .text.DbgConsole_Vprintf
                0x0000053c       0x68 ./utilities/debug_console/fsl_debug_console.o
                0x0000053c                DbgConsole_Vprintf
 .text.__assertion_failed
                0x000005a4       0x2c ./utilities/fsl_assert.o
                0x000005a4                __assertion_failed
 .text.adc_init
                0x000005d0       0x9c ./source/adc.o
                0x000005d0                adc_init
 .text.adc_read_pot
                0x0000066c       0x3c ./source/adc.o
                0x0000066c                adc_read_pot
 .text.main     0x000006a8       0xb8 ./source/main.o
                0x000006a8                main
 .text.pwm_init
                0x00000760       0x4c ./source/motor.o
 .text.motor_init
                0x000007ac       0x38 ./source/motor.o
                0x000007ac                motor_init
 .text.CLOCK_IsPLL0Locked
                0x000007e4       0x28 ./drivers/fsl_clock.o
 .text.CLOCK_IsPLL1Locked
                0x0000080c       0x28 ./drivers/fsl_clock.o
 .text.CLOCK_SetupFROHFClocking
                0x00000834       0x9c ./drivers/fsl_clock.o
                0x00000834                CLOCK_SetupFROHFClocking
 .text.CLOCK_SetPll0MonitorMode
                0x000008d0       0x38 ./drivers/fsl_clock.o
                0x000008d0                CLOCK_SetPll0MonitorMode
 .text.CLOCK_AttachClk
                0x00000908       0xb0 ./drivers/fsl_clock.o
                0x00000908                CLOCK_AttachClk
 .text.CLOCK_SetClkDiv
                0x000009b8       0x54 ./drivers/fsl_clock.o
                0x000009b8                CLOCK_SetClkDiv
 .text.CLOCK_GetCTimerClkFreq
                0x00000a0c       0xfc ./drivers/fsl_clock.o
                0x00000a0c                CLOCK_GetCTimerClkFreq
 .text.CLOCK_GetSaiMclkFreq
                0x00000b08       0x20 ./drivers/fsl_clock.o
                0x00000b08                CLOCK_GetSaiMclkFreq
 .text.CLOCK_GetSaiTxBclkFreq
                0x00000b28       0x20 ./drivers/fsl_clock.o
                0x00000b28                CLOCK_GetSaiTxBclkFreq
 .text.CLOCK_GetSaiRxBclkFreq
                0x00000b48       0x20 ./drivers/fsl_clock.o
                0x00000b48                CLOCK_GetSaiRxBclkFreq
 .text.CLOCK_GetPLL0InClockRate
                0x00000b68       0x5c ./drivers/fsl_clock.o
                0x00000b68                CLOCK_GetPLL0InClockRate
 .text.CLOCK_GetPLL1InClockRate
                0x00000bc4       0x58 ./drivers/fsl_clock.o
                0x00000bc4                CLOCK_GetPLL1InClockRate
 .text.CLOCK_SetPLL0Freq
                0x00000c1c      0x10c ./drivers/fsl_clock.o
                0x00000c1c                CLOCK_SetPLL0Freq
 .text.CLOCK_GetFro12MFreq
                0x00000d28       0x2c ./drivers/fsl_clock.o
 .text.CLOCK_GetClk1MFreq
                0x00000d54       0x14 ./drivers/fsl_clock.o
 .text.CLOCK_GetFroHfFreq
                0x00000d68       0x4c ./drivers/fsl_clock.o
 .text.CLOCK_GetClk48MFreq
                0x00000db4       0x2c ./drivers/fsl_clock.o
 .text.CLOCK_GetClk16KFreq
                0x00000de0       0x44 ./drivers/fsl_clock.o
 .text.CLOCK_GetExtClkFreq
                0x00000e24       0x2c ./drivers/fsl_clock.o
 .text.CLOCK_GetOsc32KFreq
                0x00000e50       0x4c ./drivers/fsl_clock.o
 .text.CLOCK_GetLposcFreq
                0x00000e9c       0x48 ./drivers/fsl_clock.o
 .text.findPll0PreDiv
                0x00000ee4       0x40 ./drivers/fsl_clock.o
 .text.findPll1PreDiv
                0x00000f24       0x40 ./drivers/fsl_clock.o
 .text.findPll0PostDiv
                0x00000f64       0x60 ./drivers/fsl_clock.o
 .text.findPll1PostDiv
                0x00000fc4       0x60 ./drivers/fsl_clock.o
 .text.findPll0MMult
                0x00001024       0xac ./drivers/fsl_clock.o
 .text.findPll1MMult
                0x000010d0       0xac ./drivers/fsl_clock.o
 .text.SDK_DelayAtLeastUs
                0x0000117c       0x8c ./drivers/fsl_common_arm.o
                0x0000117c                SDK_DelayAtLeastUs
 .text.__NVIC_EnableIRQ
                0x00001208       0x3c ./drivers/fsl_ctimer.o
 .text.CTIMER_GetInstance
                0x00001244       0x54 ./drivers/fsl_ctimer.o
 .text.CTIMER_Init
                0x00001298       0x80 ./drivers/fsl_ctimer.o
                0x00001298                CTIMER_Init
 .text.CTIMER_GetDefaultConfig
                0x00001318       0x3c ./drivers/fsl_ctimer.o
                0x00001318                CTIMER_GetDefaultConfig
 .text.CTIMER_SetupPwm
                0x00001354      0x200 ./drivers/fsl_ctimer.o
                0x00001354                CTIMER_SetupPwm
 .text.CTIMER_UpdatePwmDutycycle
                0x00001554       0xc4 ./drivers/fsl_ctimer.o
                0x00001554                CTIMER_UpdatePwmDutycycle
 .text.CTIMER_GenericIRQHandler
                0x00001618       0xb4 ./drivers/fsl_ctimer.o
 .text.GPIO_GetInstance
                0x000016cc       0x4c ./drivers/fsl_gpio.o
 .text.GPIO_PortClockEnable
                0x00001718       0x54 ./drivers/fsl_gpio.o
 .text.GPIO_PinInit
                0x0000176c       0x6c ./drivers/fsl_gpio.o
                0x0000176c                GPIO_PinInit
 .text.LPADC_GetInstance
                0x000017d8       0x4c ./drivers/fsl_lpadc.o
 .text.LPADC_GetGainConvResult
                0x00001824      0x134 ./drivers/fsl_lpadc.o
 .text.LPADC_Init
                0x00001958      0x170 ./drivers/fsl_lpadc.o
                0x00001958                LPADC_Init
 .text.LPADC_GetConvResult
                0x00001ac8       0x70 ./drivers/fsl_lpadc.o
                0x00001ac8                LPADC_GetConvResult
 .text.LPADC_SetConvTriggerConfig
                0x00001b38       0x8c ./drivers/fsl_lpadc.o
                0x00001b38                LPADC_SetConvTriggerConfig
 .text.LPADC_GetDefaultConvTriggerConfig
                0x00001bc4       0x50 ./drivers/fsl_lpadc.o
                0x00001bc4                LPADC_GetDefaultConvTriggerConfig
 .text.LPADC_SetConvCommandConfig
                0x00001c14      0x160 ./drivers/fsl_lpadc.o
                0x00001c14                LPADC_SetConvCommandConfig
 .text.LPADC_GetDefaultConvCommandConfig
                0x00001d74       0x84 ./drivers/fsl_lpadc.o
                0x00001d74                LPADC_GetDefaultConvCommandConfig
 .text.LPADC_PrepareAutoCalibration
                0x00001df8       0x44 ./drivers/fsl_lpadc.o
                0x00001df8                LPADC_PrepareAutoCalibration
 .text.LP_FLEXCOMM_GetInterruptStatus
                0x00001e3c       0x28 ./drivers/fsl_lpflexcomm.o
                0x00001e3c                LP_FLEXCOMM_GetInterruptStatus
 .text.LP_FLEXCOMM_SetPeriph
                0x00001e64       0x94 ./drivers/fsl_lpflexcomm.o
 .text.LP_FLEXCOMM_Init
                0x00001ef8       0x58 ./drivers/fsl_lpflexcomm.o
                0x00001ef8                LP_FLEXCOMM_Init
 .text.LP_FLEXCOMM_CommonIRQHandler
                0x00001f50       0xb8 ./drivers/fsl_lpflexcomm.o
 .text.LPUART_GetInstance
                0x00002008       0x4c ./drivers/fsl_lpuart.o
                0x00002008                LPUART_GetInstance
 .text.LPUART_Init
                0x00002054      0x3d4 ./drivers/fsl_lpuart.o
                0x00002054                LPUART_Init
 .text.LPUART_GetDefaultConfig
                0x00002428       0x8c ./drivers/fsl_lpuart.o
                0x00002428                LPUART_GetDefaultConfig
 .text.LPUART_WriteBlocking
                0x000024b4       0x68 ./drivers/fsl_lpuart.o
                0x000024b4                LPUART_WriteBlocking
 .text.PWM_GetInstance
                0x0000251c       0x4c ./drivers/fsl_pwm.o
 .text.PWM_Init
                0x00002568      0x2a0 ./drivers/fsl_pwm.o
                0x00002568                PWM_Init
 .text.PWM_SetupFaultInputFilter
                0x00002808       0x78 ./drivers/fsl_pwm.o
                0x00002808                PWM_SetupFaultInputFilter
 .text.PWM_SetupFaults
                0x00002880      0x1f8 ./drivers/fsl_pwm.o
                0x00002880                PWM_SetupFaults
 .text.RESET_SetPeripheralReset
                0x00002a78       0x64 ./drivers/fsl_reset.o
                0x00002a78                RESET_SetPeripheralReset
 .text.RESET_ClearPeripheralReset
                0x00002adc       0x64 ./drivers/fsl_reset.o
                0x00002adc                RESET_ClearPeripheralReset
 .text.SPC_SetSRAMOperateVoltage
                0x00002b40       0x58 ./drivers/fsl_spc.o
                0x00002b40                SPC_SetSRAMOperateVoltage
 .text.SPC_SetActiveModeCoreLDORegulatorConfig
                0x00002b98       0x94 ./drivers/fsl_spc.o
                0x00002b98                SPC_SetActiveModeCoreLDORegulatorConfig
 .text.SPC_SetActiveModeDCDCRegulatorConfig
                0x00002c2c       0x68 ./drivers/fsl_spc.o
                0x00002c2c                SPC_SetActiveModeDCDCRegulatorConfig
 .text.VREF_GetInstance
                0x00002c94       0x44 ./drivers/fsl_vref.o
 .text.VREF_Init
                0x00002cd8       0xdc ./drivers/fsl_vref.o
                0x00002cd8                VREF_Init
 .text.SystemInit
                0x00002db4      0x124 ./device/system_MCXN947_cm33_core0.o
                0x00002db4                SystemInit
 .text.HAL_UartInitCommon
                0x00002ed8       0xe4 ./component/uart/fsl_adapter_lpuart.o
 .text.HAL_UartInit
                0x00002fbc       0x84 ./component/uart/fsl_adapter_lpuart.o
                0x00002fbc                HAL_UartInit
 .text.HAL_UartSendBlocking
                0x00003040       0x64 ./component/uart/fsl_adapter_lpuart.o
                0x00003040                HAL_UartSendBlocking
 .text.BOARD_InitDebugConsole
                0x000030a4       0x38 ./board/board.o
                0x000030a4                BOARD_InitDebugConsole
 .text.BOARD_BootClockPLL150M
                0x000030dc      0x10c ./board/clock_config.o
                0x000030dc                BOARD_BootClockPLL150M
 .text.ADC1_init
                0x000031e8       0x18 ./board/peripherals.o
 .text.PWM0_init
                0x00003200       0x60 ./board/peripherals.o
 .text.VREF0_init
                0x00003260       0x24 ./board/peripherals.o
 .text.CTIMER0_init
                0x00003284       0x20 ./board/peripherals.o
 .text.PORT_SetPinConfig
                0x000032a4       0x38 ./board/pin_mux.o
 .text.BOARD_InitDEBUG_UARTPins
                0x000032dc      0x188 ./board/pin_mux.o
                0x000032dc                BOARD_InitDEBUG_UARTPins
 .text._initio  0x00003464       0x78 C:/nxp/MCUXpressoIDE_25.6.136/ide/plugins/com.nxp.mcuxpresso.tools.win32_25.6.0.202501151204/tools/bin/../lib/gcc/arm-none-eabi/14.2.1/../../../../arm-none-eabi/lib/thumb/v8-m.main+fp/hard\libcr_c.a(initio.o)
                0x00003464                _initio
 .text._Cwritebuf
                0x000034dc       0x70 C:/nxp/MCUXpressoIDE_25.6.136/ide/plugins/com.nxp.mcuxpresso.tools.win32_25.6.0.202501151204/tools/bin/../lib/gcc/arm-none-eabi/14.2.1/../../../../arm-none-eabi/lib/thumb/v8-m.main+fp/hard\libcr_c.a(_writebuf.o)
                0x000034dc                _Cwritebuf
 .text.fflush   0x0000354c       0x3c C:/nxp/MCUXpressoIDE_25.6.136/ide/plugins/com.nxp.mcuxpresso.tools.win32_25.6.0.202501151204/tools/bin/../lib/gcc/arm-none-eabi/14.2.1/../../../../arm-none-eabi/lib/thumb/v8-m.main+fp/hard\libcr_c.a(fflush.o)
                0x0000354c                fflush
 .text.fseek    0x00003588       0xf8 C:/nxp/MCUXpressoIDE_25.6.136/ide/plugins/com.nxp.mcuxpresso.tools.win32_25.6.0.202501151204/tools/bin/../lib/gcc/arm-none-eabi/14.2.1/../../../../arm-none-eabi/lib/thumb/v8-m.main+fp/hard\libcr_c.a(fseek.o)
                0x00003588                fseek
 .text.ftell    0x00003680       0x44 C:/nxp/MCUXpressoIDE_25.6.136/ide/plugins/com.nxp.mcuxpresso.tools.win32_25.6.0.202501151204/tools/bin/../lib/gcc/arm-none-eabi/14.2.1/../../../../arm-none-eabi/lib/thumb/v8-m.main+fp/hard\libcr_c.a(ftell.o)
                0x00003680                ftell
 .text.__aeabi_ddiv
                0x000036c4      0x134 C:/nxp/MCUXpressoIDE_25.6.136/ide/plugins/com.nxp.mcuxpresso.tools.win32_25.6.0.202501151204/tools/bin/../lib/gcc/arm-none-eabi/14.2.1/thumb/v8-m.main+fp/hard\libcr_eabihelpers.a(double.o)
                0x000036c4                __aeabi_ddiv
 .text.__aeabi_dsub
                0x000037f8      0x1b4 C:/nxp/MCUXpressoIDE_25.6.136/ide/plugins/com.nxp.mcuxpresso.tools.win32_25.6.0.202501151204/tools/bin/../lib/gcc/arm-none-eabi/14.2.1/thumb/v8-m.main+fp/hard\libcr_eabihelpers.a(double.o)
                0x000037f8                __aeabi_dsub
 .text.__aeabi_dadd
                0x000039ac      0x128 C:/nxp/MCUXpressoIDE_25.6.136/ide/plugins/com.nxp.mcuxpresso.tools.win32_25.6.0.202501151204/tools/bin/../lib/gcc/arm-none-eabi/14.2.1/thumb/v8-m.main+fp/hard\libcr_eabihelpers.a(double.o)
                0x000039ac                __aeabi_dadd
 .text.__aeabi_d2f
                0x00003ad4       0x58 C:/nxp/MCUXpressoIDE_25.6.136/ide/plugins/com.nxp.mcuxpresso.tools.win32_25.6.0.202501151204/tools/bin/../lib/gcc/arm-none-eabi/14.2.1/thumb/v8-m.main+fp/hard\libcr_eabihelpers.a(double.o)
                0x00003ad4                __aeabi_d2f
 .text.PrintGetWidth
                0x00003b2c       0x6a ./utilities/str/fsl_str.o
 .text.PrintGetPrecision
                0x00003b96       0x8c ./utilities/str/fsl_str.o
 .text.PrintIsobpu
                0x00003c22       0x38 ./utilities/str/fsl_str.o
 .text.PrintIsdi
                0x00003c5a       0x2c ./utilities/str/fsl_str.o
 .text.PrintOutputdifFobpu
                0x00003c86       0x44 ./utilities/str/fsl_str.o
 .text.PrintOutputxX
                0x00003cca       0x44 ./utilities/str/fsl_str.o
 .text.PrintIsfF
                0x00003d0e       0x2c ./utilities/str/fsl_str.o
 .text.PrintIsxX
                0x00003d3a       0x2c ./utilities/str/fsl_str.o
 .text.PrintFilterLengthFlag
                0x00003d66       0x3e ./utilities/str/fsl_str.o
 .text.PrintGetRadixFromobpu
                0x00003da4       0x40 ./utilities/str/fsl_str.o
 .text.ConvertRadixNumToString
                0x00003de4       0xc2 ./utilities/str/fsl_str.o
 .text.StrFormatExaminedi
                0x00003ea6       0x26 ./utilities/str/fsl_str.o
 .text.StrFormatExaminexX
                0x00003ecc       0x26 ./utilities/str/fsl_str.o
 .text.StrFormatExamineobpu
                0x00003ef2       0x26 ./utilities/str/fsl_str.o
 .text.ConvertPrecisionWidthToLength
                0x00003f18       0x20 ./utilities/str/fsl_str.o
 .text.StrFormatPrintf
                0x00003f38      0x2bc ./utilities/str/fsl_str.o
                0x00003f38                StrFormatPrintf
 .text.DbgConsole_PrintCallback
                0x000041f4       0x66 ./utilities/debug_console/fsl_debug_console.o
 .text.DbgConsole_Printf
                0x0000425a       0x2c ./utilities/debug_console/fsl_debug_console.o
                0x0000425a                DbgConsole_Printf
 .text.fsl_assert_hook
                0x00004286       0x1a ./utilities/fsl_assert.o
                0x00004286                fsl_assert_hook
 .text.OR_IRQHandler
                0x000042a0        0x8 ./startup/startup_mcxn947_cm33_core0.o
                0x000042a0                OR_IRQHandler
 .text.EDMA_0_CH0_IRQHandler
                0x000042a8        0x8 ./startup/startup_mcxn947_cm33_core0.o
                0x000042a8                EDMA_0_CH0_IRQHandler
 .text.EDMA_0_CH1_IRQHandler
                0x000042b0        0x8 ./startup/startup_mcxn947_cm33_core0.o
                0x000042b0                EDMA_0_CH1_IRQHandler
 .text.EDMA_0_CH2_IRQHandler
                0x000042b8        0x8 ./startup/startup_mcxn947_cm33_core0.o
                0x000042b8                EDMA_0_CH2_IRQHandler
 .text.EDMA_0_CH3_IRQHandler
                0x000042c0        0x8 ./startup/startup_mcxn947_cm33_core0.o
                0x000042c0                EDMA_0_CH3_IRQHandler
 .text.EDMA_0_CH4_IRQHandler
                0x000042c8        0x8 ./startup/startup_mcxn947_cm33_core0.o
                0x000042c8                EDMA_0_CH4_IRQHandler
 .text.EDMA_0_CH5_IRQHandler
                0x000042d0        0x8 ./startup/startup_mcxn947_cm33_core0.o
                0x000042d0                EDMA_0_CH5_IRQHandler
 .text.EDMA_0_CH6_IRQHandler
                0x000042d8        0x8 ./startup/startup_mcxn947_cm33_core0.o
                0x000042d8                EDMA_0_CH6_IRQHandler
 .text.EDMA_0_CH7_IRQHandler
                0x000042e0        0x8 ./startup/startup_mcxn947_cm33_core0.o
                0x000042e0                EDMA_0_CH7_IRQHandler
 .text.EDMA_0_CH8_IRQHandler
                0x000042e8        0x8 ./startup/startup_mcxn947_cm33_core0.o
                0x000042e8                EDMA_0_CH8_IRQHandler
 .text.EDMA_0_CH9_IRQHandler
                0x000042f0        0x8 ./startup/startup_mcxn947_cm33_core0.o
                0x000042f0                EDMA_0_CH9_IRQHandler
 .text.EDMA_0_CH10_IRQHandler
                0x000042f8        0x8 ./startup/startup_mcxn947_cm33_core0.o
                0x000042f8                EDMA_0_CH10_IRQHandler
 .text.EDMA_0_CH11_IRQHandler
                0x00004300        0x8 ./startup/startup_mcxn947_cm33_core0.o
                0x00004300                EDMA_0_CH11_IRQHandler
 .text.EDMA_0_CH12_IRQHandler
                0x00004308        0x8 ./startup/startup_mcxn947_cm33_core0.o
                0x00004308                EDMA_0_CH12_IRQHandler
 .text.EDMA_0_CH13_IRQHandler
                0x00004310        0x8 ./startup/startup_mcxn947_cm33_core0.o
                0x00004310                EDMA_0_CH13_IRQHandler
 .text.EDMA_0_CH14_IRQHandler
                0x00004318        0x8 ./startup/startup_mcxn947_cm33_core0.o
                0x00004318                EDMA_0_CH14_IRQHandler
 .text.EDMA_0_CH15_IRQHandler
                0x00004320        0x8 ./startup/startup_mcxn947_cm33_core0.o
                0x00004320                EDMA_0_CH15_IRQHandler
 .text.GPIO00_IRQHandler
                0x00004328        0x8 ./startup/startup_mcxn947_cm33_core0.o
                0x00004328                GPIO00_IRQHandler
 .text.GPIO01_IRQHandler
                0x00004330        0x8 ./startup/startup_mcxn947_cm33_core0.o
                0x00004330                GPIO01_IRQHandler
 .text.GPIO10_IRQHandler
                0x00004338        0x8 ./startup/startup_mcxn947_cm33_core0.o
                0x00004338                GPIO10_IRQHandler
 .text.GPIO11_IRQHandler
                0x00004340        0x8 ./startup/startup_mcxn947_cm33_core0.o
                0x00004340                GPIO11_IRQHandler
 .text.GPIO20_IRQHandler
                0x00004348        0x8 ./startup/startup_mcxn947_cm33_core0.o
                0x00004348                GPIO20_IRQHandler
 .text.GPIO21_IRQHandler
                0x00004350        0x8 ./startup/startup_mcxn947_cm33_core0.o
                0x00004350                GPIO21_IRQHandler
 .text.GPIO30_IRQHandler
                0x00004358        0x8 ./startup/startup_mcxn947_cm33_core0.o
                0x00004358                GPIO30_IRQHandler
 .text.GPIO31_IRQHandler
                0x00004360        0x8 ./startup/startup_mcxn947_cm33_core0.o
                0x00004360                GPIO31_IRQHandler
 .text.GPIO40_IRQHandler
                0x00004368        0x8 ./startup/startup_mcxn947_cm33_core0.o
                0x00004368                GPIO40_IRQHandler
 .text.GPIO41_IRQHandler
                0x00004370        0x8 ./startup/startup_mcxn947_cm33_core0.o
                0x00004370                GPIO41_IRQHandler
 .text.GPIO50_IRQHandler
                0x00004378        0x8 ./startup/startup_mcxn947_cm33_core0.o
                0x00004378                GPIO50_IRQHandler
 .text.GPIO51_IRQHandler
                0x00004380        0x8 ./startup/startup_mcxn947_cm33_core0.o
                0x00004380                GPIO51_IRQHandler
 .text.UTICK0_IRQHandler
                0x00004388        0x8 ./startup/startup_mcxn947_cm33_core0.o
                0x00004388                UTICK0_IRQHandler
 .text.MRT0_IRQHandler
                0x00004390        0x8 ./startup/startup_mcxn947_cm33_core0.o
                0x00004390                MRT0_IRQHandler
 .text.CTIMER0_IRQHandler
                0x00004398        0x8 ./startup/startup_mcxn947_cm33_core0.o
                0x00004398                CTIMER0_IRQHandler
 .text.CTIMER1_IRQHandler
                0x000043a0        0x8 ./startup/startup_mcxn947_cm33_core0.o
                0x000043a0                CTIMER1_IRQHandler
 .text.SCT0_IRQHandler
                0x000043a8        0x8 ./startup/startup_mcxn947_cm33_core0.o
                0x000043a8                SCT0_IRQHandler
 .text.CTIMER2_IRQHandler
                0x000043b0        0x8 ./startup/startup_mcxn947_cm33_core0.o
                0x000043b0                CTIMER2_IRQHandler
 .text.LP_FLEXCOMM0_IRQHandler
                0x000043b8        0x8 ./startup/startup_mcxn947_cm33_core0.o
                0x000043b8                LP_FLEXCOMM0_IRQHandler
 .text.LP_FLEXCOMM1_IRQHandler
                0x000043c0        0x8 ./startup/startup_mcxn947_cm33_core0.o
                0x000043c0                LP_FLEXCOMM1_IRQHandler
 .text.LP_FLEXCOMM2_IRQHandler
                0x000043c8        0x8 ./startup/startup_mcxn947_cm33_core0.o
                0x000043c8                LP_FLEXCOMM2_IRQHandler
 .text.LP_FLEXCOMM3_IRQHandler
                0x000043d0        0x8 ./startup/startup_mcxn947_cm33_core0.o
                0x000043d0                LP_FLEXCOMM3_IRQHandler
 .text.LP_FLEXCOMM4_IRQHandler
                0x000043d8        0x8 ./startup/startup_mcxn947_cm33_core0.o
                0x000043d8                LP_FLEXCOMM4_IRQHandler
 .text.LP_FLEXCOMM5_IRQHandler
                0x000043e0        0x8 ./startup/startup_mcxn947_cm33_core0.o
                0x000043e0                LP_FLEXCOMM5_IRQHandler
 .text.LP_FLEXCOMM6_IRQHandler
                0x000043e8        0x8 ./startup/startup_mcxn947_cm33_core0.o
                0x000043e8                LP_FLEXCOMM6_IRQHandler
 .text.LP_FLEXCOMM7_IRQHandler
                0x000043f0        0x8 ./startup/startup_mcxn947_cm33_core0.o
                0x000043f0                LP_FLEXCOMM7_IRQHandler
 .text.LP_FLEXCOMM8_IRQHandler
                0x000043f8        0x8 ./startup/startup_mcxn947_cm33_core0.o
                0x000043f8                LP_FLEXCOMM8_IRQHandler
 .text.LP_FLEXCOMM9_IRQHandler
                0x00004400        0x8 ./startup/startup_mcxn947_cm33_core0.o
                0x00004400                LP_FLEXCOMM9_IRQHandler
 .text.ADC0_IRQHandler
                0x00004408        0x8 ./startup/startup_mcxn947_cm33_core0.o
                0x00004408                ADC0_IRQHandler
 .text.ADC1_IRQHandler
                0x00004410        0x8 ./startup/startup_mcxn947_cm33_core0.o
                0x00004410                ADC1_IRQHandler
 .text.PINT0_IRQHandler
                0x00004418        0x8 ./startup/startup_mcxn947_cm33_core0.o
                0x00004418                PINT0_IRQHandler
 .text.PDM_EVENT_IRQHandler
                0x00004420        0x8 ./startup/startup_mcxn947_cm33_core0.o
                0x00004420                PDM_EVENT_IRQHandler
 .text.Reserved65_IRQHandler
                0x00004428        0x8 ./startup/startup_mcxn947_cm33_core0.o
                0x00004428                Reserved65_IRQHandler
 .text.USB0_FS_IRQHandler
                0x00004430        0x8 ./startup/startup_mcxn947_cm33_core0.o
                0x00004430                USB0_FS_IRQHandler
 .text.USB0_DCD_IRQHandler
                0x00004438        0x8 ./startup/startup_mcxn947_cm33_core0.o
                0x00004438                USB0_DCD_IRQHandler
 .text.RTC_IRQHandler
                0x00004440        0x8 ./startup/startup_mcxn947_cm33_core0.o
                0x00004440                RTC_IRQHandler
 .text.SMARTDMA_IRQHandler
                0x00004448        0x8 ./startup/startup_mcxn947_cm33_core0.o
                0x00004448                SMARTDMA_IRQHandler
 .text.MAILBOX_IRQHandler
                0x00004450        0x8 ./startup/startup_mcxn947_cm33_core0.o
                0x00004450                MAILBOX_IRQHandler
 .text.CTIMER3_IRQHandler
                0x00004458        0x8 ./startup/startup_mcxn947_cm33_core0.o
                0x00004458                CTIMER3_IRQHandler
 .text.CTIMER4_IRQHandler
                0x00004460        0x8 ./startup/startup_mcxn947_cm33_core0.o
                0x00004460                CTIMER4_IRQHandler
 .text.OS_EVENT_IRQHandler
                0x00004468        0x8 ./startup/startup_mcxn947_cm33_core0.o
                0x00004468                OS_EVENT_IRQHandler
 .text.FLEXSPI0_IRQHandler
                0x00004470        0x8 ./startup/startup_mcxn947_cm33_core0.o
                0x00004470                FLEXSPI0_IRQHandler
 .text.SAI0_IRQHandler
                0x00004478        0x8 ./startup/startup_mcxn947_cm33_core0.o
                0x00004478                SAI0_IRQHandler
 .text.SAI1_IRQHandler
                0x00004480        0x8 ./startup/startup_mcxn947_cm33_core0.o
                0x00004480                SAI1_IRQHandler
 .text.USDHC0_IRQHandler
                0x00004488        0x8 ./startup/startup_mcxn947_cm33_core0.o
                0x00004488                USDHC0_IRQHandler
 .text.CAN0_IRQHandler
                0x00004490        0x8 ./startup/startup_mcxn947_cm33_core0.o
                0x00004490                CAN0_IRQHandler
 .text.CAN1_IRQHandler
                0x00004498        0x8 ./startup/startup_mcxn947_cm33_core0.o
                0x00004498                CAN1_IRQHandler
 .text.Reserved80_IRQHandler
                0x000044a0        0x8 ./startup/startup_mcxn947_cm33_core0.o
                0x000044a0                Reserved80_IRQHandler
 .text.Reserved81_IRQHandler
                0x000044a8        0x8 ./startup/startup_mcxn947_cm33_core0.o
                0x000044a8                Reserved81_IRQHandler
 .text.USB1_HS_PHY_IRQHandler
                0x000044b0        0x8 ./startup/startup_mcxn947_cm33_core0.o
                0x000044b0                USB1_HS_PHY_IRQHandler
 .text.USB1_HS_IRQHandler
                0x000044b8        0x8 ./startup/startup_mcxn947_cm33_core0.o
                0x000044b8                USB1_HS_IRQHandler
 .text.SEC_HYPERVISOR_CALL_IRQHandler
                0x000044c0        0x8 ./startup/startup_mcxn947_cm33_core0.o
                0x000044c0                SEC_HYPERVISOR_CALL_IRQHandler
 .text.Reserved85_IRQHandler
                0x000044c8        0x8 ./startup/startup_mcxn947_cm33_core0.o
                0x000044c8                Reserved85_IRQHandler
 .text.PLU_IRQHandler
                0x000044d0        0x8 ./startup/startup_mcxn947_cm33_core0.o
                0x000044d0                PLU_IRQHandler
 .text.Freqme_IRQHandler
                0x000044d8        0x8 ./startup/startup_mcxn947_cm33_core0.o
                0x000044d8                Freqme_IRQHandler
 .text.SEC_VIO_IRQHandler
                0x000044e0        0x8 ./startup/startup_mcxn947_cm33_core0.o
                0x000044e0                SEC_VIO_IRQHandler
 .text.ELS_IRQHandler
                0x000044e8        0x8 ./startup/startup_mcxn947_cm33_core0.o
                0x000044e8                ELS_IRQHandler
 .text.PKC_IRQHandler
                0x000044f0        0x8 ./startup/startup_mcxn947_cm33_core0.o
                0x000044f0                PKC_IRQHandler
 .text.PUF_IRQHandler
                0x000044f8        0x8 ./startup/startup_mcxn947_cm33_core0.o
                0x000044f8                PUF_IRQHandler
 .text.PQ_IRQHandler
                0x00004500        0x8 ./startup/startup_mcxn947_cm33_core0.o
                0x00004500                PQ_IRQHandler
 .text.EDMA_1_CH0_IRQHandler
                0x00004508        0x8 ./startup/startup_mcxn947_cm33_core0.o
                0x00004508                EDMA_1_CH0_IRQHandler
 .text.EDMA_1_CH1_IRQHandler
                0x00004510        0x8 ./startup/startup_mcxn947_cm33_core0.o
                0x00004510                EDMA_1_CH1_IRQHandler
 .text.EDMA_1_CH2_IRQHandler
                0x00004518        0x8 ./startup/startup_mcxn947_cm33_core0.o
                0x00004518                EDMA_1_CH2_IRQHandler
 .text.EDMA_1_CH3_IRQHandler
                0x00004520        0x8 ./startup/startup_mcxn947_cm33_core0.o
                0x00004520                EDMA_1_CH3_IRQHandler
 .text.EDMA_1_CH4_IRQHandler
                0x00004528        0x8 ./startup/startup_mcxn947_cm33_core0.o
                0x00004528                EDMA_1_CH4_IRQHandler
 .text.EDMA_1_CH5_IRQHandler
                0x00004530        0x8 ./startup/startup_mcxn947_cm33_core0.o
                0x00004530                EDMA_1_CH5_IRQHandler
 .text.EDMA_1_CH6_IRQHandler
                0x00004538        0x8 ./startup/startup_mcxn947_cm33_core0.o
                0x00004538                EDMA_1_CH6_IRQHandler
 .text.EDMA_1_CH7_IRQHandler
                0x00004540        0x8 ./startup/startup_mcxn947_cm33_core0.o
                0x00004540                EDMA_1_CH7_IRQHandler
 .text.EDMA_1_CH8_IRQHandler
                0x00004548        0x8 ./startup/startup_mcxn947_cm33_core0.o
                0x00004548                EDMA_1_CH8_IRQHandler
 .text.EDMA_1_CH9_IRQHandler
                0x00004550        0x8 ./startup/startup_mcxn947_cm33_core0.o
                0x00004550                EDMA_1_CH9_IRQHandler
 .text.EDMA_1_CH10_IRQHandler
                0x00004558        0x8 ./startup/startup_mcxn947_cm33_core0.o
                0x00004558                EDMA_1_CH10_IRQHandler
 .text.EDMA_1_CH11_IRQHandler
                0x00004560        0x8 ./startup/startup_mcxn947_cm33_core0.o
                0x00004560                EDMA_1_CH11_IRQHandler
 .text.EDMA_1_CH12_IRQHandler
                0x00004568        0x8 ./startup/startup_mcxn947_cm33_core0.o
                0x00004568                EDMA_1_CH12_IRQHandler
 .text.EDMA_1_CH13_IRQHandler
                0x00004570        0x8 ./startup/startup_mcxn947_cm33_core0.o
                0x00004570                EDMA_1_CH13_IRQHandler
 .text.EDMA_1_CH14_IRQHandler
                0x00004578        0x8 ./startup/startup_mcxn947_cm33_core0.o
                0x00004578                EDMA_1_CH14_IRQHandler
 .text.EDMA_1_CH15_IRQHandler
                0x00004580        0x8 ./startup/startup_mcxn947_cm33_core0.o
                0x00004580                EDMA_1_CH15_IRQHandler
 .text.CDOG0_IRQHandler
                0x00004588        0x8 ./startup/startup_mcxn947_cm33_core0.o
                0x00004588                CDOG0_IRQHandler
 .text.CDOG1_IRQHandler
                0x00004590        0x8 ./startup/startup_mcxn947_cm33_core0.o
                0x00004590                CDOG1_IRQHandler
 .text.I3C0_IRQHandler
                0x00004598        0x8 ./startup/startup_mcxn947_cm33_core0.o
                0x00004598                I3C0_IRQHandler
 .text.I3C1_IRQHandler
                0x000045a0        0x8 ./startup/startup_mcxn947_cm33_core0.o
                0x000045a0                I3C1_IRQHandler
 .text.NPU_IRQHandler
                0x000045a8        0x8 ./startup/startup_mcxn947_cm33_core0.o
                0x000045a8                NPU_IRQHandler
 .text.GDET_IRQHandler
                0x000045b0        0x8 ./startup/startup_mcxn947_cm33_core0.o
                0x000045b0                GDET_IRQHandler
 .text.VBAT0_IRQHandler
                0x000045b8        0x8 ./startup/startup_mcxn947_cm33_core0.o
                0x000045b8                VBAT0_IRQHandler
 .text.EWM0_IRQHandler
                0x000045c0        0x8 ./startup/startup_mcxn947_cm33_core0.o
                0x000045c0                EWM0_IRQHandler
 .text.TSI_END_OF_SCAN_IRQHandler
                0x000045c8        0x8 ./startup/startup_mcxn947_cm33_core0.o
                0x000045c8                TSI_END_OF_SCAN_IRQHandler
 .text.TSI_OUT_OF_SCAN_IRQHandler
                0x000045d0        0x8 ./startup/startup_mcxn947_cm33_core0.o
                0x000045d0                TSI_OUT_OF_SCAN_IRQHandler
 .text.EMVSIM0_IRQHandler
                0x000045d8        0x8 ./startup/startup_mcxn947_cm33_core0.o
                0x000045d8                EMVSIM0_IRQHandler
 .text.EMVSIM1_IRQHandler
                0x000045e0        0x8 ./startup/startup_mcxn947_cm33_core0.o
                0x000045e0                EMVSIM1_IRQHandler
 .text.FLEXIO_IRQHandler
                0x000045e8        0x8 ./startup/startup_mcxn947_cm33_core0.o
                0x000045e8                FLEXIO_IRQHandler
 .text.DAC0_IRQHandler
                0x000045f0        0x8 ./startup/startup_mcxn947_cm33_core0.o
                0x000045f0                DAC0_IRQHandler
 .text.DAC1_IRQHandler
                0x000045f8        0x8 ./startup/startup_mcxn947_cm33_core0.o
                0x000045f8                DAC1_IRQHandler
 .text.DAC2_IRQHandler
                0x00004600        0x8 ./startup/startup_mcxn947_cm33_core0.o
                0x00004600                DAC2_IRQHandler
 .text.HSCMP0_IRQHandler
                0x00004608        0x8 ./startup/startup_mcxn947_cm33_core0.o
                0x00004608                HSCMP0_IRQHandler
 .text.HSCMP1_IRQHandler
                0x00004610        0x8 ./startup/startup_mcxn947_cm33_core0.o
                0x00004610                HSCMP1_IRQHandler
 .text.HSCMP2_IRQHandler
                0x00004618        0x8 ./startup/startup_mcxn947_cm33_core0.o
                0x00004618                HSCMP2_IRQHandler
 .text.FLEXPWM0_RELOAD_ERROR_IRQHandler
                0x00004620        0x8 ./startup/startup_mcxn947_cm33_core0.o
                0x00004620                FLEXPWM0_RELOAD_ERROR_IRQHandler
 .text.FLEXPWM0_FAULT_IRQHandler
                0x00004628        0x8 ./startup/startup_mcxn947_cm33_core0.o
                0x00004628                FLEXPWM0_FAULT_IRQHandler
 .text.FLEXPWM0_SUBMODULE0_IRQHandler
                0x00004630        0x8 ./startup/startup_mcxn947_cm33_core0.o
                0x00004630                FLEXPWM0_SUBMODULE0_IRQHandler
 .text.FLEXPWM0_SUBMODULE1_IRQHandler
                0x00004638        0x8 ./startup/startup_mcxn947_cm33_core0.o
                0x00004638                FLEXPWM0_SUBMODULE1_IRQHandler
 .text.FLEXPWM0_SUBMODULE2_IRQHandler
                0x00004640        0x8 ./startup/startup_mcxn947_cm33_core0.o
                0x00004640                FLEXPWM0_SUBMODULE2_IRQHandler
 .text.FLEXPWM0_SUBMODULE3_IRQHandler
                0x00004648        0x8 ./startup/startup_mcxn947_cm33_core0.o
                0x00004648                FLEXPWM0_SUBMODULE3_IRQHandler
 .text.FLEXPWM1_RELOAD_ERROR_IRQHandler
                0x00004650        0x8 ./startup/startup_mcxn947_cm33_core0.o
                0x00004650                FLEXPWM1_RELOAD_ERROR_IRQHandler
 .text.FLEXPWM1_FAULT_IRQHandler
                0x00004658        0x8 ./startup/startup_mcxn947_cm33_core0.o
                0x00004658                FLEXPWM1_FAULT_IRQHandler
 .text.FLEXPWM1_SUBMODULE0_IRQHandler
                0x00004660        0x8 ./startup/startup_mcxn947_cm33_core0.o
                0x00004660                FLEXPWM1_SUBMODULE0_IRQHandler
 .text.FLEXPWM1_SUBMODULE1_IRQHandler
                0x00004668        0x8 ./startup/startup_mcxn947_cm33_core0.o
                0x00004668                FLEXPWM1_SUBMODULE1_IRQHandler
 .text.FLEXPWM1_SUBMODULE2_IRQHandler
                0x00004670        0x8 ./startup/startup_mcxn947_cm33_core0.o
                0x00004670                FLEXPWM1_SUBMODULE2_IRQHandler
 .text.FLEXPWM1_SUBMODULE3_IRQHandler
                0x00004678        0x8 ./startup/startup_mcxn947_cm33_core0.o
                0x00004678                FLEXPWM1_SUBMODULE3_IRQHandler
 .text.QDC0_COMPARE_IRQHandler
                0x00004680        0x8 ./startup/startup_mcxn947_cm33_core0.o
                0x00004680                QDC0_COMPARE_IRQHandler
 .text.QDC0_HOME_IRQHandler
                0x00004688        0x8 ./startup/startup_mcxn947_cm33_core0.o
                0x00004688                QDC0_HOME_IRQHandler
 .text.QDC0_WDG_SAB_IRQHandler
                0x00004690        0x8 ./startup/startup_mcxn947_cm33_core0.o
                0x00004690                QDC0_WDG_SAB_IRQHandler
 .text.QDC0_IDX_IRQHandler
                0x00004698        0x8 ./startup/startup_mcxn947_cm33_core0.o
                0x00004698                QDC0_IDX_IRQHandler
 .text.QDC1_COMPARE_IRQHandler
                0x000046a0        0x8 ./startup/startup_mcxn947_cm33_core0.o
                0x000046a0                QDC1_COMPARE_IRQHandler
 .text.QDC1_HOME_IRQHandler
                0x000046a8        0x8 ./startup/startup_mcxn947_cm33_core0.o
                0x000046a8                QDC1_HOME_IRQHandler
 .text.QDC1_WDG_SAB_IRQHandler
                0x000046b0        0x8 ./startup/startup_mcxn947_cm33_core0.o
                0x000046b0                QDC1_WDG_SAB_IRQHandler
 .text.QDC1_IDX_IRQHandler
                0x000046b8        0x8 ./startup/startup_mcxn947_cm33_core0.o
                0x000046b8                QDC1_IDX_IRQHandler
 .text.ITRC0_IRQHandler
                0x000046c0        0x8 ./startup/startup_mcxn947_cm33_core0.o
                0x000046c0                ITRC0_IRQHandler
 .text.BSP32_IRQHandler
                0x000046c8        0x8 ./startup/startup_mcxn947_cm33_core0.o
                0x000046c8                BSP32_IRQHandler
 .text.ELS_ERR_IRQHandler
                0x000046d0        0x8 ./startup/startup_mcxn947_cm33_core0.o
                0x000046d0                ELS_ERR_IRQHandler
 .text.PKC_ERR_IRQHandler
                0x000046d8        0x8 ./startup/startup_mcxn947_cm33_core0.o
                0x000046d8                PKC_ERR_IRQHandler
 .text.ERM_SINGLE_BIT_ERROR_IRQHandler
                0x000046e0        0x8 ./startup/startup_mcxn947_cm33_core0.o
                0x000046e0                ERM_SINGLE_BIT_ERROR_IRQHandler
 .text.ERM_MULTI_BIT_ERROR_IRQHandler
                0x000046e8        0x8 ./startup/startup_mcxn947_cm33_core0.o
                0x000046e8                ERM_MULTI_BIT_ERROR_IRQHandler
 .text.FMU0_IRQHandler
                0x000046f0        0x8 ./startup/startup_mcxn947_cm33_core0.o
                0x000046f0                FMU0_IRQHandler
 .text.ETHERNET_IRQHandler
                0x000046f8        0x8 ./startup/startup_mcxn947_cm33_core0.o
                0x000046f8                ETHERNET_IRQHandler
 .text.ETHERNET_PMT_IRQHandler
                0x00004700        0x8 ./startup/startup_mcxn947_cm33_core0.o
                0x00004700                ETHERNET_PMT_IRQHandler
 .text.ETHERNET_MACLP_IRQHandler
                0x00004708        0x8 ./startup/startup_mcxn947_cm33_core0.o
                0x00004708                ETHERNET_MACLP_IRQHandler
 .text.SINC_FILTER_IRQHandler
                0x00004710        0x8 ./startup/startup_mcxn947_cm33_core0.o
                0x00004710                SINC_FILTER_IRQHandler
 .text.LPTMR0_IRQHandler
                0x00004718        0x8 ./startup/startup_mcxn947_cm33_core0.o
                0x00004718                LPTMR0_IRQHandler
 .text.LPTMR1_IRQHandler
                0x00004720        0x8 ./startup/startup_mcxn947_cm33_core0.o
                0x00004720                LPTMR1_IRQHandler
 .text.SCG_IRQHandler
                0x00004728        0x8 ./startup/startup_mcxn947_cm33_core0.o
                0x00004728                SCG_IRQHandler
 .text.SPC_IRQHandler
                0x00004730        0x8 ./startup/startup_mcxn947_cm33_core0.o
                0x00004730                SPC_IRQHandler
 .text.WUU_IRQHandler
                0x00004738        0x8 ./startup/startup_mcxn947_cm33_core0.o
                0x00004738                WUU_IRQHandler
 .text.PORT_EFT_IRQHandler
                0x00004740        0x8 ./startup/startup_mcxn947_cm33_core0.o
                0x00004740                PORT_EFT_IRQHandler
 .text.ETB0_IRQHandler
                0x00004748        0x8 ./startup/startup_mcxn947_cm33_core0.o
                0x00004748                ETB0_IRQHandler
 .text.Reserved166_IRQHandler
                0x00004750        0x8 ./startup/startup_mcxn947_cm33_core0.o
                0x00004750                Reserved166_IRQHandler
 .text.Reserved167_IRQHandler
                0x00004758        0x8 ./startup/startup_mcxn947_cm33_core0.o
                0x00004758                Reserved167_IRQHandler
 .text.WWDT0_IRQHandler
                0x00004760        0x8 ./startup/startup_mcxn947_cm33_core0.o
                0x00004760                WWDT0_IRQHandler
 .text.WWDT1_IRQHandler
                0x00004768        0x8 ./startup/startup_mcxn947_cm33_core0.o
                0x00004768                WWDT1_IRQHandler
 .text.CMC0_IRQHandler
                0x00004770        0x8 ./startup/startup_mcxn947_cm33_core0.o
                0x00004770                CMC0_IRQHandler
 .text.CTI0_IRQHandler
                0x00004778        0x8 ./startup/startup_mcxn947_cm33_core0.o
                0x00004778                CTI0_IRQHandler
 .text.CLOCK_EnableClock
                0x00004780       0x8c ./source/adc.o
 .text.LPADC_DoSoftwareTrigger
                0x0000480c       0x1c ./source/adc.o
 .text.GPIO_PinWrite
                0x00004828       0x36 ./source/main.o
 .text.GPIO_PinRead
                0x0000485e       0x24 ./source/main.o
 .text.CTIMER_StartTimer
                0x00004882       0x20 ./source/motor.o
 .text.HardFault_Handler
                0x000048a2       0x36 ./source/semihost_hardfault.o
                0x000048a2                HardFault_Handler
 .text.CLOCK_GetPll0OutFreq
                0x000048d8       0x88 ./drivers/fsl_clock.o
                0x000048d8                CLOCK_GetPll0OutFreq
 .text.CLOCK_GetPll1OutFreq
                0x00004960       0x82 ./drivers/fsl_clock.o
                0x00004960                CLOCK_GetPll1OutFreq
 .text.DelayLoop
                0x000049e2       0x20 ./drivers/fsl_common_arm.o
 .text.CLOCK_EnableClock
                0x00004a02       0x8c ./drivers/fsl_ctimer.o
 .text.EnableIRQ
                0x00004a8e       0x32 ./drivers/fsl_ctimer.o
 .text.CTIMER_GetStatusFlags
                0x00004ac0       0x18 ./drivers/fsl_ctimer.o
 .text.CTIMER_ClearStatusFlags
                0x00004ad8       0x1c ./drivers/fsl_ctimer.o
 .text.CTIMER0_DriverIRQHandler
                0x00004af4        0xe ./drivers/fsl_ctimer.o
                0x00004af4                CTIMER0_DriverIRQHandler
 .text.CTIMER1_DriverIRQHandler
                0x00004b02        0xe ./drivers/fsl_ctimer.o
                0x00004b02                CTIMER1_DriverIRQHandler
 .text.CTIMER2_DriverIRQHandler
                0x00004b10        0xe ./drivers/fsl_ctimer.o
                0x00004b10                CTIMER2_DriverIRQHandler
 .text.CTIMER3_DriverIRQHandler
                0x00004b1e        0xe ./drivers/fsl_ctimer.o
                0x00004b1e                CTIMER3_DriverIRQHandler
 .text.CTIMER4_DriverIRQHandler
                0x00004b2c        0xe ./drivers/fsl_ctimer.o
                0x00004b2c                CTIMER4_DriverIRQHandler
 .text.CLOCK_EnableClock
                0x00004b3a       0x8c ./drivers/fsl_gpio.o
 .text.CLOCK_DisableClock
                0x00004bc6       0xb0 ./drivers/fsl_gpio.o
 .text.GPIO_PinWrite
                0x00004c76       0x36 ./drivers/fsl_gpio.o
 .text.CLOCK_EnableClock
                0x00004cac       0x8c ./drivers/fsl_lpadc.o
 .text.RESET_ReleasePeripheralReset
                0x00004d38       0x16 ./drivers/fsl_lpadc.o
 .text.LPADC_Enable
                0x00004d4e       0x38 ./drivers/fsl_lpadc.o
 .text.LPADC_DoResetFIFO0
                0x00004d86       0x20 ./drivers/fsl_lpadc.o
 .text.LPADC_DoResetFIFO1
                0x00004da6       0x20 ./drivers/fsl_lpadc.o
 .text.LPADC_DoResetConfig
                0x00004dc6       0x2c ./drivers/fsl_lpadc.o
 .text.LPADC_GetConvResultCount
                0x00004df2       0x26 ./drivers/fsl_lpadc.o
 .text.LPADC_GetDefaultConfig
                0x00004e18       0x5c ./drivers/fsl_lpadc.o
                0x00004e18                LPADC_GetDefaultConfig
 .text.LPADC_DoAutoCalibration
                0x00004e74       0x1c ./drivers/fsl_lpadc.o
                0x00004e74                LPADC_DoAutoCalibration
 .text.LPADC_FinishAutoCalibration
                0x00004e90      0x104 ./drivers/fsl_lpadc.o
                0x00004e90                LPADC_FinishAutoCalibration
 .text.CLOCK_EnableClock
                0x00004f94       0x8c ./drivers/fsl_lpflexcomm.o
 .text.LP_FLEXCOMM_PeripheralIsPresent
                0x00005020       0x52 ./drivers/fsl_lpflexcomm.o
 .text.LP_FLEXCOMM0_DriverIRQHandler
                0x00005072        0xe ./drivers/fsl_lpflexcomm.o
                0x00005072                LP_FLEXCOMM0_DriverIRQHandler
 .text.LP_FLEXCOMM1_DriverIRQHandler
                0x00005080        0xe ./drivers/fsl_lpflexcomm.o
                0x00005080                LP_FLEXCOMM1_DriverIRQHandler
 .text.LP_FLEXCOMM2_DriverIRQHandler
                0x0000508e        0xe ./drivers/fsl_lpflexcomm.o
                0x0000508e                LP_FLEXCOMM2_DriverIRQHandler
 .text.LP_FLEXCOMM3_DriverIRQHandler
                0x0000509c        0xe ./drivers/fsl_lpflexcomm.o
                0x0000509c                LP_FLEXCOMM3_DriverIRQHandler
 .text.LP_FLEXCOMM4_DriverIRQHandler
                0x000050aa        0xe ./drivers/fsl_lpflexcomm.o
                0x000050aa                LP_FLEXCOMM4_DriverIRQHandler
 .text.LP_FLEXCOMM5_DriverIRQHandler
                0x000050b8        0xe ./drivers/fsl_lpflexcomm.o
                0x000050b8                LP_FLEXCOMM5_DriverIRQHandler
 .text.LP_FLEXCOMM6_DriverIRQHandler
                0x000050c6        0xe ./drivers/fsl_lpflexcomm.o
                0x000050c6                LP_FLEXCOMM6_DriverIRQHandler
 .text.LP_FLEXCOMM7_DriverIRQHandler
                0x000050d4        0xe ./drivers/fsl_lpflexcomm.o
                0x000050d4                LP_FLEXCOMM7_DriverIRQHandler
 .text.LP_FLEXCOMM8_DriverIRQHandler
                0x000050e2        0xe ./drivers/fsl_lpflexcomm.o
                0x000050e2                LP_FLEXCOMM8_DriverIRQHandler
 .text.LP_FLEXCOMM9_DriverIRQHandler
                0x000050f0        0xe ./drivers/fsl_lpflexcomm.o
                0x000050f0                LP_FLEXCOMM9_DriverIRQHandler
 .text.LPUART_SoftwareReset
                0x000050fe       0x2c ./drivers/fsl_lpuart.o
 .text.CLOCK_EnableClock
                0x0000512a       0x8c ./drivers/fsl_pwm.o
 .text.RESET_PeripheralReset
                0x000051b6       0x1c ./drivers/fsl_reset.o
                0x000051b6                RESET_PeripheralReset
 .text.SPC_GetActiveModeBandgapMode
                0x000051d2       0x22 ./drivers/fsl_spc.o
 .text.SPC_GetActiveModeVoltageDetectStatus
                0x000051f4       0x22 ./drivers/fsl_spc.o
 .text.SPC_GetActiveModeCoreLDOVDDVoltageLevel
                0x00005216       0x22 ./drivers/fsl_spc.o
 .text.SPC_GetActiveModeCoreLDODriveStrength
                0x00005238       0x22 ./drivers/fsl_spc.o
 .text.SPC_SetActiveModeDCDCRegulatorVoltageLevel
                0x0000525a       0x32 ./drivers/fsl_spc.o
 .text.SPC_SetActiveModeCoreLDORegulatorVoltageLevel
                0x0000528c       0x60 ./drivers/fsl_spc.o
                0x0000528c                SPC_SetActiveModeCoreLDORegulatorVoltageLevel
 .text.SPC_SetActiveModeCoreLDORegulatorDriveStrength
                0x000052ec       0x5e ./drivers/fsl_spc.o
                0x000052ec                SPC_SetActiveModeCoreLDORegulatorDriveStrength
 .text.SPC_SetActiveModeDCDCRegulatorDriveStrength
                0x0000534a       0x48 ./drivers/fsl_spc.o
                0x0000534a                SPC_SetActiveModeDCDCRegulatorDriveStrength
 .text.CLOCK_EnableClock
                0x00005392       0x8c ./drivers/fsl_vref.o
 .text.SystemInitHook
                0x0000541e        0xe ./device/system_MCXN947_cm33_core0.o
                0x0000541e                SystemInitHook
 .text.HAL_UartGetStatus
                0x0000542c       0x28 ./component/uart/fsl_adapter_lpuart.o
 .text.DisableGlobalIRQ
                0x00005454       0x22 ./component/serial_manager/fsl_component_serial_manager.o
 .text.EnableGlobalIRQ
                0x00005476       0x20 ./component/serial_manager/fsl_component_serial_manager.o
 .text.SerialManager_StartWriting
                0x00005496       0x38 ./component/serial_manager/fsl_component_serial_manager.o
 .text.SerialManager_Write
                0x000054ce       0x44 ./component/serial_manager/fsl_component_serial_manager.o
 .text.SerialManager_Init
                0x00005512       0x60 ./component/serial_manager/fsl_component_serial_manager.o
                0x00005512                SerialManager_Init
 .text.SerialManager_OpenWriteHandle
                0x00005572       0x50 ./component/serial_manager/fsl_component_serial_manager.o
                0x00005572                SerialManager_OpenWriteHandle
 .text.SerialManager_OpenReadHandle
                0x000055c2       0x60 ./component/serial_manager/fsl_component_serial_manager.o
                0x000055c2                SerialManager_OpenReadHandle
 .text.SerialManager_WriteBlocking
                0x00005622       0x20 ./component/serial_manager/fsl_component_serial_manager.o
                0x00005622                SerialManager_WriteBlocking
 .text.Serial_UartInit
                0x00005642       0x3e ./component/serial_manager/fsl_component_serial_port_uart.o
                0x00005642                Serial_UartInit
 .text.Serial_UartWrite
                0x00005680       0x38 ./component/serial_manager/fsl_component_serial_port_uart.o
                0x00005680                Serial_UartWrite
 .text.CLOCK_EnableClock
                0x000056b8       0x8c ./board/clock_config.o
 .text.BOARD_InitBootClocks
                0x00005744        0xc ./board/clock_config.o
                0x00005744                BOARD_InitBootClocks
 .text.SPC_EnableActiveModeAnalogModules
                0x00005750       0x26 ./board/peripherals.o
 .text.CTIMER_StartTimer
                0x00005776       0x20 ./board/peripherals.o
 .text.BOARD_InitPeripherals
                0x00005796       0x18 ./board/peripherals.o
                0x00005796                BOARD_InitPeripherals
 .text.BOARD_InitBootPeripherals
                0x000057ae        0xc ./board/peripherals.o
                0x000057ae                BOARD_InitBootPeripherals
 .text.CLOCK_EnableClock
                0x000057ba       0x8c ./board/pin_mux.o
 .text.PORT_SetPinMux
                0x00005846       0x3e ./board/pin_mux.o
 .text.BOARD_InitBootPins
                0x00005884        0xc ./board/pin_mux.o
                0x00005884                BOARD_InitBootPins
 .text.__main   0x00005890        0xe C:/nxp/MCUXpressoIDE_25.6.136/ide/plugins/com.nxp.mcuxpresso.tools.win32_25.6.0.202501151204/tools/bin/../lib/gcc/arm-none-eabi/14.2.1/../../../../arm-none-eabi/lib/thumb/v8-m.main+fp/hard\libcr_nohost_nf.a(_cr__main.o)
                0x00005890                __main
 .text.memcpy   0x0000589e        0x4 C:/nxp/MCUXpressoIDE_25.6.136/ide/plugins/com.nxp.mcuxpresso.tools.win32_25.6.0.202501151204/tools/bin/../lib/gcc/arm-none-eabi/14.2.1/../../../../arm-none-eabi/lib/thumb/v8-m.main+fp/hard\libcr_c.a(memcpy.o)
                0x0000589e                memcpy
 .text.memset   0x000058a2        0x4 C:/nxp/MCUXpressoIDE_25.6.136/ide/plugins/com.nxp.mcuxpresso.tools.win32_25.6.0.202501151204/tools/bin/../lib/gcc/arm-none-eabi/14.2.1/../../../../arm-none-eabi/lib/thumb/v8-m.main+fp/hard\libcr_c.a(memset.o)
                0x000058a2                memset
 .text.free     0x000058a6       0x30 C:/nxp/MCUXpressoIDE_25.6.136/ide/plugins/com.nxp.mcuxpresso.tools.win32_25.6.0.202501151204/tools/bin/../lib/gcc/arm-none-eabi/14.2.1/../../../../arm-none-eabi/lib/thumb/v8-m.main+fp/hard\libcr_c.a(alloc.o)
                0x000058a6                free
 .text.setvbuf  0x000058d6       0x3e C:/nxp/MCUXpressoIDE_25.6.136/ide/plugins/com.nxp.mcuxpresso.tools.win32_25.6.0.202501151204/tools/bin/../lib/gcc/arm-none-eabi/14.2.1/../../../../arm-none-eabi/lib/thumb/v8-m.main+fp/hard\libcr_c.a(setvbuf.o)
                0x000058d6                setvbuf
 .text.strlen   0x00005914       0x4e C:/nxp/MCUXpressoIDE_25.6.136/ide/plugins/com.nxp.mcuxpresso.tools.win32_25.6.0.202501151204/tools/bin/../lib/gcc/arm-none-eabi/14.2.1/../../../../arm-none-eabi/lib/thumb/v8-m.main+fp/hard\libcr_c.a(strlen.o)
                0x00005914                strlen
 .text._deferredlazyseek
                0x00005962       0x40 C:/nxp/MCUXpressoIDE_25.6.136/ide/plugins/com.nxp.mcuxpresso.tools.win32_25.6.0.202501151204/tools/bin/../lib/gcc/arm-none-eabi/14.2.1/../../../../arm-none-eabi/lib/thumb/v8-m.main+fp/hard\libcr_c.a(_deferredlazyseek.o)
                0x00005962                _deferredlazyseek
 .text._fdopen  0x000059a2       0x68 C:/nxp/MCUXpressoIDE_25.6.136/ide/plugins/com.nxp.mcuxpresso.tools.win32_25.6.0.202501151204/tools/bin/../lib/gcc/arm-none-eabi/14.2.1/../../../../arm-none-eabi/lib/thumb/v8-m.main+fp/hard\libcr_c.a(_fdopen.o)
                0x000059a2                _fdopen
 .text._fflush  0x00005a0a       0x52 C:/nxp/MCUXpressoIDE_25.6.136/ide/plugins/com.nxp.mcuxpresso.tools.win32_25.6.0.202501151204/tools/bin/../lib/gcc/arm-none-eabi/14.2.1/../../../../arm-none-eabi/lib/thumb/v8-m.main+fp/hard\libcr_c.a(_fflush.o)
                0x00005a0a                _fflush
 .text.fclose   0x00005a5c       0x58 C:/nxp/MCUXpressoIDE_25.6.136/ide/plugins/com.nxp.mcuxpresso.tools.win32_25.6.0.202501151204/tools/bin/../lib/gcc/arm-none-eabi/14.2.1/../../../../arm-none-eabi/lib/thumb/v8-m.main+fp/hard\libcr_c.a(fclose.o)
                0x00005a5c                fclose
 .text.remove   0x00005ab4       0x14 C:/nxp/MCUXpressoIDE_25.6.136/ide/plugins/com.nxp.mcuxpresso.tools.win32_25.6.0.202501151204/tools/bin/../lib/gcc/arm-none-eabi/14.2.1/../../../../arm-none-eabi/lib/thumb/v8-m.main+fp/hard\libcr_c.a(remove.o)
                0x00005ab4                remove
 .text._do_fflush
                0x00005ac8       0x40 C:/nxp/MCUXpressoIDE_25.6.136/ide/plugins/com.nxp.mcuxpresso.tools.win32_25.6.0.202501151204/tools/bin/../lib/gcc/arm-none-eabi/14.2.1/../../../../arm-none-eabi/lib/thumb/v8-m.main+fp/hard\libcr_c.a(_do_fflush.o)
                0x00005ac8                _do_fflush
 .text.__aeabi_division_uldivmod
                0x00005b08      0x174 C:/nxp/MCUXpressoIDE_25.6.136/ide/plugins/com.nxp.mcuxpresso.tools.win32_25.6.0.202501151204/tools/bin/../lib/gcc/arm-none-eabi/14.2.1/thumb/v8-m.main+fp/hard\libcr_eabihelpers.a(division_64.o)
                0x00005b08                __aeabi_uldivmod
                0x00005b0c                __bhs_ldivmod1
 .text.__aeabi_division_idiv0
                0x00005c7c        0x2 C:/nxp/MCUXpressoIDE_25.6.136/ide/plugins/com.nxp.mcuxpresso.tools.win32_25.6.0.202501151204/tools/bin/../lib/gcc/arm-none-eabi/14.2.1/thumb/v8-m.main+fp/hard\libcr_eabihelpers.a(division_idiv0.o)
                0x00005c7c                __aeabi_idiv0
 .text.__bhs_ui2d
                0x00005c7e       0x46 C:/nxp/MCUXpressoIDE_25.6.136/ide/plugins/com.nxp.mcuxpresso.tools.win32_25.6.0.202501151204/tools/bin/../lib/gcc/arm-none-eabi/14.2.1/thumb/v8-m.main+fp/hard\libcr_eabihelpers.a(double.o)
                0x00005c7e                __bhs_ui2d
 .text.__aeabi_ui2d
                0x00005cc4        0x8 C:/nxp/MCUXpressoIDE_25.6.136/ide/plugins/com.nxp.mcuxpresso.tools.win32_25.6.0.202501151204/tools/bin/../lib/gcc/arm-none-eabi/14.2.1/thumb/v8-m.main+fp/hard\libcr_eabihelpers.a(double.o)
                0x00005cc4                __aeabi_ui2d
 .text.__aeabi_f2ulz
                0x00005ccc       0x3e C:/nxp/MCUXpressoIDE_25.6.136/ide/plugins/com.nxp.mcuxpresso.tools.win32_25.6.0.202501151204/tools/bin/../lib/gcc/arm-none-eabi/14.2.1/thumb/v8-m.main+fp/hard\libcr_eabihelpers.a(float.o)
                0x00005ccc                __aeabi_f2ulz
 .text.__aeabi_memcpy
                0x00005d0a       0x34 C:/nxp/MCUXpressoIDE_25.6.136/ide/plugins/com.nxp.mcuxpresso.tools.win32_25.6.0.202501151204/tools/bin/../lib/gcc/arm-none-eabi/14.2.1/thumb/v8-m.main+fp/hard\libcr_eabihelpers.a(memcpy.o)
                0x00005d0a                __aeabi_memcpy
                0x00005d14                __aeabi_memcpy8
                0x00005d14                __aeabi_memcpy4
 .text.__aeabi_memset_lowlevel
                0x00005d3e       0x32 C:/nxp/MCUXpressoIDE_25.6.136/ide/plugins/com.nxp.mcuxpresso.tools.win32_25.6.0.202501151204/tools/bin/../lib/gcc/arm-none-eabi/14.2.1/thumb/v8-m.main+fp/hard\libcr_eabihelpers.a(memcpy.o)
                0x00005d3e                __aeabi_lowlevel_memset
 .text.__sys_close
                0x00005d70        0x6 C:/nxp/MCUXpressoIDE_25.6.136/ide/plugins/com.nxp.mcuxpresso.tools.win32_25.6.0.202501151204/tools/bin/../lib/gcc/arm-none-eabi/14.2.1/../../../../arm-none-eabi/lib/thumb/v8-m.main+fp/hard\libcr_nohost_nf.a(__sys_close.o)
                0x00005d70                __sys_close
 .text.__sys_flen
                0x00005d76        0x6 C:/nxp/MCUXpressoIDE_25.6.136/ide/plugins/com.nxp.mcuxpresso.tools.win32_25.6.0.202501151204/tools/bin/../lib/gcc/arm-none-eabi/14.2.1/../../../../arm-none-eabi/lib/thumb/v8-m.main+fp/hard\libcr_nohost_nf.a(__sys_flen.o)
                0x00005d76                __sys_flen
 .text.__sys_istty
                0x00005d7c        0x6 C:/nxp/MCUXpressoIDE_25.6.136/ide/plugins/com.nxp.mcuxpresso.tools.win32_25.6.0.202501151204/tools/bin/../lib/gcc/arm-none-eabi/14.2.1/../../../../arm-none-eabi/lib/thumb/v8-m.main+fp/hard\libcr_nohost_nf.a(__sys_istty.o)
                0x00005d7c                __sys_istty
 .text.__sys_remove
                0x00005d82        0x6 C:/nxp/MCUXpressoIDE_25.6.136/ide/plugins/com.nxp.mcuxpresso.tools.win32_25.6.0.202501151204/tools/bin/../lib/gcc/arm-none-eabi/14.2.1/../../../../arm-none-eabi/lib/thumb/v8-m.main+fp/hard\libcr_nohost_nf.a(__sys_remove.o)
                0x00005d82                __sys_remove
 .text.__sys_seek
                0x00005d88        0x6 C:/nxp/MCUXpressoIDE_25.6.136/ide/plugins/com.nxp.mcuxpresso.tools.win32_25.6.0.202501151204/tools/bin/../lib/gcc/arm-none-eabi/14.2.1/../../../../arm-none-eabi/lib/thumb/v8-m.main+fp/hard\libcr_nohost_nf.a(__sys_seek.o)
                0x00005d88                __sys_seek
 .text.__sys_tmpnam
                0x00005d8e        0x6 C:/nxp/MCUXpressoIDE_25.6.136/ide/plugins/com.nxp.mcuxpresso.tools.win32_25.6.0.202501151204/tools/bin/../lib/gcc/arm-none-eabi/14.2.1/../../../../arm-none-eabi/lib/thumb/v8-m.main+fp/hard\libcr_nohost_nf.a(__sys_tmpnam.o)
                0x00005d8e                __sys_tmpnam
 .text.__sys_write
                0x00005d94        0x4 C:/nxp/MCUXpressoIDE_25.6.136/ide/plugins/com.nxp.mcuxpresso.tools.win32_25.6.0.202501151204/tools/bin/../lib/gcc/arm-none-eabi/14.2.1/../../../../arm-none-eabi/lib/thumb/v8-m.main+fp/hard\libcr_nohost_nf.a(__sys_write.o)
                0x00005d94                __sys_write
 *(SORT_BY_ALIGNMENT(.rodata) SORT_BY_ALIGNMENT(.rodata.*) SORT_BY_ALIGNMENT(.constdata) SORT_BY_ALIGNMENT(.constdata.*))
 .rodata.__assertion_failed.str1.4
                0x00005d98      0xb15 ./utilities/fsl_assert.o
                                 0x14 (size before relaxing)
 .rodata.main.str1.4
                0x000068ad       0x26 ./source/main.o
 .rodata.SDK_DelayAtLeastUs.str1.4
                0x000068ad       0x2b ./drivers/fsl_common_arm.o
 *fill*         0x000068ad        0x3 ff
 .rodata.s_ctimerBases
                0x000068b0       0x14 ./drivers/fsl_ctimer.o
 .rodata.s_ctimerClocks
                0x000068c4        0xa ./drivers/fsl_ctimer.o
 *fill*         0x000068ce        0x2 ff
 .rodata.s_ctimerResets
                0x000068d0       0x14 ./drivers/fsl_ctimer.o
 .rodata.s_ctimerIRQ
                0x000068e4        0xa ./drivers/fsl_ctimer.o
 .rodata.CTIMER_GetInstance.str1.4
                0x000068ee       0x2e ./drivers/fsl_ctimer.o
 .rodata.CTIMER_Init.str1.4
                0x000068ee       0x21 ./drivers/fsl_ctimer.o
 .rodata.CTIMER_GetDefaultConfig.str1.4
                0x000068ee       0x22 ./drivers/fsl_ctimer.o
 .rodata.CTIMER_SetupPwm.str1.4
                0x000068ee       0x50 ./drivers/fsl_ctimer.o
 .rodata.CTIMER_UpdatePwmDutycycle.str1.4
                0x000068ee       0x2c ./drivers/fsl_ctimer.o
 *fill*         0x000068ee        0x2 ff
 .rodata.s_gpioBases
                0x000068f0       0x18 ./drivers/fsl_gpio.o
 .rodata.s_gpioClockName
                0x00006908        0xa ./drivers/fsl_gpio.o
 .rodata.GPIO_GetInstance.str1.4
                0x00006912       0x34 ./drivers/fsl_gpio.o
 .rodata.GPIO_PortClockEnable.str1.4
                0x00006912       0x38 ./drivers/fsl_gpio.o
 .rodata.GPIO_PinInit.str1.4
                0x00006912       0x20 ./drivers/fsl_gpio.o
 *fill*         0x00006912        0x2 ff
 .rodata.s_lpadcBases
                0x00006914        0x8 ./drivers/fsl_lpadc.o
 .rodata.s_lpadcClocks
                0x0000691c        0x4 ./drivers/fsl_lpadc.o
 .rodata.s_lpadcResets
                0x00006920        0x8 ./drivers/fsl_lpadc.o
 .rodata.LPADC_GetInstance.str1.4
                0x00006928       0x36 ./drivers/fsl_lpadc.o
 .rodata.LPADC_Init.str1.4
                0x00006928       0x21 ./drivers/fsl_lpadc.o
 .rodata.LPADC_GetConvResult.str1.4
                0x00006928       0x21 ./drivers/fsl_lpadc.o
 .rodata.LPADC_SetConvTriggerConfig.str1.4
                0x00006928       0x51 ./drivers/fsl_lpadc.o
 .rodata.LPADC_GetDefaultConvTriggerConfig.str1.4
                0x00006928       0x21 ./drivers/fsl_lpadc.o
 .rodata.LPADC_SetConvCommandConfig.str1.4
                0x00006928      0x1ac ./drivers/fsl_lpadc.o
 .rodata.LPADC_GetDefaultConvCommandConfig.str1.4
                0x00006928       0x21 ./drivers/fsl_lpadc.o
 .rodata.LPADC_PrepareAutoCalibration.str1.4
                0x00006928       0x69 ./drivers/fsl_lpadc.o
 .rodata.s_lpflexcommBase
                0x00006928       0x28 ./drivers/fsl_lpflexcomm.o
 .rodata.s_lpflexcommClocks
                0x00006950       0x14 ./drivers/fsl_lpflexcomm.o
 .rodata.s_lpflexcommResets
                0x00006964       0x28 ./drivers/fsl_lpflexcomm.o
 .rodata.LP_FLEXCOMM_SetPeriph.str1.4
                0x0000698c       0x43 ./drivers/fsl_lpflexcomm.o
 .rodata.LP_FLEXCOMM_Init.str1.4
                0x0000698c       0x49 ./drivers/fsl_lpflexcomm.o
 .rodata.s_lpuartBases
                0x0000698c       0x28 ./drivers/fsl_lpuart.o
 .rodata.LPUART_GetInstance.str1.4
                0x000069b4       0x38 ./drivers/fsl_lpuart.o
 .rodata.LPUART_Init.str1.4
                0x000069b4      0x10a ./drivers/fsl_lpuart.o
 .rodata.LPUART_GetDefaultConfig.str1.4
                0x000069b4       0x22 ./drivers/fsl_lpuart.o
 .rodata.LPUART_WriteBlocking.str1.4
                0x000069b4       0x21 ./drivers/fsl_lpuart.o
 .rodata.s_pwmBases
                0x000069b4        0x8 ./drivers/fsl_pwm.o
 .rodata.s_pwmClocks
                0x000069bc       0x10 ./drivers/fsl_pwm.o
 .rodata.PWM_GetInstance.str1.4
                0x000069cc       0x31 ./drivers/fsl_pwm.o
 .rodata.PWM_Init.str1.4
                0x000069cc       0x46 ./drivers/fsl_pwm.o
 .rodata.PWM_SetupFaultInputFilter.str1.4
                0x000069cc       0x2f ./drivers/fsl_pwm.o
 .rodata.PWM_SetupFaults.str1.4
                0x000069cc       0x33 ./drivers/fsl_pwm.o
 .rodata.RESET_SetPeripheralReset.str1.4
                0x000069cc       0x1e ./drivers/fsl_reset.o
 .rodata.RESET_ClearPeripheralReset.str1.4
                0x000069cc       0x1e ./drivers/fsl_reset.o
 .rodata.SPC_SetSRAMOperateVoltage.str1.4
                0x000069cc       0x1f ./drivers/fsl_spc.o
 .rodata.SPC_SetActiveModeCoreLDORegulatorConfig.str1.4
                0x000069cc       0x1f ./drivers/fsl_spc.o
 .rodata.SPC_SetActiveModeDCDCRegulatorConfig.str1.4
                0x000069cc       0x20 ./drivers/fsl_spc.o
 .rodata.VREF_GetInstance.str1.4
                0x000069cc       0x33 ./drivers/fsl_vref.o
 .rodata.VREF_Init.str1.4
                0x000069cc       0x1f ./drivers/fsl_vref.o
 .rodata.s_LpuartAdapterBase
                0x000069cc       0x28 ./component/uart/fsl_adapter_lpuart.o
 .rodata.HAL_UartInit.str1.4
                0x000069f4      0x116 ./component/uart/fsl_adapter_lpuart.o
 .rodata.HAL_UartSendBlocking.str1.4
                0x000069f4       0x7b ./component/uart/fsl_adapter_lpuart.o
 .rodata        0x000069f4        0xa ./board/clock_config.o
 *fill*         0x000069fe        0x2 ff
 .rodata.ADC1_config
                0x00006a00       0x18 ./board/peripherals.o
                0x00006a00                ADC1_config
 .rodata.PWM0_faultInputFilter_config
                0x00006a18        0x3 ./board/peripherals.o
                0x00006a18                PWM0_faultInputFilter_config
 *fill*         0x00006a1b        0x1 ff
 .rodata.PWM0_Fault0_fault_config
                0x00006a1c        0x4 ./board/peripherals.o
                0x00006a1c                PWM0_Fault0_fault_config
 .rodata.PWM0_Fault1_fault_config
                0x00006a20        0x4 ./board/peripherals.o
                0x00006a20                PWM0_Fault1_fault_config
 .rodata.PWM0_Fault2_fault_config
                0x00006a24        0x4 ./board/peripherals.o
                0x00006a24                PWM0_Fault2_fault_config
 .rodata.PWM0_Fault3_fault_config
                0x00006a28        0x4 ./board/peripherals.o
                0x00006a28                PWM0_Fault3_fault_config
 .rodata.VREF0_config
                0x00006a2c        0x6 ./board/peripherals.o
                0x00006a2c                VREF0_config
 *fill*         0x00006a32        0x2 ff
 .rodata.CTIMER0_config
                0x00006a34        0x8 ./board/peripherals.o
                0x00006a34                CTIMER0_config
 .rodata.PORT_SetPinConfig.str1.4
                0x00006a3c       0x71 ./board/pin_mux.o
 .rodata.__num_Ciob_streams
                0x00006a3c        0x4 C:/nxp/MCUXpressoIDE_25.6.136/ide/plugins/com.nxp.mcuxpresso.tools.win32_25.6.0.202501151204/tools/bin/../lib/gcc/arm-none-eabi/14.2.1/../../../../arm-none-eabi/lib/thumb/v8-m.main+fp/hard\libcr_nohost_nf.a(__ciob.o)
                0x00006a3c                __num_Ciob_streams
 .rodata._initio.str1.1
                0x00006a40        0x4 C:/nxp/MCUXpressoIDE_25.6.136/ide/plugins/com.nxp.mcuxpresso.tools.win32_25.6.0.202501151204/tools/bin/../lib/gcc/arm-none-eabi/14.2.1/../../../../arm-none-eabi/lib/thumb/v8-m.main+fp/hard\libcr_c.a(initio.o)
                0x00006ab0                        . = ALIGN (0x4)

.glue_7         0x00006a44        0x0
 .glue_7        0x00006a44        0x0 linker stubs

.glue_7t        0x00006a44        0x0
 .glue_7t       0x00006a44        0x0 linker stubs

.vfp11_veneer   0x00006a44        0x0
 .vfp11_veneer  0x00006a44        0x0 linker stubs

.v4_bx          0x00006a44        0x0
 .v4_bx         0x00006a44        0x0 linker stubs

.iplt           0x00006a44        0x0
 .iplt          0x00006a44        0x0 ./utilities/str/fsl_str.o

.rel.dyn        0x00006a44        0x0
 .rel.iplt      0x00006a44        0x0 ./utilities/str/fsl_str.o

.ARM.extab
 *(SORT_BY_ALIGNMENT(.ARM.extab*) SORT_BY_ALIGNMENT(.gnu.linkonce.armextab.*))

.ARM.exidx      0x00006a44        0x0
                0x00006a44                        __exidx_start = .
 *(SORT_BY_ALIGNMENT(.ARM.exidx*) SORT_BY_ALIGNMENT(.gnu.linkonce.armexidx.*))
                0x00006a44                        __exidx_end = .
                0x00006a44                        _etext = .

.m_usb_data
 *(SORT_BY_ALIGNMENT(m_usb_global))

.data_RAM2      0x04000000        0x0 load address 0x00006a44
 FILL mask 0xff
                [!provide]                        PROVIDE (__start_data_RAM2 = .)
                [!provide]                        PROVIDE (__start_data_SRAMX = .)
 *(SORT_BY_ALIGNMENT(.ramfunc.$RAM2))
 *(SORT_BY_ALIGNMENT(.ramfunc.$SRAMX))
 *(SORT_BY_ALIGNMENT(.data.$RAM2))
 *(SORT_BY_ALIGNMENT(.data.$SRAMX))
 *(SORT_BY_ALIGNMENT(.data.$RAM2.*))
 *(SORT_BY_ALIGNMENT(.data.$SRAMX.*))
                0x04000000                        . = ALIGN (0x4)
                [!provide]                        PROVIDE (__end_data_RAM2 = .)
                [!provide]                        PROVIDE (__end_data_SRAMX = .)

.data_RAM3      0x20060000        0x0 load address 0x00006a44
 FILL mask 0xff
                [!provide]                        PROVIDE (__start_data_RAM3 = .)
                [!provide]                        PROVIDE (__start_data_SRAMH = .)
 *(SORT_BY_ALIGNMENT(.ramfunc.$RAM3))
 *(SORT_BY_ALIGNMENT(.ramfunc.$SRAMH))
 *(SORT_BY_ALIGNMENT(.data.$RAM3))
 *(SORT_BY_ALIGNMENT(.data.$SRAMH))
 *(SORT_BY_ALIGNMENT(.data.$RAM3.*))
 *(SORT_BY_ALIGNMENT(.data.$SRAMH.*))
                0x20060000                        . = ALIGN (0x4)
                [!provide]                        PROVIDE (__end_data_RAM3 = .)
                [!provide]                        PROVIDE (__end_data_SRAMH = .)

.data_RAM4      0x400ba000        0x0 load address 0x00006a44
 FILL mask 0xff
                [!provide]                        PROVIDE (__start_data_RAM4 = .)
                [!provide]                        PROVIDE (__start_data_USB_RAM = .)
 *(SORT_BY_ALIGNMENT(.ramfunc.$RAM4))
 *(SORT_BY_ALIGNMENT(.ramfunc.$USB_RAM))
 *(SORT_BY_ALIGNMENT(.data.$RAM4))
 *(SORT_BY_ALIGNMENT(.data.$USB_RAM))
 *(SORT_BY_ALIGNMENT(.data.$RAM4.*))
 *(SORT_BY_ALIGNMENT(.data.$USB_RAM.*))
                0x400ba000                        . = ALIGN (0x4)
                [!provide]                        PROVIDE (__end_data_RAM4 = .)
                [!provide]                        PROVIDE (__end_data_USB_RAM = .)

.uninit_RESERVED
                0x20000000        0x0
                0x20000000                        _start_uninit_RESERVED = .
 *(SORT_BY_ALIGNMENT(.bss.$RESERVED*))
                0x20000000                        . = ALIGN (0x4)
                0x20000000                        _end_uninit_RESERVED = .

.data           0x20000000        0xc load address 0x00006a44
 FILL mask 0xff
                0x20000000                        _data = .
                [!provide]                        PROVIDE (__start_data_RAM = .)
                [!provide]                        PROVIDE (__start_data_SRAM = .)
 *(SORT_BY_ALIGNMENT(vtable))
 *(SORT_BY_ALIGNMENT(.ramfunc*))
 *(SORT_BY_ALIGNMENT(CodeQuickAccess))
 *(SORT_BY_ALIGNMENT(DataQuickAccess))
 *(SORT_BY_ALIGNMENT(RamFunction))
 *(SORT_BY_ALIGNMENT(.data*))
 .data.s_Ext_Clk_Freq
                0x20000000        0x4 ./drivers/fsl_clock.o
 .data.s_Xtal32_Freq
                0x20000004        0x4 ./drivers/fsl_clock.o
 .data.SystemCoreClock
                0x20000008        0x4 ./device/system_MCXN947_cm33_core0.o
                0x20000008                SystemCoreClock
                0x2000000c                        . = ALIGN (0x4)
                0x2000000c                        _edata = .
                [!provide]                        PROVIDE (__end_data_RAM = .)
                [!provide]                        PROVIDE (__end_data_SRAM = .)

.igot.plt       0x2000000c        0x0 load address 0x00006a50
 .igot.plt      0x2000000c        0x0 ./utilities/str/fsl_str.o

.bss_RAM2       0x04000000        0x0
                [!provide]                        PROVIDE (__start_bss_RAM2 = .)
                [!provide]                        PROVIDE (__start_bss_SRAMX = .)
 *(SORT_BY_ALIGNMENT(.bss.$RAM2))
 *(SORT_BY_ALIGNMENT(.bss.$SRAMX))
 *(SORT_BY_ALIGNMENT(.bss.$RAM2.*))
 *(SORT_BY_ALIGNMENT(.bss.$SRAMX.*))
                0x04000000                        . = ALIGN ((. != 0x0)?0x4:0x1)
                [!provide]                        PROVIDE (__end_bss_RAM2 = .)
                [!provide]                        PROVIDE (__end_bss_SRAMX = .)

.bss_RAM3       0x20060000        0x0
                [!provide]                        PROVIDE (__start_bss_RAM3 = .)
                [!provide]                        PROVIDE (__start_bss_SRAMH = .)
 *(SORT_BY_ALIGNMENT(.bss.$RAM3))
 *(SORT_BY_ALIGNMENT(.bss.$SRAMH))
 *(SORT_BY_ALIGNMENT(.bss.$RAM3.*))
 *(SORT_BY_ALIGNMENT(.bss.$SRAMH.*))
                0x20060000                        . = ALIGN ((. != 0x0)?0x4:0x1)
                [!provide]                        PROVIDE (__end_bss_RAM3 = .)
                [!provide]                        PROVIDE (__end_bss_SRAMH = .)

.bss_RAM4       0x400ba000        0x0
                [!provide]                        PROVIDE (__start_bss_RAM4 = .)
                [!provide]                        PROVIDE (__start_bss_USB_RAM = .)
 *(SORT_BY_ALIGNMENT(.bss.$RAM4))
 *(SORT_BY_ALIGNMENT(.bss.$USB_RAM))
 *(SORT_BY_ALIGNMENT(.bss.$RAM4.*))
 *(SORT_BY_ALIGNMENT(.bss.$USB_RAM.*))
                0x400ba000                        . = ALIGN ((. != 0x0)?0x4:0x1)
                [!provide]                        PROVIDE (__end_bss_RAM4 = .)
                [!provide]                        PROVIDE (__end_bss_USB_RAM = .)

.bss            0x2000000c      0x260
                0x2000000c                        _bss = .
                [!provide]                        PROVIDE (__start_bss_RAM = .)
                [!provide]                        PROVIDE (__start_bss_SRAM = .)
 *(SORT_BY_ALIGNMENT(.bss*))
 .bss.s_debugConsoleState
                0x2000000c       0x20 ./utilities/debug_console/fsl_debug_console.o
 .bss.g_serialHandle
                0x2000002c        0x4 ./utilities/debug_console/fsl_debug_console.o
                0x2000002c                g_serialHandle
 .bss.s_Sai_Mclk_Freq
                0x20000030        0x8 ./drivers/fsl_clock.o
 .bss.s_Sai_Tx_Bclk_Freq
                0x20000038        0x8 ./drivers/fsl_clock.o
 .bss.s_Sai_Rx_Bclk_Freq
                0x20000040        0x8 ./drivers/fsl_clock.o
 .bss.s_ctimerCallback
                0x20000048       0x14 ./drivers/fsl_ctimer.o
 .bss.ctimerCallbackType
                0x2000005c        0x5 ./drivers/fsl_ctimer.o
 *fill*         0x20000061        0x3 
 .bss.s_lpflexcommIrqHandler
                0x20000064       0xa0 ./drivers/fsl_lpflexcomm.o
 .bss.s_lpflexcommHandle
                0x20000104       0xa0 ./drivers/fsl_lpflexcomm.o
 .bss.PWM0_SM0_config
                0x200001a4        0x9 ./board/peripherals.o
                0x200001a4                PWM0_SM0_config
 *fill*         0x200001ad        0x3 