C:\Users\sport\Documents\MCUXpressoIDE_25.6.136\workspace\MCXN947_TXST_Peripheral_Integration\CMSIS/core_cm33.h:2358:22:__NVIC_EnableIRQ	16	static
C:\Users\sport\Documents\MCUXpressoIDE_25.6.136\workspace\MCXN947_TXST_Peripheral_Integration\CMSIS/core_cm33.h:2555:22:__NVIC_SetPriority	16	static
C:\Users\sport\Documents\MCUXpressoIDE_25.6.136\workspace\MCXN947_TXST_Peripheral_Integration\drivers/fsl_common_arm.h:714:24:EnableIRQ	24	static
../source/txst_oled.c:23:10:LPI2C2_GetFreq	8	static
../source/txst_oled.c:188:13:lpi2c_master_callback	16	static
../source/txst_oled.c:196:13:i2c_wait_for_transfer	16	static
../source/txst_oled.c:212:13:ssd1306_write_command	24	static
../source/txst_oled.c:220:13:ssd1306_init_display	16	static
../source/txst_oled.c:234:13:ssd1306_clear_display	8	static
../source/txst_oled.c:240:13:ssd1306_draw_pixel_internal	24	static
../source/txst_oled.c:253:13:ssd1306_draw_char_internal	32	static
../source/txst_oled.c:274:13:ssd1306_draw_text_internal	16	static
../source/txst_oled.c:289:13:ssd1306_refresh_display	32	static
../source/txst_oled.c:373:6:oled_init	112	static
../source/txst_oled.c:424:6:oled_clear	8	static
../source/txst_oled.c:429:6:oled_draw_pixel	16	static
../source/txst_oled.c:434:6:oled_draw_char	16	static
../source/txst_oled.c:439:6:oled_draw_text	16	static
../source/txst_oled.c:444:6:oled_refresh	8	static
