/Users/andrew/Documents/MCUXpressoIDE_25.6.136/workspace/frdmmcxn947_cmsis_lpspi_edma_b2b_transfer_master_cm33_core0/drivers/fsl_gpio.h:345:20:GPIO_PinWrite	24	static
../source/cmsis_lpspi_edma_b2b_transfer_master.c:51:20:cs_low	8	static
../source/cmsis_lpspi_edma_b2b_transfer_master.c:55:20:cs_high	8	static
../source/cmsis_lpspi_edma_b2b_transfer_master.c:61:6:lsm6ds3tr_c_self_test	344	static
../source/cmsis_lpspi_edma_b2b_transfer_master.c:218:16:platform_write	48	static
../source/cmsis_lpspi_edma_b2b_transfer_master.c:238:16:platform_read	32	static
../source/cmsis_lpspi_edma_b2b_transfer_master.c:258:13:tx_com	16	static
../source/cmsis_lpspi_edma_b2b_transfer_master.c:263:13:platform_delay	24	static
../source/cmsis_lpspi_edma_b2b_transfer_master.c:268:13:platform_init	16	static
../source/cmsis_lpspi_edma_b2b_transfer_master.c:292:5:main	8	static
