../drivers/fsl_lpi2c.h:579:24:LPI2C_MasterGetStatusFlags	16	static
../drivers/fsl_lpi2c.h:1062:24:LPI2C_SlaveGetStatusFlags	16	static
../drivers/fsl_lpi2c_cmsis.c:118:27:LPI2Cx_GetVersion	16	static
../drivers/fsl_lpi2c_cmsis.c:124:29:LPI2Cx_GetCapabilities	4	static
../drivers/fsl_lpi2c_cmsis.c:468:13:KSDK_LPI2C_SLAVE_InterruptCallback	32	static
../drivers/fsl_lpi2c_cmsis.c:505:13:KSDK_LPI2C_MASTER_InterruptCallback	32	static
../drivers/fsl_lpi2c_cmsis.c:536:16:LPI2C_InterruptInitialize	16	static
../drivers/fsl_lpi2c_cmsis.c:547:16:LPI2C_InterruptUninitialize	16	static
../drivers/fsl_lpi2c_cmsis.c:553:16:LPI2C_Master_InterruptTransmit	56	static
../drivers/fsl_lpi2c_cmsis.c:605:16:LPI2C_Master_InterruptReceive	56	static
../drivers/fsl_lpi2c_cmsis.c:658:16:LPI2C_Slave_InterruptTransmit	32	static
../drivers/fsl_lpi2c_cmsis.c:695:16:LPI2C_Slave_InterruptReceive	32	static
../drivers/fsl_lpi2c_cmsis.c:730:16:LPI2C_InterruptGetDataCount	24	static
../drivers/fsl_lpi2c_cmsis.c:747:16:LPI2C_InterruptControl	40	static
../drivers/fsl_lpi2c_cmsis.c:828:16:LPI2C_InterruptPowerControl	88	static
../drivers/fsl_lpi2c_cmsis.c:911:23:LPI2C_InterruptGetStatus	32	static
../drivers/fsl_lpi2c_cmsis.c:1421:13:KSDK_LPI2C2_SLAVE_InterruptCallback	24	static
../drivers/fsl_lpi2c_cmsis.c:1426:16:LPI2C2_InterruptInitialize	16	static
../drivers/fsl_lpi2c_cmsis.c:1434:16:LPI2C2_InterruptUninitialize	8	static
../drivers/fsl_lpi2c_cmsis.c:1442:16:LPI2C2_InterruptPowerControl	16	static
../drivers/fsl_lpi2c_cmsis.c:1447:16:LPI2C2_Master_InterruptTransmit	32	static
../drivers/fsl_lpi2c_cmsis.c:1452:16:LPI2C2_Master_InterruptReceive	32	static
../drivers/fsl_lpi2c_cmsis.c:1457:16:LPI2C2_Slave_InterruptTransmit	16	static
../drivers/fsl_lpi2c_cmsis.c:1463:16:LPI2C2_Slave_InterruptReceive	16	static
../drivers/fsl_lpi2c_cmsis.c:1469:16:LPI2C2_InterruptGetDataCount	8	static
../drivers/fsl_lpi2c_cmsis.c:1474:16:LPI2C2_InterruptControl	16	static
../drivers/fsl_lpi2c_cmsis.c:1479:23:LPI2C2_InterruptGetStatus	8	static
