/Users/andrew/Documents/MCUXpressoIDE_25.6.136/workspace/temp_sensor_testing_i3c_master_read_sensor_p3t1755_cm33_core0/CMSIS/core_cm33.h:2358:22:__NVIC_EnableIRQ	16	static
../drivers/fsl_clock.h:1492:20:CLOCK_EnableClock	24	static
../drivers/fsl_clock.h:1523:20:CLOCK_DisableClock	24	static
../drivers/fsl_common_arm.h:678:24:EnableIRQ	24	static
../drivers/fsl_i3c.h:861:24:I3C_MasterGetStatusFlags	16	static
../drivers/fsl_i3c.h:884:20:I3C_MasterClearStatusFlags	16	static
../drivers/fsl_i3c.h:901:24:I3C_MasterGetErrorStatusFlags	16	static
../drivers/fsl_i3c.h:915:20:I3C_MasterClearErrorStatusFlags	16	static
../drivers/fsl_i3c.h:946:20:I3C_MasterEnableInterrupts	16	static
../drivers/fsl_i3c.h:961:20:I3C_MasterDisableInterrupts	16	static
../drivers/fsl_i3c.h:973:24:I3C_MasterGetEnabledInterrupts	16	static
../drivers/fsl_i3c.h:985:24:I3C_MasterGetPendingInterrupts	16	static
../drivers/fsl_i3c.h:1052:20:I3C_MasterSetWatermarks	16	static
../drivers/fsl_i3c.h:1068:20:I3C_MasterGetFifoCounts	24	static
../drivers/fsl_i3c.h:1106:20:I3C_MasterGetBusIdleState	16	static
../drivers/fsl_i3c.h:1190:24:I3C_MasterRepeatedStart	24	static
../drivers/fsl_i3c.h:1266:20:I3C_MasterEmitIBIResponse	24	static
../drivers/fsl_i3c.h:1304:23:I3C_GetIBIAddress	16	static
../drivers/fsl_i3c.h:1539:24:I3C_SlaveGetStatusFlags	16	static
../drivers/fsl_i3c.h:1560:20:I3C_SlaveClearStatusFlags	16	static
../drivers/fsl_i3c.h:1577:24:I3C_SlaveGetErrorStatusFlags	16	static
../drivers/fsl_i3c.h:1591:20:I3C_SlaveClearErrorStatusFlags	16	static
../drivers/fsl_i3c.h:1631:20:I3C_SlaveEnableInterrupts	16	static
../drivers/fsl_i3c.h:1656:20:I3C_SlaveDisableInterrupts	16	static
../drivers/fsl_i3c.h:1668:24:I3C_SlaveGetEnabledInterrupts	16	static
../drivers/fsl_i3c.h:1680:24:I3C_SlaveGetPendingInterrupts	16	static
../drivers/fsl_i3c.h:1763:20:I3C_SlaveGetFifoCounts	24	static
../drivers/fsl_i3c.c:330:10:I3C_GetInstance	24	static
../drivers/fsl_i3c.c:363:10:I3C_MasterCheckAndClearError	24	static
../drivers/fsl_i3c.c:436:10:I3C_MasterWaitForCtrlDone	32	static
../drivers/fsl_i3c.c:480:17:I3C_MasterWaitForTxReady	32	static
../drivers/fsl_i3c.c:518:17:I3C_MasterWaitForComplete	32	static
../drivers/fsl_i3c.c:578:10:I3C_SlaveCheckAndClearError	24	static
../drivers/fsl_i3c.c:654:17:I3C_SlaveWaitForTxReady	32	static
../drivers/fsl_i3c.c:692:17:I3C_MasterEmitStop	24	static
../drivers/fsl_i3c.c:719:16:I3C_GetIBIType	24	static
../drivers/fsl_i3c.c:750:10:I3C_CheckForBusyBus	16	static
../drivers/fsl_i3c.c:758:6:I3C_GetDefaultConfig	16	static
../drivers/fsl_i3c.c:800:6:I3C_Init	48	static
../drivers/fsl_i3c.c:938:6:I3C_MasterGetDefaultConfig	16	static
../drivers/fsl_i3c.c:964:6:I3C_MasterInit	48	static
../drivers/fsl_i3c.c:1021:20:I3C_MasterGetState	24	static
../drivers/fsl_i3c.c:1068:6:I3C_MasterDeinit	24	static
../drivers/fsl_i3c.c:1086:17:I3C_CalcErrorRatio	16	static
../drivers/fsl_i3c.c:1108:6:I3C_MasterSetBaudRate	96	static
../drivers/fsl_i3c.c:1209:10:I3C_MasterStartWithRxSize	32	static
../drivers/fsl_i3c.c:1238:10:I3C_MasterStart	24	static
../drivers/fsl_i3c.c:1264:10:I3C_MasterRepeatedStartWithRxSize	24	static
../drivers/fsl_i3c.c:1311:10:I3C_MasterStop	16	static
../drivers/fsl_i3c.c:1322:6:I3C_MasterEmitRequest	24	static
../drivers/fsl_i3c.c:1344:6:I3C_MasterRegisterIBI	24	static
../drivers/fsl_i3c.c:1366:6:I3C_MasterGetIBIRules	24	static
../drivers/fsl_i3c.c:1396:10:I3C_MasterReceive	48	static
../drivers/fsl_i3c.c:1510:10:I3C_MasterSend	40	static
../drivers/fsl_i3c.c:1592:10:I3C_MasterProcessDAASpecifiedBaudrate	88	static
../drivers/fsl_i3c.c:1751:20:I3C_MasterGetDeviceListAfterDAA	24	static
../drivers/fsl_i3c.c:1768:6:I3C_MasterClearDeviceCount	16	static
../drivers/fsl_i3c.c:1780:13:I3C_MasterClearFlagsAndEnableIRQ	16	static
../drivers/fsl_i3c.c:1803:17:I3C_MasterStartPolling	32	static
../drivers/fsl_i3c.c:1839:17:I3C_MasterTransferPrepare	40	static
../drivers/fsl_i3c.c:1928:10:I3C_MasterTransferBlocking	24	static
../drivers/fsl_i3c.c:2035:6:I3C_MasterTransferCreateHandle	32	static
../drivers/fsl_i3c.c:2077:13:I3C_TransferStateMachineIBIWonState	40	static
../drivers/fsl_i3c.c:2123:13:I3C_TransferStateMachineSendCommandState	24	static
../drivers/fsl_i3c.c:2178:13:I3C_TransferStateMachineWaitRepeatedStartCompleteState	32	static
../drivers/fsl_i3c.c:2205:13:I3C_TransferStateMachineTransferDataState	32	static
../drivers/fsl_i3c.c:2276:13:I3C_TransferStateMachineWaitForCompletionState	16	static
../drivers/fsl_i3c.c:2290:13:I3C_TransferStateMachineStopState	24	static
../drivers/fsl_i3c.c:2315:17:I3C_RunTransferStateMachine	56	static
../drivers/fsl_i3c.c:2415:17:I3C_InitTransferStateMachine	40	static
../drivers/fsl_i3c.c:2528:10:I3C_MasterTransferNonBlocking	40	static
../drivers/fsl_i3c.c:2601:10:I3C_MasterTransferGetCount	40	static
../drivers/fsl_i3c.c:2663:6:I3C_MasterTransferAbort	16	static
../drivers/fsl_i3c.c:2688:6:I3C_MasterTransferHandleIRQ	40	static
../drivers/fsl_i3c.c:2752:6:I3C_SlaveGetDefaultConfig	16	static
../drivers/fsl_i3c.c:2794:6:I3C_SlaveInit	40	static
../drivers/fsl_i3c.c:2901:6:I3C_SlaveDeinit	24	static
../drivers/fsl_i3c.c:2925:28:I3C_SlaveGetActivityState	24	static
../drivers/fsl_i3c.c:2959:6:I3C_SlaveRequestEvent	24	static
../drivers/fsl_i3c.c:2977:6:I3C_SlaveRequestIBIWithSingleData	32	static
../drivers/fsl_i3c.c:2994:6:I3C_SlaveRequestIBIWithData	32	static
../drivers/fsl_i3c.c:3055:10:I3C_SlaveSend	32	static
../drivers/fsl_i3c.c:3094:10:I3C_SlaveReceive	32	static
../drivers/fsl_i3c.c:3155:6:I3C_SlaveTransferCreateHandle	32	static
../drivers/fsl_i3c.c:3215:10:I3C_SlaveTransferNonBlocking	24	static
../drivers/fsl_i3c.c:3252:10:I3C_SlaveTransferGetCount	24	static
../drivers/fsl_i3c.c:3282:6:I3C_SlaveTransferAbort	16	static
../drivers/fsl_i3c.c:3300:13:I3C_SlaveTransferHandleGetStatusFlags	32	static
../drivers/fsl_i3c.c:3327:13:I3C_SlaveTransferHandleBusStart	24	static
../drivers/fsl_i3c.c:3335:13:I3C_SlaveTransferHandleEventSent	24	static
../drivers/fsl_i3c.c:3344:13:I3C_SlaveTransferHandleReceivedCCC	24	static
../drivers/fsl_i3c.c:3354:13:I3C_SlaveTransferHandleBusStop	24	static
../drivers/fsl_i3c.c:3388:13:I3C_SlaveTransferHandleMatched	24	static
../drivers/fsl_i3c.c:3399:13:I3C_SlaveTransferHandleTxReady	24	static
../drivers/fsl_i3c.c:3448:13:I3C_SlaveTransferHandleRxReady	24	static
../drivers/fsl_i3c.c:3485:6:I3C_SlaveTransferHandleIRQ	40	static
../drivers/fsl_i3c.c:3551:13:I3C_CommonIRQHandler	16	static
../drivers/fsl_i3c.c:3581:6:I3C0_DriverIRQHandler	8	static
../drivers/fsl_i3c.c:3590:6:I3C1_DriverIRQHandler	8	static
