../drivers/fsl_clock.h:1492:20:CLOCK_EnableClock	24	static
../drivers/fsl_lpspi.h:524:20:LPSPI_Enable	16	static
../drivers/fsl_lpspi.h:622:24:LPSPI_GetTcr	32	static
../drivers/fsl_lpspi.h:827:20:LPSPI_IsMaster	16	static
../drivers/fsl_lpspi_cmsis.c:124:16:LPSPI_CommonControl	80	static
../drivers/fsl_lpspi_cmsis.c:362:13:LPSPI_SetTransferConfigFlags	24	static
../drivers/fsl_lpspi_cmsis.c:448:27:LPSPIx_GetVersion	16	static
../drivers/fsl_lpspi_cmsis.c:453:29:LPSPIx_GetCapabilities	4	static
../drivers/fsl_lpspi_cmsis.c:949:13:KSDK_LPSPI_MasterInterruptCallback	32	static
../drivers/fsl_lpspi_cmsis.c:975:13:KSDK_LPSPI_SlaveInterruptCallback	32	static
../drivers/fsl_lpspi_cmsis.c:1001:16:LPSPI_InterruptInitialize	16	static
../drivers/fsl_lpspi_cmsis.c:1012:16:LPSPI_InterruptUninitialize	16	static
../drivers/fsl_lpspi_cmsis.c:1018:16:LPSPI_InterruptPowerControl	24	static
../drivers/fsl_lpspi_cmsis.c:1058:16:LPSPI_InterruptSend	64	static
../drivers/fsl_lpspi_cmsis.c:1111:16:LPSPI_InterruptReceive	64	static
../drivers/fsl_lpspi_cmsis.c:1164:16:LPSPI_InterruptTransfer	64	static
../drivers/fsl_lpspi_cmsis.c:1220:17:LPSPI_InterruptGetCount	24	static
../drivers/fsl_lpspi_cmsis.c:1239:16:LPSPI_InterruptControl	48	static
../drivers/fsl_lpspi_cmsis.c:1358:23:LPSPI_InterruptGetStatus	24	static
../drivers/fsl_lpspi_cmsis.c:2531:16:LPSPI6_InterruptInitialize	16	static
../drivers/fsl_lpspi_cmsis.c:2539:16:LPSPI6_InterruptUninitialize	8	static
../drivers/fsl_lpspi_cmsis.c:2547:16:LPSPI6_InterruptPowerControl	16	static
../drivers/fsl_lpspi_cmsis.c:2552:16:LPSPI6_InterruptSend	16	static
../drivers/fsl_lpspi_cmsis.c:2557:16:LPSPI6_InterruptReceive	16	static
../drivers/fsl_lpspi_cmsis.c:2562:16:LPSPI6_InterruptTransfer	24	static
../drivers/fsl_lpspi_cmsis.c:2567:17:LPSPI6_InterruptGetCount	8	static
../drivers/fsl_lpspi_cmsis.c:2572:16:LPSPI6_InterruptControl	16	static
../drivers/fsl_lpspi_cmsis.c:2577:23:LPSPI6_InterruptGetStatus	8	static
