C:\Users\mccof\Documents\MCUXpressoIDE_25.6.136\workspace\MCXN947_SeniorDesign_MotorDriver\drivers/fsl_clock.h:1488:20:CLOCK_EnableClock	24	static
C:\Users\mccof\Documents\MCUXpressoIDE_25.6.136\workspace\MCXN947_SeniorDesign_MotorDriver\drivers/fsl_gpio.h:345:20:GPIO_PinWrite	24	static
C:\Users\mccof\Documents\MCUXpressoIDE_25.6.136\workspace\MCXN947_SeniorDesign_MotorDriver\drivers/fsl_gpio.h:427:24:GPIO_PinRead	16	static
C:\Users\mccof\Documents\MCUXpressoIDE_25.6.136\workspace\MCXN947_SeniorDesign_MotorDriver\drivers/fsl_lpadc.h:1128:20:LPADC_DoSoftwareTrigger	16	static
C:\Users\mccof\Documents\MCUXpressoIDE_25.6.136\workspace\MCXN947_SeniorDesign_MotorDriver\drivers/fsl_port.h:360:20:PORT_SetPinConfig	32	static
C:\Users\mccof\Documents\MCUXpressoIDE_25.6.136\workspace\MCXN947_SeniorDesign_MotorDriver\drivers/fsl_pwm.h:904:20:PWM_StartTimer	16	static
C:\Users\mccof\Documents\MCUXpressoIDE_25.6.136\workspace\MCXN947_SeniorDesign_MotorDriver\drivers/fsl_pwm.h:1105:20:PWM_SetPwmLdok	16	static
../source/MotorDriverMain.c:35:6:init_pins	24	static
../source/MotorDriverMain.c:77:6:ADC_Init	88	static
../source/MotorDriverMain.c:97:10:ADC_ReadRaw	24	static
../source/MotorDriverMain.c:111:6:SoftwarePWM	24	static
../source/MotorDriverMain.c:125:6:MotorPWM_Init	48	static
../source/MotorDriverMain.c:152:6:MotorPWM_UpdateDuty	24	static
../source/MotorDriverMain.c:162:5:main	24	static
