Archive member included to satisfy reference by file (symbol)

/Applications/MCUXpressoIDE_25.6.136/ide/plugins/com.nxp.mcuxpresso.tools.macosx_25.6.0.202501151204/tools/bin/../lib/gcc/arm-none-eabi/14.2.1/../../../../arm-none-eabi/lib/thumb/v8-m.main+fp/hard/libcr_nohost_nf.a(_cr__main.o)
                              ./startup/startup_mcxn947_cm33_core0.o (__main)
/Applications/MCUXpressoIDE_25.6.136/ide/plugins/com.nxp.mcuxpresso.tools.macosx_25.6.0.202501151204/tools/bin/../lib/gcc/arm-none-eabi/14.2.1/../../../../arm-none-eabi/lib/thumb/v8-m.main+fp/hard/libcr_c.a(fabsf.o)
                              ./source/cmsis_lpspi_edma_b2b_transfer_master.o (fabsf)
/Applications/MCUXpressoIDE_25.6.136/ide/plugins/com.nxp.mcuxpresso.tools.macosx_25.6.0.202501151204/tools/bin/../lib/gcc/arm-none-eabi/14.2.1/../../../../arm-none-eabi/lib/thumb/v8-m.main+fp/hard/libcr_c.a(memset.o)
                              ./source/cmsis_lpspi_edma_b2b_transfer_master.o (memset)
/Applications/MCUXpressoIDE_25.6.136/ide/plugins/com.nxp.mcuxpresso.tools.macosx_25.6.0.202501151204/tools/bin/../lib/gcc/arm-none-eabi/14.2.1/../../../../arm-none-eabi/lib/thumb/v8-m.main+fp/hard/libcr_c.a(alloc.o)
                              ./drivers/fsl_common.o (malloc)
/Applications/MCUXpressoIDE_25.6.136/ide/plugins/com.nxp.mcuxpresso.tools.macosx_25.6.0.202501151204/tools/bin/../lib/gcc/arm-none-eabi/14.2.1/../../../../arm-none-eabi/lib/thumb/v8-m.main+fp/hard/libcr_c.a(errno.o)
                              ./utilities/str/fsl_str.o (errno)
/Applications/MCUXpressoIDE_25.6.136/ide/plugins/com.nxp.mcuxpresso.tools.macosx_25.6.0.202501151204/tools/bin/../lib/gcc/arm-none-eabi/14.2.1/../../../../arm-none-eabi/lib/thumb/v8-m.main+fp/hard/libcr_c.a(initio.o)
                              /Applications/MCUXpressoIDE_25.6.136/ide/plugins/com.nxp.mcuxpresso.tools.macosx_25.6.0.202501151204/tools/bin/../lib/gcc/arm-none-eabi/14.2.1/../../../../arm-none-eabi/lib/thumb/v8-m.main+fp/hard/libcr_nohost_nf.a(_cr__main.o) (_initio)
/Applications/MCUXpressoIDE_25.6.136/ide/plugins/com.nxp.mcuxpresso.tools.macosx_25.6.0.202501151204/tools/bin/../lib/gcc/arm-none-eabi/14.2.1/../../../../arm-none-eabi/lib/thumb/v8-m.main+fp/hard/libcr_c.a(scanf.o)
                              ./utilities/str/fsl_str.o (strtoul)
/Applications/MCUXpressoIDE_25.6.136/ide/plugins/com.nxp.mcuxpresso.tools.macosx_25.6.0.202501151204/tools/bin/../lib/gcc/arm-none-eabi/14.2.1/../../../../arm-none-eabi/lib/thumb/v8-m.main+fp/hard/libcr_c.a(setvbuf.o)
                              /Applications/MCUXpressoIDE_25.6.136/ide/plugins/com.nxp.mcuxpresso.tools.macosx_25.6.0.202501151204/tools/bin/../lib/gcc/arm-none-eabi/14.2.1/../../../../arm-none-eabi/lib/thumb/v8-m.main+fp/hard/libcr_c.a(initio.o) (setvbuf)
/Applications/MCUXpressoIDE_25.6.136/ide/plugins/com.nxp.mcuxpresso.tools.macosx_25.6.0.202501151204/tools/bin/../lib/gcc/arm-none-eabi/14.2.1/../../../../arm-none-eabi/lib/thumb/v8-m.main+fp/hard/libcr_c.a(strlen.o)
                              ./utilities/str/fsl_str.o (strlen)
/Applications/MCUXpressoIDE_25.6.136/ide/plugins/com.nxp.mcuxpresso.tools.macosx_25.6.0.202501151204/tools/bin/../lib/gcc/arm-none-eabi/14.2.1/../../../../arm-none-eabi/lib/thumb/v8-m.main+fp/hard/libcr_c.a(ungetc.o)
                              /Applications/MCUXpressoIDE_25.6.136/ide/plugins/com.nxp.mcuxpresso.tools.macosx_25.6.0.202501151204/tools/bin/../lib/gcc/arm-none-eabi/14.2.1/../../../../arm-none-eabi/lib/thumb/v8-m.main+fp/hard/libcr_c.a(scanf.o) (ungetc)
/Applications/MCUXpressoIDE_25.6.136/ide/plugins/com.nxp.mcuxpresso.tools.macosx_25.6.0.202501151204/tools/bin/../lib/gcc/arm-none-eabi/14.2.1/../../../../arm-none-eabi/lib/thumb/v8-m.main+fp/hard/libcr_c.a(__fillbuf.o)
                              /Applications/MCUXpressoIDE_25.6.136/ide/plugins/com.nxp.mcuxpresso.tools.macosx_25.6.0.202501151204/tools/bin/../lib/gcc/arm-none-eabi/14.2.1/../../../../arm-none-eabi/lib/thumb/v8-m.main+fp/hard/libcr_c.a(scanf.o) (__filbuf)
/Applications/MCUXpressoIDE_25.6.136/ide/plugins/com.nxp.mcuxpresso.tools.macosx_25.6.0.202501151204/tools/bin/../lib/gcc/arm-none-eabi/14.2.1/../../../../arm-none-eabi/lib/thumb/v8-m.main+fp/hard/libcr_c.a(__init_alloc.o)
                              /Applications/MCUXpressoIDE_25.6.136/ide/plugins/com.nxp.mcuxpresso.tools.macosx_25.6.0.202501151204/tools/bin/../lib/gcc/arm-none-eabi/14.2.1/../../../../arm-none-eabi/lib/thumb/v8-m.main+fp/hard/libcr_c.a(alloc.o) (__heaps)
/Applications/MCUXpressoIDE_25.6.136/ide/plugins/com.nxp.mcuxpresso.tools.macosx_25.6.0.202501151204/tools/bin/../lib/gcc/arm-none-eabi/14.2.1/../../../../arm-none-eabi/lib/thumb/v8-m.main+fp/hard/libcr_c.a(_cr_sbrk.o)
                              /Applications/MCUXpressoIDE_25.6.136/ide/plugins/com.nxp.mcuxpresso.tools.macosx_25.6.0.202501151204/tools/bin/../lib/gcc/arm-none-eabi/14.2.1/../../../../arm-none-eabi/lib/thumb/v8-m.main+fp/hard/libcr_c.a(alloc.o) (_sbrk)
[...]
Memory Configuration

Name             Origin             Length             Attributes
PROGRAM_FLASH0   0x00000000         0x00100000         xr
PROGRAM_FLASH1   0x00100000         0x00100000         xr
SRAM             0x20000000         0x00060000         xrw
SRAMX            0x04000000         0x00018000         xrw
SRAMH            0x20060000         0x00008000         xrw
USB_RAM          0x400ba000         0x00001000         xrw
*default*        0x00000000         0xffffffff

Linker script and memory map

LOAD ./utilities/str/fsl_str.o
LOAD ./utilities/debug_console_lite/fsl_debug_console.o
LOAD ./utilities/fsl_assert.o
LOAD ./utilities/fsl_memcpy.o
LOAD ./startup/boot_multicore_slave.o
LOAD ./startup/startup_mcxn947_cm33_core0.o
LOAD ./source/cmsis_lpspi_edma_b2b_transfer_master.o
LOAD ./source/semihost_hardfault.o
LOAD ./drivers/fsl_clock.o
LOAD ./drivers/fsl_common.o
LOAD ./drivers/fsl_common_arm.o
LOAD ./drivers/fsl_edma.o
LOAD ./drivers/fsl_edma_soc.o
LOAD ./drivers/fsl_gpio.o
LOAD ./drivers/fsl_lpflexcomm.o
LOAD ./drivers/fsl_lpi2c.o
LOAD ./drivers/fsl_lpi2c_cmsis.o
LOAD ./drivers/fsl_lpi2c_edma.o
LOAD ./drivers/fsl_lpspi.o
LOAD ./drivers/fsl_lpspi_cmsis.o
LOAD ./drivers/fsl_lpspi_edma.o
LOAD ./drivers/fsl_lpuart.o
LOAD ./drivers/fsl_reset.o
LOAD ./drivers/fsl_spc.o
LOAD ./drivers/lsm6ds3tr-c_reg.o
LOAD ./device/system_MCXN947_cm33_core0.o
LOAD ./component/uart/fsl_adapter_lpuart.o
LOAD ./board/board.o
LOAD ./board/clock_config.o
LOAD ./board/hardware_init.o
LOAD ./board/peripherals.o
LOAD ./board/pin_mux.o
START GROUP
LOAD /Applications/MCUXpressoIDE_25.6.136/ide/plugins/com.nxp.mcuxpresso.tools.macosx_25.6.0.202501151204/tools/bin/../lib/gcc/arm-none-eabi/14.2.1/../../../../arm-none-eabi/lib/thumb/v8-m.main+fp/hard/libcr_nohost_nf.a
LOAD /Applications/MCUXpressoIDE_25.6.136/ide/plugins/com.nxp.mcuxpresso.tools.macosx_25.6.0.202501151204/tools/bin/../lib/gcc/arm-none-eabi/14.2.1/../../../../arm-none-eabi/lib/thumb/v8-m.main+fp/hard/libcr_c.a
LOAD /Applications/MCUXpressoIDE_25.6.136/ide/plugins/com.nxp.mcuxpresso.tools.macosx_25.6.0.202501151204/tools/bin/../lib/gcc/arm-none-eabi/14.2.1/thumb/v8-m.main+fp/hard/libcr_eabihelpers.a
LOAD /Applications/MCUXpressoIDE_25.6.136/ide/plugins/com.nxp.mcuxpresso.tools.macosx_25.6.0.202501151204/tools/bin/../lib/gcc/arm-none-eabi/14.2.1/thumb/v8-m.main+fp/hard/libgcc.a
END GROUP
                0x00000000                        __base_PROGRAM_FLASH0 = 0x0
                0x00000000                        __base_Flash = 0x0
                0x00100000                        __top_PROGRAM_FLASH0 = 0x100000
                0x00100000                        __top_Flash = 0x100000
                0x00100000                        __base_PROGRAM_FLASH1 = 0x100000
                0x00100000                        __base_Flash2 = 0x100000
                0x00200000                        __top_PROGRAM_FLASH1 = 0x200000
                0x00200000                        __top_Flash2 = 0x200000
                0x20000000                        __base_SRAM = 0x20000000
                0x20000000                        __base_RAM = 0x20000000
                0x20060000                        __top_SRAM = 0x20060000
                0x20060000                        __top_RAM = 0x20060000
                0x04000000                        __base_SRAMX = 0x4000000
                0x04000000                        __base_RAM2 = 0x4000000
                0x04018000                        __top_SRAMX = 0x4018000
                0x04018000                        __top_RAM2 = 0x4018000
                0x20060000                        __base_SRAMH = 0x20060000
                0x20060000                        __base_RAM3 = 0x20060000
                0x20068000                        __top_SRAMH = 0x20068000
                0x20068000                        __top_RAM3 = 0x20068000
                0x400ba000                        __base_USB_RAM = 0x400ba000
                0x400ba000                        __base_RAM4 = 0x400ba000
                0x400bb000                        __top_USB_RAM = 0x400bb000
                0x400bb000                        __top_RAM4 = 0x400bb000

.text_Flash2    0x00100000        0x0
 FILL mask 0xff
 *(SORT_BY_ALIGNMENT(.text_Flash2))
 *(SORT_BY_ALIGNMENT(.text_PROGRAM_FLASH1))
 *(SORT_BY_ALIGNMENT(.text.$Flash2))
 *(SORT_BY_ALIGNMENT(.text.$PROGRAM_FLASH1))
 *(SORT_BY_ALIGNMENT(.text_Flash2.*))
 *(SORT_BY_ALIGNMENT(.text_PROGRAM_FLASH1.*))
 *(SORT_BY_ALIGNMENT(.text.$Flash2.*))
 *(SORT_BY_ALIGNMENT(.text.$PROGRAM_FLASH1.*))
 *(SORT_BY_ALIGNMENT(.rodata.$Flash2))
 *(SORT_BY_ALIGNMENT(.rodata.$PROGRAM_FLASH1))
 *(SORT_BY_ALIGNMENT(.rodata.$Flash2.*))
 *(SORT_BY_ALIGNMENT(.rodata.$PROGRAM_FLASH1.*))

.text           0x00000000     0x6d5c
 FILL mask 0xff
                0x00000000                        __vectors_start__ = ABSOLUTE (.)
 *(SORT_BY_ALIGNMENT(.isr_vector))
 .isr_vector    0x00000000      0x2b0 ./startup/startup_mcxn947_cm33_core0.o
                0x00000000                __Vectors
                0x00000000                g_pfnVectors
                0x000002b0                        . = ALIGN (0x4)
                0x000002b0                        __section_table_start = .
                0x000002b0                        __data_section_table = .
                0x000002b0        0x4 LONG 0x6d5c LOADADDR (.data)
                0x000002b4        0x4 LONG 0x20000000 ADDR (.data)
                0x000002b8        0x4 LONG 0xc SIZEOF (.data)
                0x000002bc        0x4 LONG 0x6d5c LOADADDR (.data_RAM2)
                0x000002c0        0x4 LONG 0x4000000 ADDR (.data_RAM2)
                0x000002c4        0x4 LONG 0x0 SIZEOF (.data_RAM2)
                0x000002c8        0x4 LONG 0x6d5c LOADADDR (.data_RAM3)
                0x000002cc        0x4 LONG 0x20060000 ADDR (.data_RAM3)
                0x000002d0        0x4 LONG 0x0 SIZEOF (.data_RAM3)
                0x000002d4        0x4 LONG 0x6d5c LOADADDR (.data_RAM4)
                0x000002d8        0x4 LONG 0x400ba000 ADDR (.data_RAM4)
                0x000002dc        0x4 LONG 0x0 SIZEOF (.data_RAM4)
                0x000002e0                        __data_section_table_end = .
                0x000002e0                        __bss_section_table = .
                0x000002e0        0x4 LONG 0x2000000c ADDR (.bss)
                0x000002e4        0x4 LONG 0x2c8 SIZEOF (.bss)
                0x000002e8        0x4 LONG 0x4000000 ADDR (.bss_RAM2)
                0x000002ec        0x4 LONG 0x0 SIZEOF (.bss_RAM2)
                0x000002f0        0x4 LONG 0x20060000 ADDR (.bss_RAM3)
                0x000002f4        0x4 LONG 0x0 SIZEOF (.bss_RAM3)
                0x000002f8        0x4 LONG 0x400ba000 ADDR (.bss_RAM4)
                0x000002fc        0x4 LONG 0x0 SIZEOF (.bss_RAM4)
                0x00000300                        __bss_section_table_end = .
                0x00000300                        __section_table_end = .
 *(SORT_BY_ALIGNMENT(.after_vectors*))
 .after_vectors.reset
                0x00000300       0x68 ./startup/startup_mcxn947_cm33_core0.o
                0x00000300                ResetISR
 .after_vectors.init_data
                0x00000368       0x1e ./startup/startup_mcxn947_cm33_core0.o
                0x00000368                data_init
 .after_vectors.init_bss
                0x00000386       0x12 ./startup/startup_mcxn947_cm33_core0.o
                0x00000386                bss_init
 .after_vectors
                0x00000398       0x16 ./startup/startup_mcxn947_cm33_core0.o
                0x00000398                NMI_Handler
                0x0000039c                MemManage_Handler
                0x0000039e                BusFault_Handler
                0x000003a0                UsageFault_Handler
                0x000003a2                SecureFault_Handler
                0x000003a4                SVC_Handler
                0x000003a6                DebugMon_Handler
                0x000003a8                PendSV_Handler
                0x000003aa                SysTick_Handler
                0x000003ac                CMC0_DriverIRQHandler
                0x000003ac                LPTMR0_DriverIRQHandler
                0x000003ac                FLEXPWM1_SUBMODULE1_DriverIRQHandler
                0x000003ac                FLEXPWM0_SUBMODULE1_DriverIRQHandler
                0x000003ac                FLEXPWM0_RELOAD_ERROR_DriverIRQHandler
                0x000003ac                QDC0_HOME_DriverIRQHandler
                0x000003ac                Reserved167_DriverIRQHandler
                0x000003ac                SEC_VIO_DriverIRQHandler
                0x000003ac                ERM_MULTI_BIT_ERROR_DriverIRQHandler
                0x000003ac                GPIO31_DriverIRQHandler
                0x000003ac                EWM0_DriverIRQHandler
                0x000003ac                PKC_DriverIRQHandler
                0x000003ac                USB1_HS_PHY_DriverIRQHandler
                0x000003ac                QDC0_IDX_DriverIRQHandler
                0x000003ac                ELS_DriverIRQHandler
                0x000003ac                Reserved166_DriverIRQHandler
                0x000003ac                ETHERNET_DriverIRQHandler
                0x000003ac                QDC1_IDX_DriverIRQHandler
                0x000003ac                FLEXPWM1_SUBMODULE3_DriverIRQHandler
                0x000003ac                DAC1_DriverIRQHandler
                0x000003ac                CTIMER2_DriverIRQHandler
                0x000003ac                ITRC0_DriverIRQHandler
                0x000003ac                ETB0_DriverIRQHandler
                0x000003ac                Freqme_DriverIRQHandler
                0x000003ac                Reserved80_DriverIRQHandler
                0x000003ac                IntDefaultHandler
                0x000003ac                ELS_ERR_DriverIRQHandler
                0x000003ac                FLEXIO_DriverIRQHandler
                0x000003ac                DAC0_DriverIRQHandler
                0x000003ac                MRT0_DriverIRQHandler
                0x000003ac                UTICK0_DriverIRQHandler
                0x000003ac                FLEXPWM0_SUBMODULE2_DriverIRQHandler
                0x000003ac                GPIO01_DriverIRQHandler
                0x000003ac                WWDT0_DriverIRQHandler
                0x000003ac                USDHC0_DriverIRQHandler
                0x000003ac                GPIO00_DriverIRQHandler
                0x000003ac                GPIO11_DriverIRQHandler
                0x000003ac                CTIMER4_DriverIRQHandler
                0x000003ac                BSP32_DriverIRQHandler
                0x000003ac                FLEXPWM0_FAULT_DriverIRQHandler
                0x000003ac                SAI1_DriverIRQHandler
                0x000003ac                ERM_SINGLE_BIT_ERROR_DriverIRQHandler
                0x000003ac                GPIO21_DriverIRQHandler
                0x000003ac                FLEXPWM1_FAULT_DriverIRQHandler
                0x000003ac                GPIO30_DriverIRQHandler
                0x000003ac                CTIMER0_DriverIRQHandler
                0x000003ac                CTIMER1_DriverIRQHandler
                0x000003ac                QDC0_COMPARE_DriverIRQHandler
                0x000003ac                ADC1_DriverIRQHandler
                0x000003ac                PQ_DriverIRQHandler
                0x000003ac                ETHERNET_MACLP_DriverIRQHandler
                0x000003ac                USB0_DCD_DriverIRQHandler
                0x000003ac                MAILBOX_DriverIRQHandler
                0x000003ac                WUU_DriverIRQHandler
                0x000003ac                CTIMER3_DriverIRQHandler
                0x000003ac                FLEXPWM1_SUBMODULE0_DriverIRQHandler
                0x000003ac                CDOG1_DriverIRQHandler
                0x000003ac                TSI_OUT_OF_SCAN_DriverIRQHandler
                0x000003ac                PUF_DriverIRQHandler
                0x000003ac                SPC_DriverIRQHandler
                0x000003ac                RTC_DriverIRQHandler
                0x000003ac                VBAT0_DriverIRQHandler
                0x000003ac                Reserved65_DriverIRQHandler
                0x000003ac                HSCMP2_DriverIRQHandler
                0x000003ac                PDM_EVENT_DriverIRQHandler
                0x000003ac                ETHERNET_PMT_DriverIRQHandler
                0x000003ac                FLEXPWM1_RELOAD_ERROR_DriverIRQHandler
                0x000003ac                FMU0_DriverIRQHandler
                0x000003ac                QDC1_COMPARE_DriverIRQHandler
                0x000003ac                LPTMR1_DriverIRQHandler
                0x000003ac                GPIO40_DriverIRQHandler
                0x000003ac                CTI0_DriverIRQHandler
                0x000003ac                FLEXPWM1_SUBMODULE2_DriverIRQHandler
                0x000003ac                GPIO20_DriverIRQHandler
                0x000003ac                QDC1_WDG_SAB_DriverIRQHandler
                0x000003ac                GDET_DriverIRQHandler
                0x000003ac                PORT_EFT_DriverIRQHandler
                0x000003ac                Reserved85_DriverIRQHandler
                0x000003ac                Reserved81_DriverIRQHandler
                0x000003ac                TSI_END_OF_SCAN_DriverIRQHandler
                0x000003ac                FLEXPWM0_SUBMODULE3_DriverIRQHandler
                0x000003ac                ADC0_DriverIRQHandler
                0x000003ac                OR_DriverIRQHandler
                0x000003ac                USB1_HS_DriverIRQHandler
                0x000003ac                DAC2_DriverIRQHandler
                0x000003ac                GPIO51_DriverIRQHandler
                0x000003ac                HSCMP0_DriverIRQHandler
                0x000003ac                QDC0_WDG_SAB_DriverIRQHandler
                0x000003ac                CDOG0_DriverIRQHandler
                0x000003ac                CAN0_DriverIRQHandler
                0x000003ac                SMARTDMA_DriverIRQHandler
                0x000003ac                SAI0_DriverIRQHandler
                0x000003ac                EMVSIM1_DriverIRQHandler
                0x000003ac                I3C1_DriverIRQHandler
                0x000003ac                FLEXSPI0_DriverIRQHandler
                0x000003ac                GPIO50_DriverIRQHandler
                0x000003ac                GPIO10_DriverIRQHandler
                0x000003ac                SCT0_DriverIRQHandler
                0x000003ac                CAN1_DriverIRQHandler
                0x000003ac                PLU_DriverIRQHandler
                0x000003ac                FLEXPWM0_SUBMODULE0_DriverIRQHandler
                0x000003ac                OS_EVENT_DriverIRQHandler
                0x000003ac                SINC_FILTER_DriverIRQHandler
                0x000003ac                NPU_DriverIRQHandler
                0x000003ac                GPIO41_DriverIRQHandler
                0x000003ac                HSCMP1_DriverIRQHandler
                0x000003ac                SEC_HYPERVISOR_CALL_DriverIRQHandler
                0x000003ac                PINT0_DriverIRQHandler
                0x000003ac                WWDT1_DriverIRQHandler
                0x000003ac                EMVSIM0_DriverIRQHandler
                0x000003ac                I3C0_DriverIRQHandler
                0x000003ac                USB0_FS_DriverIRQHandler
                0x000003ac                PKC_ERR_DriverIRQHandler
                0x000003ac                QDC1_HOME_DriverIRQHandler
                0x000003ac                SCG_DriverIRQHandler
 *(SORT_BY_ALIGNMENT(.text*))
 *fill*         0x000003ae        0x2 ff
 .text.LPSPI_MasterSetDelayTimes
                0x000003b0      0x2a0 ./drivers/fsl_lpspi.o
                0x000003b0                LPSPI_MasterSetDelayTimes
 .text.DbgConsole_Init
                0x00000650       0x88 ./utilities/debug_console_lite/fsl_debug_console.o
                0x00000650                DbgConsole_Init
 .text.DbgConsole_Vprintf
                0x000006d8       0x3c ./utilities/debug_console_lite/fsl_debug_console.o
                0x000006d8                DbgConsole_Vprintf
 .text.DbgConsole_Putchar
                0x00000714       0x30 ./utilities/debug_console_lite/fsl_debug_console.o
                0x00000714                DbgConsole_Putchar
 .text.DbgConsole_PrintfFormattedData
                0x00000744      0x3e0 ./utilities/debug_console_lite/fsl_debug_console.o
 .text.__assertion_failed
                0x00000b24       0x3c ./utilities/fsl_assert.o
                0x00000b24                __assertion_failed
 .text          0x00000b60       0xa0 ./utilities/fsl_memcpy.o
                0x00000b60                memcpy
 .text.cs_low   0x00000c00       0x18 ./source/cmsis_lpspi_edma_b2b_transfer_master.o
 .text.cs_high  0x00000c18       0x18 ./source/cmsis_lpspi_edma_b2b_transfer_master.o
 .text.lsm6ds3tr_c_self_test
                0x00000c30      0x7b4 ./source/cmsis_lpspi_edma_b2b_transfer_master.o
                0x00000c30                lsm6ds3tr_c_self_test
 .text.platform_write
                0x000013e4       0x78 ./source/cmsis_lpspi_edma_b2b_transfer_master.o
 .text.platform_read
                0x0000145c       0x7c ./source/cmsis_lpspi_edma_b2b_transfer_master.o
 .text.platform_init
                0x000014d8       0x78 ./source/cmsis_lpspi_edma_b2b_transfer_master.o
 .text.main     0x00001550       0x24 ./source/cmsis_lpspi_edma_b2b_transfer_master.o
                0x00001550                main
 .text.CLOCK_IsPLL0Locked
                0x00001574       0x28 ./drivers/fsl_clock.o
 .text.CLOCK_IsPLL1Locked
                0x0000159c       0x28 ./drivers/fsl_clock.o
 .text.CLOCK_SetupFROHFClocking
                0x000015c4       0x9c ./drivers/fsl_clock.o
                0x000015c4                CLOCK_SetupFROHFClocking
 .text.CLOCK_SetPll0MonitorMode
                0x00001660       0x38 ./drivers/fsl_clock.o
                0x00001660                CLOCK_SetPll0MonitorMode
 .text.CLOCK_AttachClk
                0x00001698       0xb0 ./drivers/fsl_clock.o
                0x00001698                CLOCK_AttachClk
 .text.CLOCK_SetClkDiv
                0x00001748       0x54 ./drivers/fsl_clock.o
                0x00001748                CLOCK_SetClkDiv
 .text.CLOCK_GetFreq
                0x0000179c      0x15c ./drivers/fsl_clock.o
                0x0000179c                CLOCK_GetFreq
 .text.CLOCK_GetPLL0InClockRate
                0x000018f8       0x5c ./drivers/fsl_clock.o
                0x000018f8                CLOCK_GetPLL0InClockRate
 .text.CLOCK_GetPLL1InClockRate
                0x00001954       0x58 ./drivers/fsl_clock.o
                0x00001954                CLOCK_GetPLL1InClockRate
 .text.CLOCK_SetPLL0Freq
                0x000019ac      0x10c ./drivers/fsl_clock.o
                0x000019ac                CLOCK_SetPLL0Freq
 .text.CLOCK_GetFro12MFreq
                0x00001ab8       0x2c ./drivers/fsl_clock.o
 .text.CLOCK_GetClk1MFreq
                0x00001ae4       0x14 ./drivers/fsl_clock.o
 .text.CLOCK_GetFroHfFreq
                0x00001af8       0x4c ./drivers/fsl_clock.o
 .text.CLOCK_GetClk48MFreq
                0x00001b44       0x2c ./drivers/fsl_clock.o
 .text.CLOCK_GetClk144MFreq
                0x00001b70       0x2c ./drivers/fsl_clock.o
 .text.CLOCK_GetClk16KFreq
                0x00001b9c       0x44 ./drivers/fsl_clock.o
 .text.CLOCK_GetExtClkFreq
                0x00001be0       0x2c ./drivers/fsl_clock.o
 .text.CLOCK_GetOsc32KFreq
                0x00001c0c       0x4c ./drivers/fsl_clock.o
 .text.CLOCK_GetMainClkFreq
                0x00001c58       0x90 ./drivers/fsl_clock.o
                0x00001c58                CLOCK_GetMainClkFreq
 .text.CLOCK_GetClockOutClkFreq
                0x00001ce8       0xa8 ./drivers/fsl_clock.o
 .text.CLOCK_GetLposcFreq
                0x00001d90       0x48 ./drivers/fsl_clock.o
 .text.findPll0PreDiv
                0x00001dd8       0x40 ./drivers/fsl_clock.o
 .text.findPll1PreDiv
                0x00001e18       0x40 ./drivers/fsl_clock.o
 .text.findPll0PostDiv
                0x00001e58       0x60 ./drivers/fsl_clock.o
 .text.findPll1PostDiv
                0x00001eb8       0x60 ./drivers/fsl_clock.o
 .text.findPll0MMult
                0x00001f18       0xac ./drivers/fsl_clock.o
 .text.findPll1MMult
                0x00001fc4       0xac ./drivers/fsl_clock.o
 .text.SDK_DelayAtLeastUs
                0x00002070       0x8c ./drivers/fsl_common_arm.o
                0x00002070                SDK_DelayAtLeastUs
 .text.EDMA_HandleIRQ
                0x000020fc      0x1a4 ./drivers/fsl_edma.o
                0x000020fc                EDMA_HandleIRQ
 .text.EDMA_DriverIRQHandler
                0x000022a0       0x4c ./drivers/fsl_edma.o
                0x000022a0                EDMA_DriverIRQHandler
 .text.GPIO_GetInstance
                0x000022ec       0x4c ./drivers/fsl_gpio.o
 .text.GPIO_PortClockEnable
                0x00002338       0x54 ./drivers/fsl_gpio.o
 .text.GPIO_PinInit
                0x0000238c       0x6c ./drivers/fsl_gpio.o
                0x0000238c                GPIO_PinInit
 .text.LP_FLEXCOMM_GetBaseAddress
                0x000023f8       0x2c ./drivers/fsl_lpflexcomm.o
                0x000023f8                LP_FLEXCOMM_GetBaseAddress
 .text.LP_FLEXCOMM_GetInterruptStatus
                0x00002424       0x28 ./drivers/fsl_lpflexcomm.o
                0x00002424                LP_FLEXCOMM_GetInterruptStatus
 .text.LP_FLEXCOMM_SetPeriph
                0x0000244c       0x94 ./drivers/fsl_lpflexcomm.o
 .text.LP_FLEXCOMM_Init
                0x000024e0       0x58 ./drivers/fsl_lpflexcomm.o
                0x000024e0                LP_FLEXCOMM_Init
 .text.LP_FLEXCOMM_CommonIRQHandler
                0x00002538       0xb8 ./drivers/fsl_lpflexcomm.o
 .text.LPSPI_GetInstance
                0x000025f0       0x50 ./drivers/fsl_lpspi.o
                0x000025f0                LPSPI_GetInstance
 .text.LPSPI_SetDummyData
                0x00002640       0x2c ./drivers/fsl_lpspi.o
                0x00002640                LPSPI_SetDummyData
 .text.LPSPI_MasterInit
                0x0000266c      0x16c ./drivers/fsl_lpspi.o
                0x0000266c                LPSPI_MasterInit
 .text.LPSPI_MasterGetDefaultConfig
                0x000027d8       0xa0 ./drivers/fsl_lpspi.o
                0x000027d8                LPSPI_MasterGetDefaultConfig
 .text.LPSPI_MasterSetBaudRate
                0x00002878      0x100 ./drivers/fsl_lpspi.o
                0x00002878                LPSPI_MasterSetBaudRate
 .text.LPSPI_MasterSetDelayScaler
                0x00002978       0xb4 ./drivers/fsl_lpspi.o
                0x00002978                LPSPI_MasterSetDelayScaler
 .text.LPSPI_CheckTransferArgument
                0x00002a2c      0x108 ./drivers/fsl_lpspi.o
                0x00002a2c                LPSPI_CheckTransferArgument
 .text.LPSPI_MasterTransferBlocking
                0x00002b34      0x3f0 ./drivers/fsl_lpspi.o
                0x00002b34                LPSPI_MasterTransferBlocking
 .text.LPSPI_CombineWriteData
                0x00002f24      0x1bc ./drivers/fsl_lpspi.o
 .text.LPSPI_SeparateReadData
                0x000030e0      0x1b0 ./drivers/fsl_lpspi.o
 .text.LPUART_GetInstance
                0x00003290       0x4c ./drivers/fsl_lpuart.o
                0x00003290                LPUART_GetInstance
 .text.LPUART_Init
                0x000032dc      0x448 ./drivers/fsl_lpuart.o
                0x000032dc                LPUART_Init
 .text.LPUART_GetDefaultConfig
                0x00003724       0x8c ./drivers/fsl_lpuart.o
                0x00003724                LPUART_GetDefaultConfig
 .text.LPUART_GetStatusFlags
                0x000037b0       0x60 ./drivers/fsl_lpuart.o
                0x000037b0                LPUART_GetStatusFlags
 .text.LPUART_ClearStatusFlags
                0x00003810       0x94 ./drivers/fsl_lpuart.o
                0x00003810                LPUART_ClearStatusFlags
 .text.LPUART_WriteBlocking
                0x000038a4       0x68 ./drivers/fsl_lpuart.o
                0x000038a4                LPUART_WriteBlocking
 .text.LPUART_ReadBlocking
                0x0000390c      0x164 ./drivers/fsl_lpuart.o
                0x0000390c                LPUART_ReadBlocking
 .text.RESET_ClearPeripheralReset
                0x00003a70       0x6c ./drivers/fsl_reset.o
                0x00003a70                RESET_ClearPeripheralReset
 .text.SPC_SetSRAMOperateVoltage
                0x00003adc       0x58 ./drivers/fsl_spc.o
                0x00003adc                SPC_SetSRAMOperateVoltage
 .text.SPC_SetActiveModeCoreLDORegulatorConfig
                0x00003b34       0x94 ./drivers/fsl_spc.o
                0x00003b34                SPC_SetActiveModeCoreLDORegulatorConfig
 .text.SPC_SetActiveModeDCDCRegulatorConfig
                0x00003bc8       0x68 ./drivers/fsl_spc.o
                0x00003bc8                SPC_SetActiveModeDCDCRegulatorConfig
 .text.lsm6ds3tr_c_from_fs4g_to_mg
                0x00003c30       0x30 ./drivers/lsm6ds3tr-c_reg.o
                0x00003c30                lsm6ds3tr_c_from_fs4g_to_mg
 .text.lsm6ds3tr_c_from_fs2000dps_to_mdps
                0x00003c60       0x30 ./drivers/lsm6ds3tr-c_reg.o
                0x00003c60                lsm6ds3tr_c_from_fs2000dps_to_mdps
 .text.SystemInit
                0x00003c90      0x124 ./device/system_MCXN947_cm33_core0.o
                0x00003c90                SystemInit
 .text.HAL_UartInitCommon
                0x00003db4       0xe4 ./component/uart/fsl_adapter_lpuart.o
 .text.HAL_UartInit
                0x00003e98       0x84 ./component/uart/fsl_adapter_lpuart.o
                0x00003e98                HAL_UartInit
 .text.HAL_UartReceiveBlocking
                0x00003f1c       0x6c ./component/uart/fsl_adapter_lpuart.o
                0x00003f1c                HAL_UartReceiveBlocking
 .text.HAL_UartSendBlocking
                0x00003f88       0x64 ./component/uart/fsl_adapter_lpuart.o
                0x00003f88                HAL_UartSendBlocking
 .text.BOARD_InitDebugConsole
                0x00003fec       0x38 ./board/board.o
                0x00003fec                BOARD_InitDebugConsole
 .text.BOARD_BootClockPLL150M
                0x00004024       0xec ./board/clock_config.o
                0x00004024                BOARD_BootClockPLL150M
 .text.PORT_SetPinConfig
                0x00004110       0x38 ./board/pin_mux.o
 .text.BOARD_InitPins
                0x00004148       0xd0 ./board/pin_mux.o
                0x00004148                BOARD_InitPins
 .text._initio  0x00004218       0x78 /Applications/MCUXpressoIDE_25.6.136/ide/plugins/com.nxp.mcuxpresso.tools.macosx_25.6.0.202501151204/tools/bin/../lib/gcc/arm-none-eabi/14.2.1/../../../../arm-none-eabi/lib/thumb/v8-m.main+fp/hard/libcr_c.a(initio.o)
                0x00004218                _initio
 .text._Cwritebuf
                0x00004290       0x70 /Applications/MCUXpressoIDE_25.6.136/ide/plugins/com.nxp.mcuxpresso.tools.macosx_25.6.0.202501151204/tools/bin/../lib/gcc/arm-none-eabi/14.2.1/../../../../arm-none-eabi/lib/thumb/v8-m.main+fp/hard/libcr_c.a(_writebuf.o)
                0x00004290                _Cwritebuf
 .text.fflush   0x00004300       0x3c /Applications/MCUXpressoIDE_25.6.136/ide/plugins/com.nxp.mcuxpresso.tools.macosx_25.6.0.202501151204/tools/bin/../lib/gcc/arm-none-eabi/14.2.1/../../../../arm-none-eabi/lib/thumb/v8-m.main+fp/hard/libcr_c.a(fflush.o)
                0x00004300                fflush
 .text.fseek    0x0000433c       0xf8 /Applications/MCUXpressoIDE_25.6.136/ide/plugins/com.nxp.mcuxpresso.tools.macosx_25.6.0.202501151204/tools/bin/../lib/gcc/arm-none-eabi/14.2.1/../../../../arm-none-eabi/lib/thumb/v8-m.main+fp/hard/libcr_c.a(fseek.o)
                0x0000433c                fseek
 .text.ftell    0x00004434       0x44 /Applications/MCUXpressoIDE_25.6.136/ide/plugins/com.nxp.mcuxpresso.tools.macosx_25.6.0.202501151204/tools/bin/../lib/gcc/arm-none-eabi/14.2.1/../../../../arm-none-eabi/lib/thumb/v8-m.main+fp/hard/libcr_c.a(ftell.o)
                0x00004434                ftell
 .text.DbgConsole_Printf
                0x00004478       0x2c ./utilities/debug_console_lite/fsl_debug_console.o
                0x00004478                DbgConsole_Printf
 .text.DbgConsole_PrintfPaddingCharacter
                0x000044a4       0x40 ./utilities/debug_console_lite/fsl_debug_console.o
 .text.DbgConsole_ConvertRadixNumToString
                0x000044e4       0xc2 ./utilities/debug_console_lite/fsl_debug_console.o
 .text.fsl_assert_hook
                0x000045a6       0x1a ./utilities/fsl_assert.o
                0x000045a6                fsl_assert_hook
 .text.OR_IRQHandler
                0x000045c0        0x8 ./startup/startup_mcxn947_cm33_core0.o
                0x000045c0                OR_IRQHandler
 .text.EDMA_0_CH0_IRQHandler
                0x000045c8        0x8 ./startup/startup_mcxn947_cm33_core0.o
                0x000045c8                EDMA_0_CH0_IRQHandler
 .text.EDMA_0_CH1_IRQHandler
                0x000045d0        0x8 ./startup/startup_mcxn947_cm33_core0.o
                0x000045d0                EDMA_0_CH1_IRQHandler
 .text.EDMA_0_CH2_IRQHandler
                0x000045d8        0x8 ./startup/startup_mcxn947_cm33_core0.o
                0x000045d8                EDMA_0_CH2_IRQHandler
 .text.EDMA_0_CH3_IRQHandler
                0x000045e0        0x8 ./startup/startup_mcxn947_cm33_core0.o
                0x000045e0                EDMA_0_CH3_IRQHandler
 .text.EDMA_0_CH4_IRQHandler
                0x000045e8        0x8 ./startup/startup_mcxn947_cm33_core0.o
                0x000045e8                EDMA_0_CH4_IRQHandler
 .text.EDMA_0_CH5_IRQHandler
                0x000045f0        0x8 ./startup/startup_mcxn947_cm33_core0.o
                0x000045f0                EDMA_0_CH5_IRQHandler
 .text.EDMA_0_CH6_IRQHandler
                0x000045f8        0x8 ./startup/startup_mcxn947_cm33_core0.o
                0x000045f8                EDMA_0_CH6_IRQHandler
 .text.EDMA_0_CH7_IRQHandler
                0x00004600        0x8 ./startup/startup_mcxn947_cm33_core0.o
                0x00004600                EDMA_0_CH7_IRQHandler
 .text.EDMA_0_CH8_IRQHandler
                0x00004608        0x8 ./startup/startup_mcxn947_cm33_core0.o
                0x00004608                EDMA_0_CH8_IRQHandler
 .text.EDMA_0_CH9_IRQHandler
                0x00004610        0x8 ./startup/startup_mcxn947_cm33_core0.o
                0x00004610                EDMA_0_CH9_IRQHandler
 .text.EDMA_0_CH10_IRQHandler
                0x00004618        0x8 ./startup/startup_mcxn947_cm33_core0.o
                0x00004618                EDMA_0_CH10_IRQHandler
 .text.EDMA_0_CH11_IRQHandler
                0x00004620        0x8 ./startup/startup_mcxn947_cm33_core0.o
                0x00004620                EDMA_0_CH11_IRQHandler
 .text.EDMA_0_CH12_IRQHandler
                0x00004628        0x8 ./startup/startup_mcxn947_cm33_core0.o
                0x00004628                EDMA_0_CH12_IRQHandler
 .text.EDMA_0_CH13_IRQHandler
                0x00004630        0x8 ./startup/startup_mcxn947_cm33_core0.o
                0x00004630                EDMA_0_CH13_IRQHandler
 .text.EDMA_0_CH14_IRQHandler
                0x00004638        0x8 ./startup/startup_mcxn947_cm33_core0.o
                0x00004638                EDMA_0_CH14_IRQHandler
 .text.EDMA_0_CH15_IRQHandler
                0x00004640        0x8 ./startup/startup_mcxn947_cm33_core0.o
                0x00004640                EDMA_0_CH15_IRQHandler
 .text.GPIO00_IRQHandler
                0x00004648        0x8 ./startup/startup_mcxn947_cm33_core0.o
                0x00004648                GPIO00_IRQHandler
 .text.GPIO01_IRQHandler
                0x00004650        0x8 ./startup/startup_mcxn947_cm33_core0.o
                0x00004650                GPIO01_IRQHandler
 .text.GPIO10_IRQHandler
                0x00004658        0x8 ./startup/startup_mcxn947_cm33_core0.o
                0x00004658                GPIO10_IRQHandler
 .text.GPIO11_IRQHandler
                0x00004660        0x8 ./startup/startup_mcxn947_cm33_core0.o
                0x00004660                GPIO11_IRQHandler
 .text.GPIO20_IRQHandler
                0x00004668        0x8 ./startup/startup_mcxn947_cm33_core0.o
                0x00004668                GPIO20_IRQHandler
 .text.GPIO21_IRQHandler
                0x00004670        0x8 ./startup/startup_mcxn947_cm33_core0.o
                0x00004670                GPIO21_IRQHandler
 .text.GPIO30_IRQHandler
                0x00004678        0x8 ./startup/startup_mcxn947_cm33_core0.o
                0x00004678                GPIO30_IRQHandler
 .text.GPIO31_IRQHandler
                0x00004680        0x8 ./startup/startup_mcxn947_cm33_core0.o
                0x00004680                GPIO31_IRQHandler
 .text.GPIO40_IRQHandler
                0x00004688        0x8 ./startup/startup_mcxn947_cm33_core0.o
                0x00004688                GPIO40_IRQHandler
 .text.GPIO41_IRQHandler
                0x00004690        0x8 ./startup/startup_mcxn947_cm33_core0.o
                0x00004690                GPIO41_IRQHandler
 .text.GPIO50_IRQHandler
                0x00004698        0x8 ./startup/startup_mcxn947_cm33_core0.o
                0x00004698                GPIO50_IRQHandler
 .text.GPIO51_IRQHandler
                0x000046a0        0x8 ./startup/startup_mcxn947_cm33_core0.o
                0x000046a0                GPIO51_IRQHandler
 .text.UTICK0_IRQHandler
                0x000046a8        0x8 ./startup/startup_mcxn947_cm33_core0.o
                0x000046a8                UTICK0_IRQHandler
 .text.MRT0_IRQHandler
                0x000046b0        0x8 ./startup/startup_mcxn947_cm33_core0.o
                0x000046b0                MRT0_IRQHandler
 .text.CTIMER0_IRQHandler
                0x000046b8        0x8 ./startup/startup_mcxn947_cm33_core0.o
                0x000046b8                CTIMER0_IRQHandler
 .text.CTIMER1_IRQHandler
                0x000046c0        0x8 ./startup/startup_mcxn947_cm33_core0.o
                0x000046c0                CTIMER1_IRQHandler
 .text.SCT0_IRQHandler
                0x000046c8        0x8 ./startup/startup_mcxn947_cm33_core0.o
                0x000046c8                SCT0_IRQHandler
 .text.CTIMER2_IRQHandler
                0x000046d0        0x8 ./startup/startup_mcxn947_cm33_core0.o
                0x000046d0                CTIMER2_IRQHandler
 .text.LP_FLEXCOMM0_IRQHandler
                0x000046d8        0x8 ./startup/startup_mcxn947_cm33_core0.o
                0x000046d8                LP_FLEXCOMM0_IRQHandler
 .text.LP_FLEXCOMM1_IRQHandler
                0x000046e0        0x8 ./startup/startup_mcxn947_cm33_core0.o
                0x000046e0                LP_FLEXCOMM1_IRQHandler
 .text.LP_FLEXCOMM2_IRQHandler
                0x000046e8        0x8 ./startup/startup_mcxn947_cm33_core0.o
                0x000046e8                LP_FLEXCOMM2_IRQHandler
 .text.LP_FLEXCOMM3_IRQHandler
                0x000046f0        0x8 ./startup/startup_mcxn947_cm33_core0.o
                0x000046f0                LP_FLEXCOMM3_IRQHandler
 .text.LP_FLEXCOMM4_IRQHandler
                0x000046f8        0x8 ./startup/startup_mcxn947_cm33_core0.o
                0x000046f8                LP_FLEXCOMM4_IRQHandler
 .text.LP_FLEXCOMM5_IRQHandler
                0x00004700        0x8 ./startup/startup_mcxn947_cm33_core0.o
                0x00004700                LP_FLEXCOMM5_IRQHandler
 .text.LP_FLEXCOMM6_IRQHandler
                0x00004708        0x8 ./startup/startup_mcxn947_cm33_core0.o
                0x00004708                LP_FLEXCOMM6_IRQHandler
 .text.LP_FLEXCOMM7_IRQHandler
                0x00004710        0x8 ./startup/startup_mcxn947_cm33_core0.o
                0x00004710                LP_FLEXCOMM7_IRQHandler
 .text.LP_FLEXCOMM8_IRQHandler
                0x00004718        0x8 ./startup/startup_mcxn947_cm33_core0.o
                0x00004718                LP_FLEXCOMM8_IRQHandler
 .text.LP_FLEXCOMM9_IRQHandler
                0x00004720        0x8 ./startup/startup_mcxn947_cm33_core0.o
                0x00004720                LP_FLEXCOMM9_IRQHandler
 .text.ADC0_IRQHandler
                0x00004728        0x8 ./startup/startup_mcxn947_cm33_core0.o
                0x00004728                ADC0_IRQHandler
 .text.ADC1_IRQHandler
                0x00004730        0x8 ./startup/startup_mcxn947_cm33_core0.o
                0x00004730                ADC1_IRQHandler
 .text.PINT0_IRQHandler
                0x00004738        0x8 ./startup/startup_mcxn947_cm33_core0.o
                0x00004738                PINT0_IRQHandler
 .text.PDM_EVENT_IRQHandler
                0x00004740        0x8 ./startup/startup_mcxn947_cm33_core0.o
                0x00004740                PDM_EVENT_IRQHandler
 .text.Reserved65_IRQHandler
                0x00004748        0x8 ./startup/startup_mcxn947_cm33_core0.o
                0x00004748                Reserved65_IRQHandler
 .text.USB0_FS_IRQHandler
                0x00004750        0x8 ./startup/startup_mcxn947_cm33_core0.o
                0x00004750                USB0_FS_IRQHandler
 .text.USB0_DCD_IRQHandler
                0x00004758        0x8 ./startup/startup_mcxn947_cm33_core0.o
                0x00004758                USB0_DCD_IRQHandler
 .text.RTC_IRQHandler
                0x00004760        0x8 ./startup/startup_mcxn947_cm33_core0.o
                0x00004760                RTC_IRQHandler
 .text.SMARTDMA_IRQHandler
                0x00004768        0x8 ./startup/startup_mcxn947_cm33_core0.o
                0x00004768                SMARTDMA_IRQHandler
 .text.MAILBOX_IRQHandler
                0x00004770        0x8 ./startup/startup_mcxn947_cm33_core0.o
                0x00004770                MAILBOX_IRQHandler
 .text.CTIMER3_IRQHandler
                0x00004778        0x8 ./startup/startup_mcxn947_cm33_core0.o
                0x00004778                CTIMER3_IRQHandler
 .text.CTIMER4_IRQHandler
                0x00004780        0x8 ./startup/startup_mcxn947_cm33_core0.o
                0x00004780                CTIMER4_IRQHandler
 .text.OS_EVENT_IRQHandler
                0x00004788        0x8 ./startup/startup_mcxn947_cm33_core0.o
                0x00004788                OS_EVENT_IRQHandler
 .text.FLEXSPI0_IRQHandler
                0x00004790        0x8 ./startup/startup_mcxn947_cm33_core0.o
                0x00004790                FLEXSPI0_IRQHandler
 .text.SAI0_IRQHandler
                0x00004798        0x8 ./startup/startup_mcxn947_cm33_core0.o
                0x00004798                SAI0_IRQHandler
 .text.SAI1_IRQHandler
                0x000047a0        0x8 ./startup/startup_mcxn947_cm33_core0.o
                0x000047a0                SAI1_IRQHandler
 .text.USDHC0_IRQHandler
                0x000047a8        0x8 ./startup/startup_mcxn947_cm33_core0.o
                0x000047a8                USDHC0_IRQHandler
 .text.CAN0_IRQHandler
                0x000047b0        0x8 ./startup/startup_mcxn947_cm33_core0.o
                0x000047b0                CAN0_IRQHandler
 .text.CAN1_IRQHandler
                0x000047b8        0x8 ./startup/startup_mcxn947_cm33_core0.o
                0x000047b8                CAN1_IRQHandler
 .text.Reserved80_IRQHandler
                0x000047c0        0x8 ./startup/startup_mcxn947_cm33_core0.o
                0x000047c0                Reserved80_IRQHandler
 .text.Reserved81_IRQHandler
                0x000047c8        0x8 ./startup/startup_mcxn947_cm33_core0.o
                0x000047c8                Reserved81_IRQHandler
 .text.USB1_HS_PHY_IRQHandler
                0x000047d0        0x8 ./startup/startup_mcxn947_cm33_core0.o
                0x000047d0                USB1_HS_PHY_IRQHandler
 .text.USB1_HS_IRQHandler
                0x000047d8        0x8 ./startup/startup_mcxn947_cm33_core0.o
                0x000047d8                USB1_HS_IRQHandler
 .text.SEC_HYPERVISOR_CALL_IRQHandler
                0x000047e0        0x8 ./startup/startup_mcxn947_cm33_core0.o
                0x000047e0                SEC_HYPERVISOR_CALL_IRQHandler
 .text.Reserved85_IRQHandler
                0x000047e8        0x8 ./startup/startup_mcxn947_cm33_core0.o
                0x000047e8                Reserved85_IRQHandler
 .text.PLU_IRQHandler
                0x000047f0        0x8 ./startup/startup_mcxn947_cm33_core0.o
                0x000047f0                PLU_IRQHandler
 .text.Freqme_IRQHandler
                0x000047f8        0x8 ./startup/startup_mcxn947_cm33_core0.o
                0x000047f8                Freqme_IRQHandler
 .text.SEC_VIO_IRQHandler
                0x00004800        0x8 ./startup/startup_mcxn947_cm33_core0.o
                0x00004800                SEC_VIO_IRQHandler
 .text.ELS_IRQHandler
                0x00004808        0x8 ./startup/startup_mcxn947_cm33_core0.o
                0x00004808                ELS_IRQHandler
 .text.PKC_IRQHandler
                0x00004810        0x8 ./startup/startup_mcxn947_cm33_core0.o
                0x00004810                PKC_IRQHandler
 .text.PUF_IRQHandler
                0x00004818        0x8 ./startup/startup_mcxn947_cm33_core0.o
                0x00004818                PUF_IRQHandler
 .text.PQ_IRQHandler
                0x00004820        0x8 ./startup/startup_mcxn947_cm33_core0.o
                0x00004820                PQ_IRQHandler
 .text.EDMA_1_CH0_IRQHandler
                0x00004828        0x8 ./startup/startup_mcxn947_cm33_core0.o
                0x00004828                EDMA_1_CH0_IRQHandler
 .text.EDMA_1_CH1_IRQHandler
                0x00004830        0x8 ./startup/startup_mcxn947_cm33_core0.o
                0x00004830                EDMA_1_CH1_IRQHandler
 .text.EDMA_1_CH2_IRQHandler
                0x00004838        0x8 ./startup/startup_mcxn947_cm33_core0.o
                0x00004838                EDMA_1_CH2_IRQHandler
 .text.EDMA_1_CH3_IRQHandler
                0x00004840        0x8 ./startup/startup_mcxn947_cm33_core0.o
                0x00004840                EDMA_1_CH3_IRQHandler
 .text.EDMA_1_CH4_IRQHandler
                0x00004848        0x8 ./startup/startup_mcxn947_cm33_core0.o
                0x00004848                EDMA_1_CH4_IRQHandler
 .text.EDMA_1_CH5_IRQHandler
                0x00004850        0x8 ./startup/startup_mcxn947_cm33_core0.o
                0x00004850                EDMA_1_CH5_IRQHandler
 .text.EDMA_1_CH6_IRQHandler
                0x00004858        0x8 ./startup/startup_mcxn947_cm33_core0.o
                0x00004858                EDMA_1_CH6_IRQHandler
 .text.EDMA_1_CH7_IRQHandler
                0x00004860        0x8 ./startup/startup_mcxn947_cm33_core0.o
                0x00004860                EDMA_1_CH7_IRQHandler
 .text.EDMA_1_CH8_IRQHandler
                0x00004868        0x8 ./startup/startup_mcxn947_cm33_core0.o
                0x00004868                EDMA_1_CH8_IRQHandler
 .text.EDMA_1_CH9_IRQHandler
                0x00004870        0x8 ./startup/startup_mcxn947_cm33_core0.o
                0x00004870                EDMA_1_CH9_IRQHandler
 .text.EDMA_1_CH10_IRQHandler
                0x00004878        0x8 ./startup/startup_mcxn947_cm33_core0.o
                0x00004878                EDMA_1_CH10_IRQHandler
 .text.EDMA_1_CH11_IRQHandler
                0x00004880        0x8 ./startup/startup_mcxn947_cm33_core0.o
                0x00004880                EDMA_1_CH11_IRQHandler
 .text.EDMA_1_CH12_IRQHandler
                0x00004888        0x8 ./startup/startup_mcxn947_cm33_core0.o
                0x00004888                EDMA_1_CH12_IRQHandler
 .text.EDMA_1_CH13_IRQHandler
                0x00004890        0x8 ./startup/startup_mcxn947_cm33_core0.o
                0x00004890                EDMA_1_CH13_IRQHandler
 .text.EDMA_1_CH14_IRQHandler
                0x00004898        0x8 ./startup/startup_mcxn947_cm33_core0.o
                0x00004898                EDMA_1_CH14_IRQHandler
 .text.EDMA_1_CH15_IRQHandler
                0x000048a0        0x8 ./startup/startup_mcxn947_cm33_core0.o
                0x000048a0                EDMA_1_CH15_IRQHandler
 .text.CDOG0_IRQHandler
                0x000048a8        0x8 ./startup/startup_mcxn947_cm33_core0.o
                0x000048a8                CDOG0_IRQHandler
 .text.CDOG1_IRQHandler
                0x000048b0        0x8 ./startup/startup_mcxn947_cm33_core0.o
                0x000048b0                CDOG1_IRQHandler
 .text.I3C0_IRQHandler
                0x000048b8        0x8 ./startup/startup_mcxn947_cm33_core0.o
                0x000048b8                I3C0_IRQHandler
 .text.I3C1_IRQHandler
                0x000048c0        0x8 ./startup/startup_mcxn947_cm33_core0.o
                0x000048c0                I3C1_IRQHandler
 .text.NPU_IRQHandler
                0x000048c8        0x8 ./startup/startup_mcxn947_cm33_core0.o
                0x000048c8                NPU_IRQHandler
 .text.GDET_IRQHandler
                0x000048d0        0x8 ./startup/startup_mcxn947_cm33_core0.o
                0x000048d0                GDET_IRQHandler
 .text.VBAT0_IRQHandler
                0x000048d8        0x8 ./startup/startup_mcxn947_cm33_core0.o
                0x000048d8                VBAT0_IRQHandler
 .text.EWM0_IRQHandler
                0x000048e0        0x8 ./startup/startup_mcxn947_cm33_core0.o
                0x000048e0                EWM0_IRQHandler
 .text.TSI_END_OF_SCAN_IRQHandler
                0x000048e8        0x8 ./startup/startup_mcxn947_cm33_core0.o
                0x000048e8                TSI_END_OF_SCAN_IRQHandler
 .text.TSI_OUT_OF_SCAN_IRQHandler
                0x000048f0        0x8 ./startup/startup_mcxn947_cm33_core0.o
                0x000048f0                TSI_OUT_OF_SCAN_IRQHandler
 .text.EMVSIM0_IRQHandler
                0x000048f8        0x8 ./startup/startup_mcxn947_cm33_core0.o
                0x000048f8                EMVSIM0_IRQHandler
 .text.EMVSIM1_IRQHandler
                0x00004900        0x8 ./startup/startup_mcxn947_cm33_core0.o
                0x00004900                EMVSIM1_IRQHandler
 .text.FLEXIO_IRQHandler
                0x00004908        0x8 ./startup/startup_mcxn947_cm33_core0.o
                0x00004908                FLEXIO_IRQHandler
 .text.DAC0_IRQHandler
                0x00004910        0x8 ./startup/startup_mcxn947_cm33_core0.o
                0x00004910                DAC0_IRQHandler
 .text.DAC1_IRQHandler
                0x00004918        0x8 ./startup/startup_mcxn947_cm33_core0.o
                0x00004918                DAC1_IRQHandler
 .text.DAC2_IRQHandler
                0x00004920        0x8 ./startup/startup_mcxn947_cm33_core0.o
                0x00004920                DAC2_IRQHandler
 .text.HSCMP0_IRQHandler
                0x00004928        0x8 ./startup/startup_mcxn947_cm33_core0.o
                0x00004928                HSCMP0_IRQHandler
 .text.HSCMP1_IRQHandler
                0x00004930        0x8 ./startup/startup_mcxn947_cm33_core0.o
                0x00004930                HSCMP1_IRQHandler
 .text.HSCMP2_IRQHandler
                0x00004938        0x8 ./startup/startup_mcxn947_cm33_core0.o
                0x00004938                HSCMP2_IRQHandler
 .text.FLEXPWM0_RELOAD_ERROR_IRQHandler
                0x00004940        0x8 ./startup/startup_mcxn947_cm33_core0.o
                0x00004940                FLEXPWM0_RELOAD_ERROR_IRQHandler
 .text.FLEXPWM0_FAULT_IRQHandler
                0x00004948        0x8 ./startup/startup_mcxn947_cm33_core0.o
                0x00004948                FLEXPWM0_FAULT_IRQHandler
 .text.FLEXPWM0_SUBMODULE0_IRQHandler
                0x00004950        0x8 ./startup/startup_mcxn947_cm33_core0.o
                0x00004950                FLEXPWM0_SUBMODULE0_IRQHandler
 .text.FLEXPWM0_SUBMODULE1_IRQHandler
                0x00004958        0x8 ./startup/startup_mcxn947_cm33_core0.o
                0x00004958                FLEXPWM0_SUBMODULE1_IRQHandler
 .text.FLEXPWM0_SUBMODULE2_IRQHandler
                0x00004960        0x8 ./startup/startup_mcxn947_cm33_core0.o
                0x00004960                FLEXPWM0_SUBMODULE2_IRQHandler
 .text.FLEXPWM0_SUBMODULE3_IRQHandler
                0x00004968        0x8 ./startup/startup_mcxn947_cm33_core0.o
                0x00004968                FLEXPWM0_SUBMODULE3_IRQHandler
 .text.FLEXPWM1_RELOAD_ERROR_IRQHandler
                0x00004970        0x8 ./startup/startup_mcxn947_cm33_core0.o
                0x00004970                FLEXPWM1_RELOAD_ERROR_IRQHandler
 .text.FLEXPWM1_FAULT_IRQHandler
                0x00004978        0x8 ./startup/startup_mcxn947_cm33_core0.o
                0x00004978                FLEXPWM1_FAULT_IRQHandler
 .text.FLEXPWM1_SUBMODULE0_IRQHandler
                0x00004980        0x8 ./startup/startup_mcxn947_cm33_core0.o
                0x00004980                FLEXPWM1_SUBMODULE0_IRQHandler
 .text.FLEXPWM1_SUBMODULE1_IRQHandler
                0x00004988        0x8 ./startup/startup_mcxn947_cm33_core0.o
                0x00004988                FLEXPWM1_SUBMODULE1_IRQHandler
 .text.FLEXPWM1_SUBMODULE2_IRQHandler
                0x00004990        0x8 ./startup/startup_mcxn947_cm33_core0.o
                0x00004990                FLEXPWM1_SUBMODULE2_IRQHandler
 .text.FLEXPWM1_SUBMODULE3_IRQHandler
                0x00004998        0x8 ./startup/startup_mcxn947_cm33_core0.o
                0x00004998                FLEXPWM1_SUBMODULE3_IRQHandler
 .text.QDC0_COMPARE_IRQHandler
                0x000049a0        0x8 ./startup/startup_mcxn947_cm33_core0.o
                0x000049a0                QDC0_COMPARE_IRQHandler
 .text.QDC0_HOME_IRQHandler
                0x000049a8        0x8 ./startup/startup_mcxn947_cm33_core0.o
                0x000049a8                QDC0_HOME_IRQHandler
 .text.QDC0_WDG_SAB_IRQHandler
                0x000049b0        0x8 ./startup/startup_mcxn947_cm33_core0.o
                0x000049b0                QDC0_WDG_SAB_IRQHandler
 .text.QDC0_IDX_IRQHandler
                0x000049b8        0x8 ./startup/startup_mcxn947_cm33_core0.o
                0x000049b8                QDC0_IDX_IRQHandler
 .text.QDC1_COMPARE_IRQHandler
                0x000049c0        0x8 ./startup/startup_mcxn947_cm33_core0.o
                0x000049c0                QDC1_COMPARE_IRQHandler
 .text.QDC1_HOME_IRQHandler
                0x000049c8        0x8 ./startup/startup_mcxn947_cm33_core0.o
                0x000049c8                QDC1_HOME_IRQHandler
 .text.QDC1_WDG_SAB_IRQHandler
                0x000049d0        0x8 ./startup/startup_mcxn947_cm33_core0.o
                0x000049d0                QDC1_WDG_SAB_IRQHandler
 .text.QDC1_IDX_IRQHandler
                0x000049d8        0x8 ./startup/startup_mcxn947_cm33_core0.o
                0x000049d8                QDC1_IDX_IRQHandler
 .text.ITRC0_IRQHandler
                0x000049e0        0x8 ./startup/startup_mcxn947_cm33_core0.o
                0x000049e0                ITRC0_IRQHandler
 .text.BSP32_IRQHandler
                0x000049e8        0x8 ./startup/startup_mcxn947_cm33_core0.o
                0x000049e8                BSP32_IRQHandler
 .text.ELS_ERR_IRQHandler
                0x000049f0        0x8 ./startup/startup_mcxn947_cm33_core0.o
                0x000049f0                ELS_ERR_IRQHandler
 .text.PKC_ERR_IRQHandler
                0x000049f8        0x8 ./startup/startup_mcxn947_cm33_core0.o
                0x000049f8                PKC_ERR_IRQHandler
 .text.ERM_SINGLE_BIT_ERROR_IRQHandler
                0x00004a00        0x8 ./startup/startup_mcxn947_cm33_core0.o
                0x00004a00                ERM_SINGLE_BIT_ERROR_IRQHandler
 .text.ERM_MULTI_BIT_ERROR_IRQHandler
                0x00004a08        0x8 ./startup/startup_mcxn947_cm33_core0.o
                0x00004a08                ERM_MULTI_BIT_ERROR_IRQHandler
 .text.FMU0_IRQHandler
                0x00004a10        0x8 ./startup/startup_mcxn947_cm33_core0.o
                0x00004a10                FMU0_IRQHandler
 .text.ETHERNET_IRQHandler
                0x00004a18        0x8 ./startup/startup_mcxn947_cm33_core0.o
                0x00004a18                ETHERNET_IRQHandler
 .text.ETHERNET_PMT_IRQHandler
                0x00004a20        0x8 ./startup/startup_mcxn947_cm33_core0.o
                0x00004a20                ETHERNET_PMT_IRQHandler
 .text.ETHERNET_MACLP_IRQHandler
                0x00004a28        0x8 ./startup/startup_mcxn947_cm33_core0.o
                0x00004a28                ETHERNET_MACLP_IRQHandler
 .text.SINC_FILTER_IRQHandler
                0x00004a30        0x8 ./startup/startup_mcxn947_cm33_core0.o
                0x00004a30                SINC_FILTER_IRQHandler
 .text.LPTMR0_IRQHandler
                0x00004a38        0x8 ./startup/startup_mcxn947_cm33_core0.o
                0x00004a38                LPTMR0_IRQHandler
 .text.LPTMR1_IRQHandler
                0x00004a40        0x8 ./startup/startup_mcxn947_cm33_core0.o
                0x00004a40                LPTMR1_IRQHandler
 .text.SCG_IRQHandler
                0x00004a48        0x8 ./startup/startup_mcxn947_cm33_core0.o
                0x00004a48                SCG_IRQHandler
 .text.SPC_IRQHandler
                0x00004a50        0x8 ./startup/startup_mcxn947_cm33_core0.o
                0x00004a50                SPC_IRQHandler
 .text.WUU_IRQHandler
                0x00004a58        0x8 ./startup/startup_mcxn947_cm33_core0.o
                0x00004a58                WUU_IRQHandler
 .text.PORT_EFT_IRQHandler
                0x00004a60        0x8 ./startup/startup_mcxn947_cm33_core0.o
                0x00004a60                PORT_EFT_IRQHandler
 .text.ETB0_IRQHandler
                0x00004a68        0x8 ./startup/startup_mcxn947_cm33_core0.o
                0x00004a68                ETB0_IRQHandler
 .text.Reserved166_IRQHandler
                0x00004a70        0x8 ./startup/startup_mcxn947_cm33_core0.o
                0x00004a70                Reserved166_IRQHandler
 .text.Reserved167_IRQHandler
                0x00004a78        0x8 ./startup/startup_mcxn947_cm33_core0.o
                0x00004a78                Reserved167_IRQHandler
 .text.WWDT0_IRQHandler
                0x00004a80        0x8 ./startup/startup_mcxn947_cm33_core0.o
                0x00004a80                WWDT0_IRQHandler
 .text.WWDT1_IRQHandler
                0x00004a88        0x8 ./startup/startup_mcxn947_cm33_core0.o
                0x00004a88                WWDT1_IRQHandler
 .text.CMC0_IRQHandler
                0x00004a90        0x8 ./startup/startup_mcxn947_cm33_core0.o
                0x00004a90                CMC0_IRQHandler
 .text.CTI0_IRQHandler
                0x00004a98        0x8 ./startup/startup_mcxn947_cm33_core0.o
                0x00004a98                CTI0_IRQHandler
 .text.GPIO_PinWrite
                0x00004aa0       0x36 ./source/cmsis_lpspi_edma_b2b_transfer_master.o
 .text.platform_delay
                0x00004ad6       0x2a ./source/cmsis_lpspi_edma_b2b_transfer_master.o
 .text.HardFault_Handler
                0x00004b00       0x36 ./source/semihost_hardfault.o
                0x00004b00                HardFault_Handler
 .text.CLOCK_GetPll0OutFreq
                0x00004b36       0x88 ./drivers/fsl_clock.o
                0x00004b36                CLOCK_GetPll0OutFreq
 .text.CLOCK_GetPll1OutFreq
                0x00004bbe       0x82 ./drivers/fsl_clock.o
                0x00004bbe                CLOCK_GetPll1OutFreq
 .text.CLOCK_GetCoreSysClkFreq
                0x00004c40       0x2c ./drivers/fsl_clock.o
                0x00004c40                CLOCK_GetCoreSysClkFreq
 .text.CLOCK_GetSystickClkFreq
                0x00004c6c       0x74 ./drivers/fsl_clock.o
 .text.DelayLoop
                0x00004ce0       0x20 ./drivers/fsl_common_arm.o
 .text.EDMA_0_CH0_DriverIRQHandler
                0x00004d00       0x10 ./drivers/fsl_edma_soc.o
                0x00004d00                EDMA_0_CH0_DriverIRQHandler
 .text.EDMA_0_CH1_DriverIRQHandler
                0x00004d10       0x10 ./drivers/fsl_edma_soc.o
                0x00004d10                EDMA_0_CH1_DriverIRQHandler
 .text.EDMA_0_CH2_DriverIRQHandler
                0x00004d20       0x10 ./drivers/fsl_edma_soc.o
                0x00004d20                EDMA_0_CH2_DriverIRQHandler
 .text.EDMA_0_CH3_DriverIRQHandler
                0x00004d30       0x10 ./drivers/fsl_edma_soc.o
                0x00004d30                EDMA_0_CH3_DriverIRQHandler
 .text.EDMA_0_CH4_DriverIRQHandler
                0x00004d40       0x10 ./drivers/fsl_edma_soc.o
                0x00004d40                EDMA_0_CH4_DriverIRQHandler
 .text.EDMA_0_CH5_DriverIRQHandler
                0x00004d50       0x10 ./drivers/fsl_edma_soc.o
                0x00004d50                EDMA_0_CH5_DriverIRQHandler
 .text.EDMA_0_CH6_DriverIRQHandler
                0x00004d60       0x10 ./drivers/fsl_edma_soc.o
                0x00004d60                EDMA_0_CH6_DriverIRQHandler
 .text.EDMA_0_CH7_DriverIRQHandler
                0x00004d70       0x10 ./drivers/fsl_edma_soc.o
                0x00004d70                EDMA_0_CH7_DriverIRQHandler
 .text.EDMA_0_CH8_DriverIRQHandler
                0x00004d80       0x10 ./drivers/fsl_edma_soc.o
                0x00004d80                EDMA_0_CH8_DriverIRQHandler
 .text.EDMA_0_CH9_DriverIRQHandler
                0x00004d90       0x10 ./drivers/fsl_edma_soc.o
                0x00004d90                EDMA_0_CH9_DriverIRQHandler
 .text.EDMA_0_CH10_DriverIRQHandler
                0x00004da0       0x10 ./drivers/fsl_edma_soc.o
                0x00004da0                EDMA_0_CH10_DriverIRQHandler
 .text.EDMA_0_CH11_DriverIRQHandler
                0x00004db0       0x10 ./drivers/fsl_edma_soc.o
                0x00004db0                EDMA_0_CH11_DriverIRQHandler
 .text.EDMA_0_CH12_DriverIRQHandler
                0x00004dc0       0x10 ./drivers/fsl_edma_soc.o
                0x00004dc0                EDMA_0_CH12_DriverIRQHandler
 .text.EDMA_0_CH13_DriverIRQHandler
                0x00004dd0       0x10 ./drivers/fsl_edma_soc.o
                0x00004dd0                EDMA_0_CH13_DriverIRQHandler
 .text.EDMA_0_CH14_DriverIRQHandler
                0x00004de0       0x10 ./drivers/fsl_edma_soc.o
                0x00004de0                EDMA_0_CH14_DriverIRQHandler
 .text.EDMA_0_CH15_DriverIRQHandler
                0x00004df0       0x10 ./drivers/fsl_edma_soc.o
                0x00004df0                EDMA_0_CH15_DriverIRQHandler
 .text.EDMA_1_CH0_DriverIRQHandler
                0x00004e00       0x10 ./drivers/fsl_edma_soc.o
                0x00004e00                EDMA_1_CH0_DriverIRQHandler
 .text.EDMA_1_CH1_DriverIRQHandler
                0x00004e10       0x10 ./drivers/fsl_edma_soc.o
                0x00004e10                EDMA_1_CH1_DriverIRQHandler
 .text.EDMA_1_CH2_DriverIRQHandler
                0x00004e20       0x10 ./drivers/fsl_edma_soc.o
                0x00004e20                EDMA_1_CH2_DriverIRQHandler
 .text.EDMA_1_CH3_DriverIRQHandler
                0x00004e30       0x10 ./drivers/fsl_edma_soc.o
                0x00004e30                EDMA_1_CH3_DriverIRQHandler
 .text.EDMA_1_CH4_DriverIRQHandler
                0x00004e40       0x10 ./drivers/fsl_edma_soc.o
                0x00004e40                EDMA_1_CH4_DriverIRQHandler
 .text.EDMA_1_CH5_DriverIRQHandler
                0x00004e50       0x10 ./drivers/fsl_edma_soc.o
                0x00004e50                EDMA_1_CH5_DriverIRQHandler
 .text.EDMA_1_CH6_DriverIRQHandler
                0x00004e60       0x10 ./drivers/fsl_edma_soc.o
                0x00004e60                EDMA_1_CH6_DriverIRQHandler
 .text.EDMA_1_CH7_DriverIRQHandler
                0x00004e70       0x10 ./drivers/fsl_edma_soc.o
                0x00004e70                EDMA_1_CH7_DriverIRQHandler
 .text.EDMA_1_CH8_DriverIRQHandler
                0x00004e80       0x10 ./drivers/fsl_edma_soc.o
                0x00004e80                EDMA_1_CH8_DriverIRQHandler
 .text.EDMA_1_CH9_DriverIRQHandler
                0x00004e90       0x10 ./drivers/fsl_edma_soc.o
                0x00004e90                EDMA_1_CH9_DriverIRQHandler
 .text.EDMA_1_CH10_DriverIRQHandler
                0x00004ea0       0x10 ./drivers/fsl_edma_soc.o
                0x00004ea0                EDMA_1_CH10_DriverIRQHandler
 .text.EDMA_1_CH11_DriverIRQHandler
                0x00004eb0       0x10 ./drivers/fsl_edma_soc.o
                0x00004eb0                EDMA_1_CH11_DriverIRQHandler
 .text.EDMA_1_CH12_DriverIRQHandler
                0x00004ec0       0x10 ./drivers/fsl_edma_soc.o
                0x00004ec0                EDMA_1_CH12_DriverIRQHandler
 .text.EDMA_1_CH13_DriverIRQHandler
                0x00004ed0       0x10 ./drivers/fsl_edma_soc.o
                0x00004ed0                EDMA_1_CH13_DriverIRQHandler
 .text.EDMA_1_CH14_DriverIRQHandler
                0x00004ee0       0x10 ./drivers/fsl_edma_soc.o
                0x00004ee0                EDMA_1_CH14_DriverIRQHandler
 .text.EDMA_1_CH15_DriverIRQHandler
                0x00004ef0       0x10 ./drivers/fsl_edma_soc.o
                0x00004ef0                EDMA_1_CH15_DriverIRQHandler
 .text.CLOCK_EnableClock
                0x00004f00       0x94 ./drivers/fsl_gpio.o
 .text.CLOCK_DisableClock
                0x00004f94       0xb8 ./drivers/fsl_gpio.o
 .text.GPIO_PinWrite
                0x0000504c       0x36 ./drivers/fsl_gpio.o
 .text.CLOCK_EnableClock
                0x00005082       0x94 ./drivers/fsl_lpflexcomm.o
 .text.LP_FLEXCOMM_PeripheralIsPresent
                0x00005116       0x52 ./drivers/fsl_lpflexcomm.o
 .text.LP_FLEXCOMM0_DriverIRQHandler
                0x00005168        0xe ./drivers/fsl_lpflexcomm.o
                0x00005168                LP_FLEXCOMM0_DriverIRQHandler
 .text.LP_FLEXCOMM1_DriverIRQHandler
                0x00005176        0xe ./drivers/fsl_lpflexcomm.o
                0x00005176                LP_FLEXCOMM1_DriverIRQHandler
 .text.LP_FLEXCOMM2_DriverIRQHandler
                0x00005184        0xe ./drivers/fsl_lpflexcomm.o
                0x00005184                LP_FLEXCOMM2_DriverIRQHandler
 .text.LP_FLEXCOMM3_DriverIRQHandler
                0x00005192        0xe ./drivers/fsl_lpflexcomm.o
                0x00005192                LP_FLEXCOMM3_DriverIRQHandler
 .text.LP_FLEXCOMM4_DriverIRQHandler
                0x000051a0        0xe ./drivers/fsl_lpflexcomm.o
                0x000051a0                LP_FLEXCOMM4_DriverIRQHandler
 .text.LP_FLEXCOMM5_DriverIRQHandler
                0x000051ae        0xe ./drivers/fsl_lpflexcomm.o
                0x000051ae                LP_FLEXCOMM5_DriverIRQHandler
 .text.LP_FLEXCOMM6_DriverIRQHandler
                0x000051bc        0xe ./drivers/fsl_lpflexcomm.o
                0x000051bc                LP_FLEXCOMM6_DriverIRQHandler
 .text.LP_FLEXCOMM7_DriverIRQHandler
                0x000051ca        0xe ./drivers/fsl_lpflexcomm.o
                0x000051ca                LP_FLEXCOMM7_DriverIRQHandler
 .text.LP_FLEXCOMM8_DriverIRQHandler
                0x000051d8        0xe ./drivers/fsl_lpflexcomm.o
                0x000051d8                LP_FLEXCOMM8_DriverIRQHandler
 .text.LP_FLEXCOMM9_DriverIRQHandler
                0x000051e6        0xe ./drivers/fsl_lpflexcomm.o
                0x000051e6                LP_FLEXCOMM9_DriverIRQHandler
 .text.CLOCK_EnableClock
                0x000051f4       0x94 ./drivers/fsl_lpspi.o
 .text.LPSPI_Enable
                0x00005288       0x38 ./drivers/fsl_lpspi.o
 .text.LPSPI_GetStatusFlags
                0x000052c0       0x18 ./drivers/fsl_lpspi.o
 .text.LPSPI_GetRxFifoSize
                0x000052d8       0x24 ./drivers/fsl_lpspi.o
 .text.LPSPI_GetTxFifoCount
                0x000052fc       0x1c ./drivers/fsl_lpspi.o
 .text.LPSPI_GetRxFifoCount
                0x00005318       0x1e ./drivers/fsl_lpspi.o
 .text.LPSPI_ClearStatusFlags
                0x00005336       0x1c ./drivers/fsl_lpspi.o
 .text.LPSPI_GetTcr
                0x00005352       0x46 ./drivers/fsl_lpspi.o
 .text.LPSPI_SetMasterSlaveMode
                0x00005398       0x2c ./drivers/fsl_lpspi.o
 .text.LPSPI_IsMaster
                0x000053c4       0x26 ./drivers/fsl_lpspi.o
 .text.LPSPI_FlushFifo
                0x000053ea       0x44 ./drivers/fsl_lpspi.o
 .text.LPSPI_SetFifoWatermarks
                0x0000542e       0x2c ./drivers/fsl_lpspi.o
 .text.LPSPI_WriteData
                0x0000545a       0x1c ./drivers/fsl_lpspi.o
 .text.LPSPI_ReadData
                0x00005476       0x18 ./drivers/fsl_lpspi.o
 .text.LPSPI_SetOnePcsPolarity
                0x0000548e       0x44 ./drivers/fsl_lpspi.o
 .text.LPSPI_TxFifoReady
                0x000054d2       0x22 ./drivers/fsl_lpspi.o
 .text.LPUART_SoftwareReset
                0x000054f4       0x2c ./drivers/fsl_lpuart.o
 .text.SPC_GetActiveModeBandgapMode
                0x00005520       0x22 ./drivers/fsl_spc.o
 .text.SPC_GetActiveModeVoltageDetectStatus
                0x00005542       0x22 ./drivers/fsl_spc.o
 .text.SPC_GetActiveModeCoreLDOVDDVoltageLevel
                0x00005564       0x22 ./drivers/fsl_spc.o
 .text.SPC_GetActiveModeCoreLDODriveStrength
                0x00005586       0x22 ./drivers/fsl_spc.o
 .text.SPC_SetActiveModeDCDCRegulatorVoltageLevel
                0x000055a8       0x32 ./drivers/fsl_spc.o
 .text.SPC_SetActiveModeCoreLDORegulatorVoltageLevel
                0x000055da       0x60 ./drivers/fsl_spc.o
                0x000055da                SPC_SetActiveModeCoreLDORegulatorVoltageLevel
 .text.SPC_SetActiveModeCoreLDORegulatorDriveStrength
                0x0000563a       0x5e ./drivers/fsl_spc.o
                0x0000563a                SPC_SetActiveModeCoreLDORegulatorDriveStrength
 .text.SPC_SetActiveModeDCDCRegulatorDriveStrength
                0x00005698       0x48 ./drivers/fsl_spc.o
                0x00005698                SPC_SetActiveModeDCDCRegulatorDriveStrength
 .text.lsm6ds3tr_c_read_reg
                0x000056e0       0x3c ./drivers/lsm6ds3tr-c_reg.o
                0x000056e0                lsm6ds3tr_c_read_reg
 .text.lsm6ds3tr_c_write_reg
                0x0000571c       0x3c ./drivers/lsm6ds3tr-c_reg.o
                0x0000571c                lsm6ds3tr_c_write_reg
 .text.lsm6ds3tr_c_xl_full_scale_set
                0x00005758       0x4c ./drivers/lsm6ds3tr-c_reg.o
                0x00005758                lsm6ds3tr_c_xl_full_scale_set
 .text.lsm6ds3tr_c_xl_data_rate_set
                0x000057a4       0x4c ./drivers/lsm6ds3tr-c_reg.o
                0x000057a4                lsm6ds3tr_c_xl_data_rate_set
 .text.lsm6ds3tr_c_gy_full_scale_set
                0x000057f0       0x4c ./drivers/lsm6ds3tr-c_reg.o
                0x000057f0                lsm6ds3tr_c_gy_full_scale_set
 .text.lsm6ds3tr_c_gy_data_rate_set
                0x0000583c       0x4c ./drivers/lsm6ds3tr-c_reg.o
                0x0000583c                lsm6ds3tr_c_gy_data_rate_set
 .text.lsm6ds3tr_c_block_data_update_set
                0x00005888       0x4c ./drivers/lsm6ds3tr-c_reg.o
                0x00005888                lsm6ds3tr_c_block_data_update_set
 .text.lsm6ds3tr_c_xl_flag_data_ready_get
                0x000058d4       0x3c ./drivers/lsm6ds3tr-c_reg.o
                0x000058d4                lsm6ds3tr_c_xl_flag_data_ready_get
 .text.lsm6ds3tr_c_gy_flag_data_ready_get
                0x00005910       0x3c ./drivers/lsm6ds3tr-c_reg.o
                0x00005910                lsm6ds3tr_c_gy_flag_data_ready_get
 .text.lsm6ds3tr_c_angular_rate_raw_get
                0x0000594c       0x9a ./drivers/lsm6ds3tr-c_reg.o
                0x0000594c                lsm6ds3tr_c_angular_rate_raw_get
 .text.lsm6ds3tr_c_acceleration_raw_get
                0x000059e6       0x9a ./drivers/lsm6ds3tr-c_reg.o
                0x000059e6                lsm6ds3tr_c_acceleration_raw_get
 .text.lsm6ds3tr_c_device_id_get
                0x00005a80       0x22 ./drivers/lsm6ds3tr-c_reg.o
                0x00005a80                lsm6ds3tr_c_device_id_get
 .text.lsm6ds3tr_c_reset_set
                0x00005aa2       0x4c ./drivers/lsm6ds3tr-c_reg.o
                0x00005aa2                lsm6ds3tr_c_reset_set
 .text.lsm6ds3tr_c_reset_get
                0x00005aee       0x3c ./drivers/lsm6ds3tr-c_reg.o
                0x00005aee                lsm6ds3tr_c_reset_get
 .text.lsm6ds3tr_c_xl_self_test_set
                0x00005b2a       0x4c ./drivers/lsm6ds3tr-c_reg.o
                0x00005b2a                lsm6ds3tr_c_xl_self_test_set
 .text.lsm6ds3tr_c_gy_self_test_set
                0x00005b76       0x4c ./drivers/lsm6ds3tr-c_reg.o
                0x00005b76                lsm6ds3tr_c_gy_self_test_set
 .text.SystemInitHook
                0x00005bc2        0xe ./device/system_MCXN947_cm33_core0.o
                0x00005bc2                SystemInitHook
 .text.HAL_UartGetStatus
                0x00005bd0       0x28 ./component/uart/fsl_adapter_lpuart.o
 .text.CLOCK_EnableClock
                0x00005bf8       0x94 ./board/clock_config.o
 .text.BOARD_InitBootClocks
                0x00005c8c        0xc ./board/clock_config.o
                0x00005c8c                BOARD_InitBootClocks
 .text.CLOCK_EnableClock
                0x00005c98       0x94 ./board/pin_mux.o
 .text.PORT_SetPinMux
                0x00005d2c       0x3e ./board/pin_mux.o
 .text.BOARD_InitBootPins
                0x00005d6a        0xc ./board/pin_mux.o
                0x00005d6a                BOARD_InitBootPins
 .text.__main   0x00005d76        0xe /Applications/MCUXpressoIDE_25.6.136/ide/plugins/com.nxp.mcuxpresso.tools.macosx_25.6.0.202501151204/tools/bin/../lib/gcc/arm-none-eabi/14.2.1/../../../../arm-none-eabi/lib/thumb/v8-m.main+fp/hard/libcr_nohost_nf.a(_cr__main.o)
                0x00005d76                __main
 .text.fabsf    0x00005d84       0x10 /Applications/MCUXpressoIDE_25.6.136/ide/plugins/com.nxp.mcuxpresso.tools.macosx_25.6.0.202501151204/tools/bin/../lib/gcc/arm-none-eabi/14.2.1/../../../../arm-none-eabi/lib/thumb/v8-m.main+fp/hard/libcr_c.a(fabsf.o)
                0x00005d84                fabsf
 .text.memset   0x00005d94        0x4 /Applications/MCUXpressoIDE_25.6.136/ide/plugins/com.nxp.mcuxpresso.tools.macosx_25.6.0.202501151204/tools/bin/../lib/gcc/arm-none-eabi/14.2.1/../../../../arm-none-eabi/lib/thumb/v8-m.main+fp/hard/libcr_c.a(memset.o)
                0x00005d94                memset
 .text.free     0x00005d98       0x30 /Applications/MCUXpressoIDE_25.6.136/ide/plugins/com.nxp.mcuxpresso.tools.macosx_25.6.0.202501151204/tools/bin/../lib/gcc/arm-none-eabi/14.2.1/../../../../arm-none-eabi/lib/thumb/v8-m.main+fp/hard/libcr_c.a(alloc.o)
                0x00005d98                free
 .text.setvbuf  0x00005dc8       0x3e /Applications/MCUXpressoIDE_25.6.136/ide/plugins/com.nxp.mcuxpresso.tools.macosx_25.6.0.202501151204/tools/bin/../lib/gcc/arm-none-eabi/14.2.1/../../../../arm-none-eabi/lib/thumb/v8-m.main+fp/hard/libcr_c.a(setvbuf.o)
                0x00005dc8                setvbuf
 .text.strlen   0x00005e06       0x4e /Applications/MCUXpressoIDE_25.6.136/ide/plugins/com.nxp.mcuxpresso.tools.macosx_25.6.0.202501151204/tools/bin/../lib/gcc/arm-none-eabi/14.2.1/../../../../arm-none-eabi/lib/thumb/v8-m.main+fp/hard/libcr_c.a(strlen.o)
                0x00005e06                strlen
 .text._deferredlazyseek
                0x00005e54       0x40 /Applications/MCUXpressoIDE_25.6.136/ide/plugins/com.nxp.mcuxpresso.tools.macosx_25.6.0.202501151204/tools/bin/../lib/gcc/arm-none-eabi/14.2.1/../../../../arm-none-eabi/lib/thumb/v8-m.main+fp/hard/libcr_c.a(_deferredlazyseek.o)
                0x00005e54                _deferredlazyseek
 .text._fdopen  0x00005e94       0x68 /Applications/MCUXpressoIDE_25.6.136/ide/plugins/com.nxp.mcuxpresso.tools.macosx_25.6.0.202501151204/tools/bin/../lib/gcc/arm-none-eabi/14.2.1/../../../../arm-none-eabi/lib/thumb/v8-m.main+fp/hard/libcr_c.a(_fdopen.o)
                0x00005e94                _fdopen
 .text._fflush  0x00005efc       0x52 /Applications/MCUXpressoIDE_25.6.136/ide/plugins/com.nxp.mcuxpresso.tools.macosx_25.6.0.202501151204/tools/bin/../lib/gcc/arm-none-eabi/14.2.1/../../../../arm-none-eabi/lib/thumb/v8-m.main+fp/hard/libcr_c.a(_fflush.o)
                0x00005efc                _fflush
 .text.fclose   0x00005f4e       0x58 /Applications/MCUXpressoIDE_25.6.136/ide/plugins/com.nxp.mcuxpresso.tools.macosx_25.6.0.202501151204/tools/bin/../lib/gcc/arm-none-eabi/14.2.1/../../../../arm-none-eabi/lib/thumb/v8-m.main+fp/hard/libcr_c.a(fclose.o)
                0x00005f4e                fclose
 .text.remove   0x00005fa6       0x14 /Applications/MCUXpressoIDE_25.6.136/ide/plugins/com.nxp.mcuxpresso.tools.macosx_25.6.0.202501151204/tools/bin/../lib/gcc/arm-none-eabi/14.2.1/../../../../arm-none-eabi/lib/thumb/v8-m.main+fp/hard/libcr_c.a(remove.o)
                0x00005fa6                remove
 .text._do_fflush
                0x00005fba       0x40 /Applications/MCUXpressoIDE_25.6.136/ide/plugins/com.nxp.mcuxpresso.tools.macosx_25.6.0.202501151204/tools/bin/../lib/gcc/arm-none-eabi/14.2.1/../../../../arm-none-eabi/lib/thumb/v8-m.main+fp/hard/libcr_c.a(_do_fflush.o)
                0x00005fba                _do_fflush
 .text.__aeabi_division_uldivmod
                0x00005ffa      0x174 /Applications/MCUXpressoIDE_25.6.136/ide/plugins/com.nxp.mcuxpresso.tools.macosx_25.6.0.202501151204/tools/bin/../lib/gcc/arm-none-eabi/14.2.1/thumb/v8-m.main+fp/hard/libcr_eabihelpers.a(division_64.o)
                0x00005ffa                __aeabi_uldivmod
                0x00005ffe                __bhs_ldivmod1
 .text.__aeabi_division_idiv0
                0x0000616e        0x2 /Applications/MCUXpressoIDE_25.6.136/ide/plugins/com.nxp.mcuxpresso.tools.macosx_25.6.0.202501151204/tools/bin/../lib/gcc/arm-none-eabi/14.2.1/thumb/v8-m.main+fp/hard/libcr_eabihelpers.a(division_idiv0.o)
                0x0000616e                __aeabi_idiv0
 .text.__aeabi_f2ulz
                0x00006170       0x3e /Applications/MCUXpressoIDE_25.6.136/ide/plugins/com.nxp.mcuxpresso.tools.macosx_25.6.0.202501151204/tools/bin/../lib/gcc/arm-none-eabi/14.2.1/thumb/v8-m.main+fp/hard/libcr_eabihelpers.a(float.o)
                0x00006170                __aeabi_f2ulz
 .text.__aeabi_memset_lowlevel
                0x000061ae       0x32 /Applications/MCUXpressoIDE_25.6.136/ide/plugins/com.nxp.mcuxpresso.tools.macosx_25.6.0.202501151204/tools/bin/../lib/gcc/arm-none-eabi/14.2.1/thumb/v8-m.main+fp/hard/libcr_eabihelpers.a(memcpy.o)
                0x000061ae                __aeabi_lowlevel_memset
 .text.__sys_close
                0x000061e0        0x6 /Applications/MCUXpressoIDE_25.6.136/ide/plugins/com.nxp.mcuxpresso.tools.macosx_25.6.0.202501151204/tools/bin/../lib/gcc/arm-none-eabi/14.2.1/../../../../arm-none-eabi/lib/thumb/v8-m.main+fp/hard/libcr_nohost_nf.a(__sys_close.o)
                0x000061e0                __sys_close
 .text.__sys_flen
                0x000061e6        0x6 /Applications/MCUXpressoIDE_25.6.136/ide/plugins/com.nxp.mcuxpresso.tools.macosx_25.6.0.202501151204/tools/bin/../lib/gcc/arm-none-eabi/14.2.1/../../../../arm-none-eabi/lib/thumb/v8-m.main+fp/hard/libcr_nohost_nf.a(__sys_flen.o)
                0x000061e6                __sys_flen
 .text.__sys_istty
                0x000061ec        0x6 /Applications/MCUXpressoIDE_25.6.136/ide/plugins/com.nxp.mcuxpresso.tools.macosx_25.6.0.202501151204/tools/bin/../lib/gcc/arm-none-eabi/14.2.1/../../../../arm-none-eabi/lib/thumb/v8-m.main+fp/hard/libcr_nohost_nf.a(__sys_istty.o)
                0x000061ec                __sys_istty
 .text.__sys_remove
                0x000061f2        0x6 /Applications/MCUXpressoIDE_25.6.136/ide/plugins/com.nxp.mcuxpresso.tools.macosx_25.6.0.202501151204/tools/bin/../lib/gcc/arm-none-eabi/14.2.1/../../../../arm-none-eabi/lib/thumb/v8-m.main+fp/hard/libcr_nohost_nf.a(__sys_remove.o)
                0x000061f2                __sys_remove
 .text.__sys_seek
                0x000061f8        0x6 /Applications/MCUXpressoIDE_25.6.136/ide/plugins/com.nxp.mcuxpresso.tools.macosx_25.6.0.202501151204/tools/bin/../lib/gcc/arm-none-eabi/14.2.1/../../../../arm-none-eabi/lib/thumb/v8-m.main+fp/hard/libcr_nohost_nf.a(__sys_seek.o)
                0x000061f8                __sys_seek
 .text.__sys_tmpnam
                0x000061fe        0x6 /Applications/MCUXpressoIDE_25.6.136/ide/plugins/com.nxp.mcuxpresso.tools.macosx_25.6.0.202501151204/tools/bin/../lib/gcc/arm-none-eabi/14.2.1/../../../../arm-none-eabi/lib/thumb/v8-m.main+fp/hard/libcr_nohost_nf.a(__sys_tmpnam.o)
                0x000061fe                __sys_tmpnam
 .text.__sys_write
                0x00006204        0x4 /Applications/MCUXpressoIDE_25.6.136/ide/plugins/com.nxp.mcuxpresso.tools.macosx_25.6.0.202501151204/tools/bin/../lib/gcc/arm-none-eabi/14.2.1/../../../../arm-none-eabi/lib/thumb/v8-m.main+fp/hard/libcr_nohost_nf.a(__sys_write.o)
                0x00006204                __sys_write
 *(SORT_BY_ALIGNMENT(.rodata) SORT_BY_ALIGNMENT(.rodata.*) SORT_BY_ALIGNMENT(.constdata) SORT_BY_ALIGNMENT(.constdata.*))
 .rodata.__assertion_failed.str1.4
                0x00006208      0x9bd ./utilities/fsl_assert.o
                                 0x14 (size before relaxing)
 .rodata.lsm6ds3tr_c_self_test.str1.4
                0x00006bc5      0x124 ./source/cmsis_lpspi_edma_b2b_transfer_master.o
 *fill*         0x00006bc5        0x3 ff
 .rodata        0x00006bc8        0x2 ./source/cmsis_lpspi_edma_b2b_transfer_master.o
 .rodata.main.str1.4
                0x00006bca       0x30 ./source/cmsis_lpspi_edma_b2b_transfer_master.o
 .rodata.SDK_DelayAtLeastUs.str1.4
                0x00006bca       0x2b ./drivers/fsl_common_arm.o
 *fill*         0x00006bca        0x2 ff
 .rodata.s_edmaBases
                0x00006bcc        0x8 ./drivers/fsl_edma.o
 .rodata.EDMA_HandleIRQ.str1.4
                0x00006bd4       0x21 ./drivers/fsl_edma.o
 .rodata.s_gpioBases
                0x00006bd4       0x30 ./drivers/fsl_gpio.o
 .rodata.s_gpioClockName
                0x00006c04        0xc ./drivers/fsl_gpio.o
 .rodata.GPIO_GetInstance.str1.4
                0x00006c10       0x34 ./drivers/fsl_gpio.o
 .rodata.GPIO_PortClockEnable.str1.4
                0x00006c10       0x38 ./drivers/fsl_gpio.o
 .rodata.GPIO_PinInit.str1.4
                0x00006c10       0x20 ./drivers/fsl_gpio.o
 .rodata.s_lpflexcommBaseAddrs
                0x00006c10       0x28 ./drivers/fsl_lpflexcomm.o
 .rodata.s_lpflexcommBase
                0x00006c38       0x28 ./drivers/fsl_lpflexcomm.o
 .rodata.s_lpflexcommClocks
                0x00006c60       0x14 ./drivers/fsl_lpflexcomm.o
 .rodata.s_lpflexcommResets
                0x00006c74       0x28 ./drivers/fsl_lpflexcomm.o
 .rodata.LP_FLEXCOMM_SetPeriph.str1.4
                0x00006c9c       0x43 ./drivers/fsl_lpflexcomm.o
 .rodata.LP_FLEXCOMM_Init.str1.4
                0x00006c9c       0x49 ./drivers/fsl_lpflexcomm.o
 .rodata.s_baudratePrescaler
                0x00006c9c        0x8 ./drivers/fsl_lpspi.o
 .rodata.s_lpspiBases
                0x00006ca4       0x28 ./drivers/fsl_lpspi.o
 .rodata.s_lpspiClocks
                0x00006ccc       0x14 ./drivers/fsl_lpspi.o
 .rodata.LPSPI_GetInstance.str1.4
                0x00006ce0       0x36 ./drivers/fsl_lpspi.o
 .rodata.LPSPI_MasterInit.str1.4
                0x00006ce0       0x40 ./drivers/fsl_lpspi.o
 .rodata.LPSPI_MasterGetDefaultConfig.str1.4
                0x00006ce0       0x27 ./drivers/fsl_lpspi.o
 .rodata.LPSPI_MasterSetBaudRate.str1.4
                0x00006ce0       0x2b ./drivers/fsl_lpspi.o
 .rodata.LPSPI_MasterSetDelayScaler.str1.4
                0x00006ce0       0x18 ./drivers/fsl_lpspi.o
 .rodata.LPSPI_MasterSetDelayTimes.str1.4
                0x00006ce0       0x2a ./drivers/fsl_lpspi.o
 .rodata.LPSPI_CheckTransferArgument.str1.4
                0x00006ce0       0x23 ./drivers/fsl_lpspi.o
 .rodata.LPSPI_MasterTransferBlocking.str1.4
                0x00006ce0       0x5d ./drivers/fsl_lpspi.o
 .rodata.LPSPI_CombineWriteData.str1.4
                0x00006ce0       0x3d ./drivers/fsl_lpspi.o
 .rodata.LPSPI_SeparateReadData.str1.4
                0x00006ce0       0x3d ./drivers/fsl_lpspi.o
 .rodata.s_lpuartBases
                0x00006ce0       0x28 ./drivers/fsl_lpuart.o
 .rodata.LPUART_GetInstance.str1.4
                0x00006d08       0x38 ./drivers/fsl_lpuart.o
 .rodata.LPUART_Init.str1.4
                0x00006d08      0x10a ./drivers/fsl_lpuart.o
 .rodata.LPUART_GetDefaultConfig.str1.4
                0x00006d08       0x22 ./drivers/fsl_lpuart.o
 .rodata.LPUART_WriteBlocking.str1.4
                0x00006d08       0x21 ./drivers/fsl_lpuart.o
 .rodata.LPUART_ReadBlocking.str1.4
                0x00006d08       0x21 ./drivers/fsl_lpuart.o
 .rodata.RESET_ClearPeripheralReset.str1.4
                0x00006d08       0x1e ./drivers/fsl_reset.o
 .rodata.SPC_SetSRAMOperateVoltage.str1.4
                0x00006d08       0x1f ./drivers/fsl_spc.o
 .rodata.SPC_SetActiveModeCoreLDORegulatorConfig.str1.4
                0x00006d08       0x1f ./drivers/fsl_spc.o
 .rodata.SPC_SetActiveModeDCDCRegulatorConfig.str1.4
                0x00006d08       0x20 ./drivers/fsl_spc.o
 .rodata.s_LpuartAdapterBase
                0x00006d08       0x28 ./component/uart/fsl_adapter_lpuart.o
 .rodata.HAL_UartInit.str1.4
                0x00006d30      0x116 ./component/uart/fsl_adapter_lpuart.o
 .rodata.HAL_UartReceiveBlocking.str1.4
                0x00006d30       0x7b ./component/uart/fsl_adapter_lpuart.o
 .rodata.HAL_UartSendBlocking.str1.4
                0x00006d30       0x7b ./component/uart/fsl_adapter_lpuart.o
 .rodata        0x00006d30       0x22 ./board/clock_config.o
 .rodata.PORT_SetPinConfig.str1.4
                0x00006d52       0x95 ./board/pin_mux.o
 *fill*         0x00006d52        0x2 ff
 .rodata.__num_Ciob_streams
                0x00006d54        0x4 /Applications/MCUXpressoIDE_25.6.136/ide/plugins/com.nxp.mcuxpresso.tools.macosx_25.6.0.202501151204/tools/bin/../lib/gcc/arm-none-eabi/14.2.1/../../../../arm-none-eabi/lib/thumb/v8-m.main+fp/hard/libcr_nohost_nf.a(__ciob.o)
                0x00006d54                __num_Ciob_streams
 .rodata._initio.str1.1
                0x00006d58        0x4 /Applications/MCUXpressoIDE_25.6.136/ide/plugins/com.nxp.mcuxpresso.tools.macosx_25.6.0.202501151204/tools/bin/../lib/gcc/arm-none-eabi/14.2.1/../../../../arm-none-eabi/lib/thumb/v8-m.main+fp/hard/libcr_c.a(initio.o)
                0x00006d5c                        . = ALIGN (0x4)

.glue_7         0x00006d5c        0x0
 .glue_7        0x00006d5c        0x0 linker stubs

.glue_7t        0x00006d5c        0x0
 .glue_7t       0x00006d5c        0x0 linker stubs

.vfp11_veneer   0x00006d5c        0x0
 .vfp11_veneer  0x00006d5c        0x0 linker stubs

.v4_bx          0x00006d5c        0x0
 .v4_bx         0x00006d5c        0x0 linker stubs

.iplt           0x00006d5c        0x0
 .iplt          0x00006d5c        0x0 ./utilities/debug_console_lite/fsl_debug_console.o

.rel.dyn        0x00006d5c        0x0
 .rel.iplt      0x00006d5c        0x0 ./utilities/debug_console_lite/fsl_debug_console.o

.ARM.extab
 *(SORT_BY_ALIGNMENT(.ARM.extab*) SORT_BY_ALIGNMENT(.gnu.linkonce.armextab.*))

.ARM.exidx      0x00006d5c        0x0
                0x00006d5c                        __exidx_start = .
 *(SORT_BY_ALIGNMENT(.ARM.exidx*) SORT_BY_ALIGNMENT(.gnu.linkonce.armexidx.*))
                0x00006d5c                        __exidx_end = .
                0x00006d5c                        _etext = .

.m_usb_data
 *(SORT_BY_ALIGNMENT(m_usb_global))

.data_RAM2      0x04000000        0x0 load address 0x00006d5c
 FILL mask 0xff
                [!provide]                        PROVIDE (__start_data_RAM2 = .)
                [!provide]                        PROVIDE (__start_data_SRAMX = .)
 *(SORT_BY_ALIGNMENT(.ramfunc.$RAM2))
 *(SORT_BY_ALIGNMENT(.ramfunc.$SRAMX))
 *(SORT_BY_ALIGNMENT(.data.$RAM2))
 *(SORT_BY_ALIGNMENT(.data.$SRAMX))
 *(SORT_BY_ALIGNMENT(.data.$RAM2.*))
 *(SORT_BY_ALIGNMENT(.data.$SRAMX.*))
                0x04000000                        . = ALIGN (0x4)
                [!provide]                        PROVIDE (__end_data_RAM2 = .)
                [!provide]                        PROVIDE (__end_data_SRAMX = .)

.data_RAM3      0x20060000        0x0 load address 0x00006d5c
 FILL mask 0xff
                [!provide]                        PROVIDE (__start_data_RAM3 = .)
                [!provide]                        PROVIDE (__start_data_SRAMH = .)
 *(SORT_BY_ALIGNMENT(.ramfunc.$RAM3))
 *(SORT_BY_ALIGNMENT(.ramfunc.$SRAMH))
 *(SORT_BY_ALIGNMENT(.data.$RAM3))
 *(SORT_BY_ALIGNMENT(.data.$SRAMH))
 *(SORT_BY_ALIGNMENT(.data.$RAM3.*))
 *(SORT_BY_ALIGNMENT(.data.$SRAMH.*))
                0x20060000                        . = ALIGN (0x4)
                [!provide]                        PROVIDE (__end_data_RAM3 = .)
                [!provide]                        PROVIDE (__end_data_SRAMH = .)

.data_RAM4      0x400ba000        0x0 load address 0x00006d5c
 FILL mask 0xff
                [!provide]                        PROVIDE (__start_data_RAM4 = .)
                [!provide]                        PROVIDE (__start_data_USB_RAM = .)
 *(SORT_BY_ALIGNMENT(.ramfunc.$RAM4))
 *(SORT_BY_ALIGNMENT(.ramfunc.$USB_RAM))
 *(SORT_BY_ALIGNMENT(.data.$RAM4))
 *(SORT_BY_ALIGNMENT(.data.$USB_RAM))
 *(SORT_BY_ALIGNMENT(.data.$RAM4.*))
 *(SORT_BY_ALIGNMENT(.data.$USB_RAM.*))
                0x400ba000                        . = ALIGN (0x4)
                [!provide]                        PROVIDE (__end_data_RAM4 = .)
                [!provide]                        PROVIDE (__end_data_USB_RAM = .)

.uninit_RESERVED
                0x20000000        0x0
                0x20000000                        _start_uninit_RESERVED = .
 *(SORT_BY_ALIGNMENT(.bss.$RESERVED*))
                0x20000000                        . = ALIGN (0x4)
                0x20000000                        _end_uninit_RESERVED = .

.data           0x20000000        0xc load address 0x00006d5c
 FILL mask 0xff
                0x20000000                        _data = .
                [!provide]                        PROVIDE (__start_data_RAM = .)
                [!provide]                        PROVIDE (__start_data_SRAM = .)
 *(SORT_BY_ALIGNMENT(vtable))
 *(SORT_BY_ALIGNMENT(.ramfunc*))
 *(SORT_BY_ALIGNMENT(CodeQuickAccess))
 *(SORT_BY_ALIGNMENT(DataQuickAccess))
 *(SORT_BY_ALIGNMENT(RamFunction))
 *(SORT_BY_ALIGNMENT(.data*))
 .data.s_Ext_Clk_Freq
                0x20000000        0x4 ./drivers/fsl_clock.o
 .data.s_Xtal32_Freq
                0x20000004        0x4 ./drivers/fsl_clock.o
 .data.SystemCoreClock
                0x20000008        0x4 ./device/system_MCXN947_cm33_core0.o
                0x20000008                SystemCoreClock
                0x2000000c                        . = ALIGN (0x4)
                0x2000000c                        _edata = .
                [!provide]                        PROVIDE (__end_data_RAM = .)
                [!provide]                        PROVIDE (__end_data_SRAM = .)

.igot.plt       0x2000000c        0x0 load address 0x00006d68
 .igot.plt      0x2000000c        0x0 ./utilities/debug_console_lite/fsl_debug_console.o

.bss_RAM2       0x04000000        0x0
                [!provide]                        PROVIDE (__start_bss_RAM2 = .)
                [!provide]                        PROVIDE (__start_bss_SRAMX = .)
 *(SORT_BY_ALIGNMENT(.bss.$RAM2))
 *(SORT_BY_ALIGNMENT(.bss.$SRAMX))
 *(SORT_BY_ALIGNMENT(.bss.$RAM2.*))
 *(SORT_BY_ALIGNMENT(.bss.$SRAMX.*))
                0x04000000                        . = ALIGN ((. != 0x0)?0x4:0x1)
                [!provide]                        PROVIDE (__end_bss_RAM2 = .)
                [!provide]                        PROVIDE (__end_bss_SRAMX = .)

.bss_RAM3       0x20060000        0x0
                [!provide]                        PROVIDE (__start_bss_RAM3 = .)
                [!provide]                        PROVIDE (__start_bss_SRAMH = .)
 *(SORT_BY_ALIGNMENT(.bss.$RAM3))
 *(SORT_BY_ALIGNMENT(.bss.$SRAMH))
 *(SORT_BY_ALIGNMENT(.bss.$RAM3.*))
 *(SORT_BY_ALIGNMENT(.bss.$SRAMH.*))
                0x20060000                        . = ALIGN ((. != 0x0)?0x4:0x1)
                [!provide]                        PROVIDE (__end_bss_RAM3 = .)
                [!provide]                        PROVIDE (__end_bss_SRAMH = .)

.bss_RAM4       0x400ba000        0x0
                [!provide]                        PROVIDE (__start_bss_RAM4 = .)
                [!provide]                        PROVIDE (__start_bss_USB_RAM = .)
 *(SORT_BY_ALIGNMENT(.bss.$RAM4))
 *(SORT_BY_ALIGNMENT(.bss.$USB_RAM))
 *(SORT_BY_ALIGNMENT(.bss.$RAM4.*))
 *(SORT_BY_ALIGNMENT(.bss.$USB_RAM.*))
                0x400ba000                        . = ALIGN ((. != 0x0)?0x4:0x1)
                [!provide]                        PROVIDE (__end_bss_RAM4 = .)
                [!provide]                        PROVIDE (__end_bss_USB_RAM = .)

.bss            0x2000000c      0x2c8
                0x2000000c                        _bss = .
                [!provide]                        PROVIDE (__start_bss_RAM = .)
                [!provide]                        PROVIDE (__start_bss_SRAM = .)
 *(SORT_BY_ALIGNMENT(.bss*))
 .bss.s_debugConsole
                0x2000000c       0x14 ./utilities/debug_console_lite/fsl_debug_console.o
 .bss.masterConfig
                0x20000020       0x20 ./source/cmsis_lpspi_edma_b2b_transfer_master.o
 .bss.spiTransfer
                0x20000040       0x10 ./source/cmsis_lpspi_edma_b2b_transfer_master.o
 .bss.s_EDMAHandle
                0x20000050       0x80 ./drivers/fsl_edma.o
 .bss.s_lpflexcommIrqHandler
                0x200000d0       0xa0 ./drivers/fsl_lpflexcomm.o
 .bss.s_lpflexcommHandle
                0x20000170       0xa0 ./drivers/fsl_lpflexcomm.o
 .bss.g_lpspiDummyData
                0x20000210        0xa ./drivers/fsl_lpspi.o
                0x20000210                g_lpspiDummyData
 *fill*         0x2000021a        0x2 
 .bss.errno     0x2000021c        0x4 /Applications/MCUXpressoIDE_25.6.136/ide/plugins/com.nxp.mcuxpresso.tools.macosx_25.6.0.202501151204/tools/bin/../lib/gcc/arm-none-eabi/14.2.1/../../../../arm-none-eabi/lib/thumb/v8-m.main+fp/hard/libcr_c.a(errno.o)
                0x2000021c                errno
 .bss.__Ciob    0x20000220       0xb4 /Applications/MCUXpressoIDE_25.6.136/ide/plugins/com.nxp.mcuxpresso.tools.macosx_25.6.0.202501151204/tools/bin/../lib/gcc/arm-none-eabi/14.2.1/../../../../arm-none-eabi/lib/thumb/v8-m.main+fp/hard/libcr_nohost_nf.a(__ciob.o)
                0x20000220                __Ciob
 *(SORT_BY_ALIGNMENT(COMMON))
                0x200002d4                        . = ALIGN (0x4)
                0x200002d4                        _ebss = .
                [!provide]                        PROVIDE (__end_bss_RAM = .)
                [!provide]                        PROVIDE (__end_bss_SRAM = .)
                [!provide]                        PROVIDE (end = .)

.noinit_RAM2    0x04000000        0x0
                [!provide]                        PROVIDE (__start_noinit_RAM2 = .)
                [!provide]                        PROVIDE (__start_noinit_SRAMX = .)
 *(SORT_BY_ALIGNMENT(.noinit.$RAM2))
 *(SORT_BY_ALIGNMENT(.noinit.$SRAMX))
 *(SORT_BY_ALIGNMENT(.noinit.$RAM2.*))
 *(SORT_BY_ALIGNMENT(.noinit.$SRAMX.*))
                0x04000000                        . = ALIGN (0x4)
                [!provide]                        PROVIDE (__end_noinit_RAM2 = .)
                [!provide]                        PROVIDE (__end_noinit_SRAMX = .)

.noinit_RAM3    0x20060000        0x0
                [!provide]                        PROVIDE (__start_noinit_RAM3 = .)
                [!provide]                        PROVIDE (__start_noinit_SRAMH = .)
 *(SORT_BY_ALIGNMENT(.noinit.$RAM3))
 *(SORT_BY_ALIGNMENT(.noinit.$SRAMH))
 *(SORT_BY_ALIGNMENT(.noinit.$RAM3.*))
 *(SORT_BY_ALIGNMENT(.noinit.$SRAMH.*))
                0x20060000                        . = ALIGN (0x4)
                [!provide]                        PROVIDE (__end_noinit_RAM3 = .)
                [!provide]                        PROVIDE (__end_noinit_SRAMH = .)

.noinit_RAM4    0x400ba000        0x0
                [!provide]                        PROVIDE (__start_noinit_RAM4 = .)
                [!provide]                        PROVIDE (__start_noinit_USB_RAM = .)
 *(SORT_BY_ALIGNMENT(.noinit.$RAM4))
 *(SORT_BY_ALIGNMENT(.noinit.$USB_RAM))
 *(SORT_BY_ALIGNMENT(.noinit.$RAM4.*))
 *(SORT_BY_ALIGNMENT(.noinit.$USB_RAM.*))
                0x400ba000                        . = ALIGN (0x4)
                [!provide]                        PROVIDE (__end_noinit_RAM4 = .)
                [!provide]                        PROVIDE (__end_noinit_USB_RAM = .)

.noinit         0x200002d4        0x0
                0x200002d4                        _noinit = .
                [!provide]                        PROVIDE (__start_noinit_RAM = .)
                [!provide]                        PROVIDE (__start_noinit_SRAM = .)
 *(SORT_BY_ALIGNMENT(.noinit*))
                0x200002d4                        . = ALIGN (0x4)
                0x200002d4                        _end_noinit = .
                [!provide]                        PROVIDE (__end_noinit_RAM = .)
                [!provide]                        PROVIDE (__end_noinit_SRAM = .)
                0x00001000                        _HeapSize = 0x1000

.heap           0x200002d4     0x1000
                0x200002d4                        _pvHeapStart = .
                0x200012d4                        . = (. + _HeapSize)
 *fill*         0x200002d4     0x1000 
                0x200012d4                        . = ALIGN (0x4)
                0x200012d4                        _pvHeapLimit = .
                0x00001000                        _StackSize = 0x1000

.heap2stackfill
                0x200012d4     0x1000
                0x200022d4                        . = (. + _StackSize)
 *fill*         0x200012d4     0x1000 

.stack          0x2005f000        0x0
                0x2005f000                        _vStackBase = .
                0x2005f000                        . = ALIGN (0x4)
                0x20060000                        _vStackTop = (. + _StackSize)
                0x00000000                        _image_start = LOADADDR (.text)