../drivers/fsl_gpio.c:130:13:GPIO_PortClockEnable	8	static
../drivers/fsl_gpio.c:157:6:GPIO_PortInit	0	static
../drivers/fsl_gpio.c:173:6:GPIO_PortDenit	0	static
../drivers/fsl_gpio.c:204:6:GPIO_PinInit	16	static
../drivers/fsl_gpio.c:226:6:GPIO_GetVersionInfo	0	static
../drivers/fsl_gpio.c:267:10:GPIO_GpioGetInterruptFlags	0	static
../drivers/fsl_gpio.c:281:10:GPIO_GpioGetInterruptChannelFlags	0	static
../drivers/fsl_gpio.c:294:9:GPIO_PinGetInterruptFlag	0	static
../drivers/fsl_gpio.c:323:6:GPIO_GpioClearInterruptFlags	0	static
../drivers/fsl_gpio.c:335:6:GPIO_GpioClearInterruptChannelFlags	0	static
../drivers/fsl_gpio.c:347:6:GPIO_PinClearInterruptFlag	0	static
