../drivers/fsl_clock.c:2356:17:CLOCK_GetFro12MFreq	0	static
../drivers/fsl_clock.c:2398:17:CLOCK_GetClk48MFreq	0	static
../drivers/fsl_clock.c:2416:17:CLOCK_GetClk16KFreq	0	static
../drivers/fsl_clock.c:2427:17:CLOCK_GetExtClkFreq	0	static
../drivers/fsl_clock.c:2374:17:CLOCK_GetFroHfFreq	0	static
../drivers/fsl_clock.c:2436:17:CLOCK_GetOsc32KFreq	0	static
../drivers/fsl_clock.c:2567:17:CLOCK_GetLposcFreq	0	static
../drivers/fsl_clock.c:145:10:CLOCK_SetupFROHFClocking	0	static
../drivers/fsl_clock.c:179:10:CLOCK_SetupExtClocking	0	static
../drivers/fsl_clock.c:253:10:CLOCK_SetupExtRefClocking	0	static
../drivers/fsl_clock.c:330:10:CLOCK_SetupOsc32KClocking	0	static
../drivers/fsl_clock.c:383:6:CLOCK_GetDefaultOsc32KConfig	0	static
../drivers/fsl_clock.c:404:10:CLOCK_SetupOsc32KClockingConfig	16	static
../drivers/fsl_clock.c:456:10:CLOCK_SetupClk16KClocking	0	static
../drivers/fsl_clock.c:474:10:CLOCK_FROHFTrimConfig	8	static
../drivers/fsl_clock.c:509:10:CLOCK_FRO12MTrimConfig	8	static
../drivers/fsl_clock.c:548:6:CLOCK_SetSysOscMonitorMode	0	static
../drivers/fsl_clock.c:567:6:CLOCK_SetRoscMonitorMode	0	static
../drivers/fsl_clock.c:586:6:CLOCK_SetUpllMonitorMode	0	static
../drivers/fsl_clock.c:605:6:CLOCK_SetPll0MonitorMode	0	static
../drivers/fsl_clock.c:624:6:CLOCK_SetPll1MonitorMode	0	static
../drivers/fsl_clock.c:642:10:CLOCK_SetFLASHAccessCyclesForFreq	0	static
../drivers/fsl_clock.c:728:6:VBAT_SetOscConfig	8	static
../drivers/fsl_clock.c:773:6:CLOCK_AttachClk	12	static
../drivers/fsl_clock.c:822:19:CLOCK_GetClockAttachId	16	static
../drivers/fsl_clock.c:871:6:CLOCK_SetClkDiv	0	static
../drivers/fsl_clock.c:895:10:CLOCK_GetClkDiv	0	static
../drivers/fsl_clock.c:920:6:CLOCK_HaltClkDiv	0	static
../drivers/fsl_clock.c:938:6:CLOCK_SetupClockCtrl	0	static
../drivers/fsl_clock.c:1244:10:CLOCK_GetTsiClkFreq	8	static
../drivers/fsl_clock.c:1448:10:CLOCK_GetExtUpllFreq	0	static
../drivers/fsl_clock.c:1462:6:CLOCK_SetExtUpllFreq	0	static
../drivers/fsl_clock.c:1554:10:CLOCK_GetI3cSClkFreq	0	static
../drivers/fsl_clock.c:1783:6:CLOCK_SetupEnetTxClk	0	static
../drivers/fsl_clock.c:1794:10:CLOCK_GetEnetTxClkFreq	0	static
../drivers/fsl_clock.c:1803:10:CLOCK_GetEwm0ClkFreq	0	static
../drivers/fsl_clock.c:1827:10:CLOCK_GetWdtClkFreq	8	static
../drivers/fsl_clock.c:1868:10:CLOCK_GetOstimerClkFreq	0	static
../drivers/fsl_clock.c:2011:6:CLOCK_SetupSaiMclk	0	static
../drivers/fsl_clock.c:2022:6:CLOCK_SetupSaiTxBclk	0	static
../drivers/fsl_clock.c:2033:6:CLOCK_SetupSaiRxBclk	0	static
../drivers/fsl_clock.c:2044:10:CLOCK_GetSaiMclkFreq	0	static
../drivers/fsl_clock.c:2053:10:CLOCK_GetSaiTxBclkFreq	0	static
../drivers/fsl_clock.c:2062:10:CLOCK_GetSaiRxBclkFreq	0	static
../drivers/fsl_clock.c:2108:10:CLOCK_GetPLL0InClockRate	16	static
../drivers/fsl_clock.c:1365:10:CLOCK_GetPll0OutFreq	32	static
../drivers/fsl_clock.c:2132:10:CLOCK_GetPLL1InClockRate	0	static
../drivers/fsl_clock.c:1393:10:CLOCK_GetPll1OutFreq	16	static
../drivers/fsl_clock.c:1038:10:CLOCK_GetCTimerClkFreq	8	static
../drivers/fsl_clock.c:1092:10:CLOCK_GetAdcClkFreq	8	static
../drivers/fsl_clock.c:1132:10:CLOCK_GetUsb0ClkFreq	8	static
../drivers/fsl_clock.c:1205:10:CLOCK_GetSctClkFreq	8	static
../drivers/fsl_clock.c:1268:10:CLOCK_GetSincFilterClkFreq	8	static
../drivers/fsl_clock.c:1303:10:CLOCK_GetDacClkFreq	8	static
../drivers/fsl_clock.c:1336:10:CLOCK_GetFlexspiClkFreq	8	static
../drivers/fsl_clock.c:1421:10:CLOCK_GetPllClkDivFreq	8	static
../drivers/fsl_clock.c:1169:10:CLOCK_GetLPFlexCommClkFreq	8	static
../drivers/fsl_clock.c:1471:10:CLOCK_GetI3cClkFreq	8	static
../drivers/fsl_clock.c:1507:10:CLOCK_GetI3cSTCClkFreq	8	static
../drivers/fsl_clock.c:1579:10:CLOCK_GetMicfilClkFreq	8	static
../drivers/fsl_clock.c:1620:10:CLOCK_GetUsdhcClkFreq	8	static
../drivers/fsl_clock.c:1655:10:CLOCK_GetFlexioClkFreq	8	static
../drivers/fsl_clock.c:1690:10:CLOCK_GetFlexcanClkFreq	8	static
../drivers/fsl_clock.c:1726:10:CLOCK_GetEnetRmiiClkFreq	8	static
../drivers/fsl_clock.c:1753:10:CLOCK_GetEnetPtpRefClkFreq	8	static
../drivers/fsl_clock.c:1895:10:CLOCK_GetCmpFClkFreq	8	static
../drivers/fsl_clock.c:1935:10:CLOCK_GetCmpRRClkFreq	8	static
../drivers/fsl_clock.c:1975:10:CLOCK_GetSaiClkFreq	8	static
../drivers/fsl_clock.c:2071:10:CLOCK_GetEmvsimClkFreq	8	static
../drivers/fsl_clock.c:2160:10:CLOCK_GetPLLOutFromSetup	24	static
../drivers/fsl_clock.c:2188:13:CLOCK_SetupPLLData	56	static
../drivers/fsl_clock.c:2239:13:CLOCK_SetPLL0Freq	8	static
../drivers/fsl_clock.c:2297:13:CLOCK_SetPLL1Freq	8	static
../drivers/fsl_clock.c:2347:6:CLOCK_EnableOstimer32kClock	0	static
../drivers/fsl_clock.c:2447:10:CLOCK_GetMainClkFreq	16	static
../drivers/fsl_clock.c:2499:17:CLOCK_GetSystickClkFreq	8	static
../drivers/fsl_clock.c:2486:10:CLOCK_GetCoreSysClkFreq	16	static
../drivers/fsl_clock.c:949:10:CLOCK_GetFreq	8	static
../drivers/fsl_clock.c:3097:6:CLOCK_EnableUsbfsClock	0	static
../drivers/fsl_clock.c:3118:6:CLOCK_EnableUsbhsPhyPllClock	0	static
../drivers/fsl_clock.c:3206:6:CLOCK_DisableUsbhsPhyPllClock	0	static
../drivers/fsl_clock.c:3215:6:CLOCK_EnableUsbhsClock	0	static
../drivers/fsl_clock.c:3230:10:CLOCK_FIRCAutoTrimWithSOF	16	static
