../drivers/fsl_lpspi.h:622:24:LPSPI_GetTcr	8	static
../drivers/fsl_lpspi_cmsis.c:448:27:LPSPIx_GetVersion	8	static
../drivers/fsl_lpspi_cmsis.c:453:29:LPSPIx_GetCapabilities	0	static
../drivers/fsl_lpspi_cmsis.c:949:13:KSDK_LPSPI_MasterInterruptCallback	0	static
../drivers/fsl_lpspi_cmsis.c:975:13:KSDK_LPSPI_SlaveInterruptCallback	0	static
../drivers/fsl_lpspi_cmsis.c:2539:16:LPSPI6_InterruptUninitialize	0	static
../drivers/fsl_lpspi_cmsis.c:2577:23:LPSPI6_InterruptGetStatus	0	static
../drivers/fsl_lpspi_cmsis.c:2567:17:LPSPI6_InterruptGetCount	16	static
../drivers/fsl_lpspi_cmsis.c:2562:16:LPSPI6_InterruptTransfer	40	static
../drivers/fsl_lpspi_cmsis.c:2557:16:LPSPI6_InterruptReceive	40	static
../drivers/fsl_lpspi_cmsis.c:2552:16:LPSPI6_InterruptSend	40	static
../drivers/fsl_lpspi_cmsis.c:2547:16:LPSPI6_InterruptPowerControl	8	static
../drivers/fsl_lpspi_cmsis.c:2572:16:LPSPI6_InterruptControl	72	static
../drivers/fsl_lpspi_cmsis.c:2531:16:LPSPI6_InterruptInitialize	0	static
