../drivers/fsl_clock.h:1492:20:CLOCK_EnableClock	0	static
../drivers/fsl_lpspi.h:622:24:LPSPI_GetTcr	8	static
../drivers/fsl_lpspi.c:1427:13:LPSPI_MasterTransferComplete	4	static
../drivers/fsl_lpspi.c:1864:13:LPSPI_SlaveTransferComplete	4	static
../drivers/fsl_lpspi.c:2077:17:LPSPI_CombineWriteData	0	static
../drivers/fsl_lpspi.c:1359:13:LPSPI_MasterTransferFillUpTxFifo	32	static
../drivers/fsl_lpspi.c:1832:13:LPSPI_SlaveTransferFillUpTxFifo	16	static
../drivers/fsl_lpspi.c:2161:13:LPSPI_SeparateReadData	12	static
../drivers/fsl_lpspi.c:1514:6:LPSPI_MasterTransferHandleIRQ	24	static
../drivers/fsl_lpspi.c:1962:6:LPSPI_SlaveTransferHandleIRQ	24	static
../drivers/fsl_lpspi.c:2241:13:LPSPI_TxFifoReady.isra	0	static
../drivers/fsl_common_arm.h:678:24:EnableIRQ.isra	0	static
../drivers/fsl_lpspi.c:156:10:LPSPI_GetInstance	0	static
../drivers/fsl_lpspi.c:184:6:LPSPI_SetDummyData	8	static
../drivers/fsl_lpspi.c:279:6:LPSPI_MasterGetDefaultConfig	8	static
../drivers/fsl_lpspi.c:312:6:LPSPI_SlaveInit	16	static
../drivers/fsl_lpspi.c:374:6:LPSPI_SlaveGetDefaultConfig	8	static
../drivers/fsl_lpspi.c:399:6:LPSPI_Reset	0	static
../drivers/fsl_lpspi.c:415:6:LPSPI_Deinit	16	static
../drivers/fsl_lpspi.c:476:10:LPSPI_MasterSetBaudRate	48	static
../drivers/fsl_lpspi.c:588:6:LPSPI_MasterSetDelayScaler	12	static
../drivers/fsl_lpspi.c:661:10:LPSPI_MasterSetDelayTimes	56	static
../drivers/fsl_lpspi.c:197:6:LPSPI_MasterInit	40	static
../drivers/fsl_lpspi.c:785:6:LPSPI_MasterTransferCreateHandle	24	static
../drivers/fsl_lpspi.c:825:6:LPSPI_CheckTransferArgument	24	static
../drivers/fsl_lpspi.c:911:10:LPSPI_MasterTransferBlocking	72	static
../drivers/fsl_lpspi.c:1181:10:LPSPI_MasterTransferNonBlocking	48	static
../drivers/fsl_lpspi.c:1452:10:LPSPI_MasterTransferGetCount	0	static
../drivers/fsl_lpspi.c:1492:6:LPSPI_MasterTransferAbort	8	static
../drivers/fsl_lpspi.c:1647:6:LPSPI_SlaveTransferCreateHandle	24	static
../drivers/fsl_lpspi.c:1697:10:LPSPI_SlaveTransferNonBlocking	32	static
../drivers/fsl_lpspi.c:1900:10:LPSPI_SlaveTransferGetCount	0	static
../drivers/fsl_lpspi.c:1940:6:LPSPI_SlaveTransferAbort	8	static
../drivers/fsl_lpspi.c:2261:6:LPSPI_CommonIRQHandler	0	static
