../drivers/fsl_spc.c:45:35:SPC_GetPowerDomainLowPowerMode	0	static
../drivers/fsl_spc.c:65:9:SPC_GetPeriphIOIsolationStatus	0	static
../drivers/fsl_spc.c:81:6:SPC_SetLowPowerRequestConfig	0	static
../drivers/fsl_spc.c:110:6:SPC_ConfigVddCoreGlitchDetector	0	static
../drivers/fsl_spc.c:135:6:SPC_SetSRAMOperateVoltage	0	static
../drivers/fsl_spc.c:172:10:SPC_SetActiveModeBandgapModeConfig	0	static
../drivers/fsl_spc.c:248:10:SPC_SetLowPowerModeBandgapmodeConfig	0	static
../drivers/fsl_spc.c:312:6:SPC_SetCoreVoltageDetectConfig	0	static
../drivers/fsl_spc.c:342:10:SPC_EnableActiveModeCoreHighVoltageDetect	0	static
../drivers/fsl_spc.c:372:10:SPC_EnableLowPowerModeCoreHighVoltageDetect	0	static
../drivers/fsl_spc.c:402:10:SPC_EnableActiveModeCoreLowVoltageDetect	0	static
../drivers/fsl_spc.c:431:10:SPC_EnableLowPowerModeCoreLowVoltageDetect	0	static
../drivers/fsl_spc.c:458:6:SPC_SetSystemVDDLowVoltageLevel	0	static
../drivers/fsl_spc.c:485:6:SPC_SetSystemVoltageDetectConfig	0	static
../drivers/fsl_spc.c:516:10:SPC_EnableActiveModeSystemHighVoltageDetect	0	static
../drivers/fsl_spc.c:546:10:SPC_EnableActiveModeSystemLowVoltageDetect	0	static
../drivers/fsl_spc.c:576:10:SPC_EnableLowPowerModeSystemHighVoltageDetect	0	static
../drivers/fsl_spc.c:606:10:SPC_EnableLowPowerModeSystemLowVoltageDetect	0	static
../drivers/fsl_spc.c:632:6:SPC_SetIOVDDLowVoltageLevel	0	static
../drivers/fsl_spc.c:655:6:SPC_SetIOVoltageDetectConfig	16	static
../drivers/fsl_spc.c:689:10:SPC_EnableActiveModeIOHighVoltageDetect	0	static
../drivers/fsl_spc.c:719:10:SPC_EnableActiveModeIOLowVoltageDetect	0	static
../drivers/fsl_spc.c:748:10:SPC_EnableLowPowerModeIOHighVoltageDetect	0	static
../drivers/fsl_spc.c:777:10:SPC_EnableLowPowerModeIOLowVoltageDetect	0	static
../drivers/fsl_spc.c:803:6:SPC_SetExternalVoltageDomainsConfig	0	static
../drivers/fsl_spc.c:881:10:SPC_SetActiveModeCoreLDORegulatorVoltageLevel	0	static
../drivers/fsl_spc.c:919:10:SPC_SetActiveModeCoreLDORegulatorDriveStrength	0	static
../drivers/fsl_spc.c:826:10:SPC_SetActiveModeCoreLDORegulatorConfig	16	static
../drivers/fsl_spc.c:1030:10:SPC_SetLowPowerModeCoreLDORegulatorVoltageLevel	0	static
../drivers/fsl_spc.c:1065:10:SPC_SetLowPowerModeCoreLDORegulatorDriveStrength	0	static
../drivers/fsl_spc.c:964:10:SPC_SetLowPowerModeCoreLDORegulatorConfig	16	static
../drivers/fsl_spc.c:1167:10:SPC_SetActiveModeSystemLDORegulatorVoltageLevel	0	static
../drivers/fsl_spc.c:1196:10:SPC_SetActiveModeSystemLDORegulatorDriveStrength	0	static
../drivers/fsl_spc.c:1114:10:SPC_SetActiveModeSystemLDORegulatorConfig	8	static
../drivers/fsl_spc.c:1269:10:SPC_SetLowPowerModeSystemLDORegulatorDriveStrength	0	static
../drivers/fsl_spc.c:1239:10:SPC_SetLowPowerModeSystemLDORegulatorConfig	0	static
../drivers/fsl_spc.c:1350:10:SPC_SetActiveModeDCDCRegulatorDriveStrength	0	static
../drivers/fsl_spc.c:1307:10:SPC_SetActiveModeDCDCRegulatorConfig	8	static
../drivers/fsl_spc.c:1432:10:SPC_SetLowPowerModeDCDCRegulatorDriveStrength	0	static
../drivers/fsl_spc.c:1381:10:SPC_SetLowPowerModeDCDCRegulatorConfig	8	static
../drivers/fsl_spc.c:1454:6:SPC_SetDCDCBurstConfig	0	static
../drivers/fsl_spc.c:1499:6:SPC_SetDCDCRefreshCount	0	static
../drivers/fsl_spc.c:1543:10:SPC_SetActiveModeRegulatorsConfig	16	static
../drivers/fsl_spc.c:1641:10:SPC_SetLowPowerModeRegulatorsConfig	16	static
