../drivers/fsl_edma.c:79:17:EDMA_GetInstance	0	static
../drivers/fsl_edma.c:122:6:EDMA_InstallTCD	0	static
../drivers/fsl_edma.c:235:6:EDMA_Deinit	8	static
../drivers/fsl_edma.c:316:6:EDMA_GetDefaultConfig	8	static
../drivers/fsl_edma.c:412:6:EDMA_SetMinorOffsetConfig	8	static
../drivers/fsl_edma.c:437:6:EDMA_SetMajorOffsetConfig	0	static
../drivers/fsl_edma.c:454:6:EDMA_SetChannelPreemptionConfig	0	static
../drivers/fsl_edma.c:261:6:EDMA_InitChannel	16	static
../drivers/fsl_edma.c:166:6:EDMA_Init	16	static
../drivers/fsl_edma.c:516:6:EDMA_SetBandWidth	0	static
../drivers/fsl_edma.c:538:6:EDMA_SetModulo	0	static
../drivers/fsl_edma.c:557:6:EDMA_TcdResetExt	0	static
../drivers/fsl_edma.c:646:6:EDMA_ConfigChannelSoftwareTCDExt	8	static
../drivers/fsl_edma.c:605:6:EDMA_TcdSetTransferConfigExt	16	static
../drivers/fsl_edma.c:386:6:EDMA_SetTransferConfig	4	static
../drivers/fsl_edma.c:756:6:EDMA_TcdSetMinorOffsetConfigExt	0	static
../drivers/fsl_edma.c:781:6:EDMA_TcdSetMajorOffsetConfigExt	0	static
../drivers/fsl_edma.c:806:6:EDMA_TcdSetChannelLinkExt	0	static
../drivers/fsl_edma.c:493:6:EDMA_SetChannelLink	4	static
../drivers/fsl_edma.c:857:6:EDMA_TcdSetModuloExt	0	static
../drivers/fsl_edma.c:876:6:EDMA_TcdEnableInterruptsExt	0	static
../drivers/fsl_edma.c:901:6:EDMA_TcdDisableInterruptsExt	0	static
../drivers/fsl_edma.c:929:6:EDMA_TcdReset	0	static
../drivers/fsl_edma.c:1017:6:EDMA_ConfigChannelSoftwareTCD	8	static
../drivers/fsl_edma.c:978:6:EDMA_TcdSetTransferConfig	16	static
../drivers/fsl_edma.c:1129:6:EDMA_TcdSetMinorOffsetConfig	0	static
../drivers/fsl_edma.c:1155:6:EDMA_TcdSetMajorOffsetConfig	0	static
../drivers/fsl_edma.c:1181:6:EDMA_TcdSetChannelLink	0	static
../drivers/fsl_edma.c:1233:6:EDMA_TcdSetModulo	0	static
../drivers/fsl_edma.c:1253:6:EDMA_TcdEnableInterrupts	0	static
../drivers/fsl_edma.c:1280:6:EDMA_TcdDisableInterrupts	0	static
../drivers/fsl_edma.c:1318:10:EDMA_GetRemainingMajorLoopCount	0	static
../drivers/fsl_edma.c:1349:6:EDMA_EnableChannelInterrupts	12	static
../drivers/fsl_edma.c:1380:6:EDMA_DisableChannelInterrupts	12	static
../drivers/fsl_edma.c:1411:10:EDMA_GetChannelStatusFlags	0	static
../drivers/fsl_edma.c:1435:6:EDMA_ClearChannelStatusFlags	12	static
../drivers/fsl_edma.c:351:6:EDMA_ResetChannel	16	static
../drivers/fsl_edma.c:1467:6:EDMA_CreateHandle	16	static
../drivers/fsl_edma.c:1524:6:EDMA_InstallTCDMemory	0	static
../drivers/fsl_edma.c:1555:6:EDMA_SetCallback	0	static
../drivers/fsl_edma.c:1639:6:EDMA_PrepareTransferConfig	24	static
../drivers/fsl_edma.c:1710:6:EDMA_PrepareTransfer	48	static
../drivers/fsl_edma.c:1772:6:EDMA_PrepareTransferTCD	24	static
../drivers/fsl_edma.c:1922:10:EDMA_SubmitTransferTCD	40	static
../drivers/fsl_edma.c:2111:10:EDMA_SubmitTransfer	40	static
../drivers/fsl_edma.c:2306:10:EDMA_SubmitLoopTransfer	40	static
../drivers/fsl_edma.c:2385:6:EDMA_StartTransfer	0	static
../drivers/fsl_edma.c:2479:6:EDMA_StopTransfer	0	static
../drivers/fsl_edma.c:2497:6:EDMA_AbortTransfer	8	static
../drivers/fsl_edma.c:2544:6:EDMA_HandleIRQ	24	static
../drivers/fsl_edma.c:2676:6:EDMA_DriverIRQHandler	0	static
