../drivers/fsl_lpuart.c:207:13:LPUART_ReadNonBlocking	8	static
../drivers/fsl_lpuart.c:117:10:LPUART_GetInstance	0	static
../drivers/fsl_lpuart.c:141:8:LPUART_TransferGetRxRingBufferLength	0	static
../drivers/fsl_lpuart.c:273:10:LPUART_Init	56	static
../drivers/fsl_lpuart.c:518:6:LPUART_Deinit	8	static
../drivers/fsl_lpuart.c:574:6:LPUART_GetDefaultConfig	8	static
../drivers/fsl_lpuart.c:619:10:LPUART_SetBaudRate	56	static
../drivers/fsl_lpuart.c:718:6:LPUART_Enable9bitMode	0	static
../drivers/fsl_lpuart.c:752:6:LPUART_SendAddress	0	static
../drivers/fsl_lpuart.c:774:6:LPUART_EnableInterrupts	8	static
../drivers/fsl_lpuart.c:834:6:LPUART_DisableInterrupts	8	static
../drivers/fsl_lpuart.c:901:10:LPUART_GetEnabledInterrupts	12	static
../drivers/fsl_lpuart.c:948:10:LPUART_GetStatusFlags	0	static
../drivers/fsl_lpuart.c:1892:6:LPUART_TransferHandleIRQ	32	static
../drivers/fsl_lpuart.c:988:10:LPUART_ClearStatusFlags	8	static
../drivers/fsl_lpuart.c:1047:10:LPUART_WriteBlocking	0	static
../drivers/fsl_lpuart.c:1108:10:LPUART_WriteBlocking16bit	0	static
../drivers/fsl_lpuart.c:1173:10:LPUART_ReadBlocking	32	static
../drivers/fsl_lpuart.c:1290:10:LPUART_ReadBlocking16bit	24	static
../drivers/fsl_lpuart.c:1406:6:LPUART_TransferCreateHandle	24	static
../drivers/fsl_lpuart.c:1466:6:LPUART_TransferStartRingBuffer	0	static
../drivers/fsl_lpuart.c:1502:6:LPUART_TransferStopRingBuffer	0	static
../drivers/fsl_lpuart.c:1540:10:LPUART_TransferSendNonBlocking	8	static
../drivers/fsl_lpuart.c:1590:6:LPUART_TransferAbortSend	0	static
../drivers/fsl_lpuart.c:1615:10:LPUART_TransferGetSendCount	8	static
../drivers/fsl_lpuart.c:1673:10:LPUART_TransferReceiveNonBlocking	32	static
../drivers/fsl_lpuart.c:1833:6:LPUART_TransferAbortReceive	0	static
../drivers/fsl_lpuart.c:1864:10:LPUART_TransferGetReceiveCount	0	static
../drivers/fsl_lpuart.c:2186:6:LPUART_TransferHandleErrorIRQ	0	static
