../drivers/fsl_lpspi.h:622:24:LPSPI_GetTcr	8	static
../drivers/fsl_lpspi_edma.c:77:29:getEdmaTransferSize	0	static
../drivers/fsl_lpspi_edma.c:102:17:getRegAddrOffset	0	static
../drivers/fsl_lpspi_edma.c:608:13:EDMA_LpspiMasterCallback	4	static
../drivers/fsl_lpspi_edma.c:1078:13:EDMA_LpspiSlaveCallback	4	static
../drivers/fsl_lpspi_edma.c:149:6:LPSPI_MasterTransferCreateHandleEDMA	24	static
../drivers/fsl_lpspi_edma.c:196:10:LPSPI_MasterTransferPrepareEDMALite	32	static
../drivers/fsl_lpspi_edma.c:259:10:LPSPI_MasterTransferEDMALite	208	static
../drivers/fsl_lpspi_edma.c:597:10:LPSPI_MasterTransferEDMA	16	static
../drivers/fsl_lpspi_edma.c:647:6:LPSPI_MasterTransferAbortEDMA	8	static
../drivers/fsl_lpspi_edma.c:669:10:LPSPI_MasterTransferGetCountEDMA	16	static
../drivers/fsl_lpspi_edma.c:716:6:LPSPI_SlaveTransferCreateHandleEDMA	24	static
../drivers/fsl_lpspi_edma.c:759:10:LPSPI_SlaveTransferEDMA	208	static
../drivers/fsl_lpspi_edma.c:1117:6:LPSPI_SlaveTransferAbortEDMA	8	static
../drivers/fsl_lpspi_edma.c:1139:10:LPSPI_SlaveTransferGetCountEDMA	16	static
